2025-09-20 04:08:08 |     INFO | setup_logging:84 | ================================================================================
2025-09-20 04:08:08 |     INFO | setup_logging:85 | 🚀 Starting experiment: mnist_fully_cnn_smaller_12k_params
2025-09-20 04:08:08 |     INFO | setup_logging:86 | 📁 Experiment directory: logs/mnist_fully_cnn_smaller_12k_params
2025-09-20 04:08:08 |     INFO | setup_logging:87 | 💾 Log file: logs/mnist_fully_cnn_smaller_12k_params/training.log
2025-09-20 04:08:08 |     INFO | setup_logging:88 | ================================================================================
2025-09-20 04:08:09 |     INFO | log_model_info:98 | 📋 Detailed Model Summary:
2025-09-20 04:08:09 |     INFO | log_model_info:99 | ------------------------------------------------------------
2025-09-20 04:08:09 |     INFO | log_model_info:112 |    ==========================================================================================
2025-09-20 04:08:09 |     INFO | log_model_info:112 |    Layer (type:depth-idx)                   Output Shape              Param #
2025-09-20 04:08:09 |     INFO | log_model_info:112 |    ==========================================================================================
2025-09-20 04:08:09 |     INFO | log_model_info:112 |    ├─Sequential: 1-1                        [-1, 16, 14, 14]          --
2025-09-20 04:08:09 |     INFO | log_model_info:112 |    |    └─Conv2d: 2-1                       [-1, 8, 28, 28]           80
2025-09-20 04:08:09 |     INFO | log_model_info:112 |    |    └─ReLU: 2-2                         [-1, 8, 28, 28]           --
2025-09-20 04:08:09 |     INFO | log_model_info:112 |    |    └─BatchNorm2d: 2-3                  [-1, 8, 28, 28]           16
2025-09-20 04:08:09 |     INFO | log_model_info:112 |    |    └─Conv2d: 2-4                       [-1, 16, 28, 28]          1,168
2025-09-20 04:08:09 |     INFO | log_model_info:112 |    |    └─ReLU: 2-5                         [-1, 16, 28, 28]          --
2025-09-20 04:08:09 |     INFO | log_model_info:112 |    |    └─BatchNorm2d: 2-6                  [-1, 16, 28, 28]          32
2025-09-20 04:08:09 |     INFO | log_model_info:112 |    |    └─Dropout: 2-7                      [-1, 16, 28, 28]          --
2025-09-20 04:08:09 |     INFO | log_model_info:112 |    |    └─MaxPool2d: 2-8                    [-1, 16, 14, 14]          --
2025-09-20 04:08:09 |     INFO | log_model_info:112 |    ├─Sequential: 1-2                        [-1, 16, 7, 7]            --
2025-09-20 04:08:09 |     INFO | log_model_info:112 |    |    └─Conv2d: 2-9                       [-1, 16, 14, 14]          2,320
2025-09-20 04:08:09 |     INFO | log_model_info:112 |    |    └─ReLU: 2-10                        [-1, 16, 14, 14]          --
2025-09-20 04:08:09 |     INFO | log_model_info:112 |    |    └─BatchNorm2d: 2-11                 [-1, 16, 14, 14]          32
2025-09-20 04:08:09 |     INFO | log_model_info:112 |    |    └─Conv2d: 2-12                      [-1, 16, 14, 14]          2,320
2025-09-20 04:08:09 |     INFO | log_model_info:112 |    |    └─ReLU: 2-13                        [-1, 16, 14, 14]          --
2025-09-20 04:08:09 |     INFO | log_model_info:112 |    |    └─BatchNorm2d: 2-14                 [-1, 16, 14, 14]          32
2025-09-20 04:08:09 |     INFO | log_model_info:112 |    |    └─Dropout: 2-15                     [-1, 16, 14, 14]          --
2025-09-20 04:08:09 |     INFO | log_model_info:112 |    |    └─MaxPool2d: 2-16                   [-1, 16, 7, 7]            --
2025-09-20 04:08:09 |     INFO | log_model_info:112 |    ├─Sequential: 1-3                        [-1, 16, 7, 7]            --
2025-09-20 04:08:09 |     INFO | log_model_info:112 |    |    └─Conv2d: 2-17                      [-1, 32, 7, 7]            4,640
2025-09-20 04:08:09 |     INFO | log_model_info:112 |    |    └─ReLU: 2-18                        [-1, 32, 7, 7]            --
2025-09-20 04:08:09 |     INFO | log_model_info:112 |    |    └─BatchNorm2d: 2-19                 [-1, 32, 7, 7]            64
2025-09-20 04:08:09 |     INFO | log_model_info:112 |    |    └─Dropout: 2-20                     [-1, 32, 7, 7]            --
2025-09-20 04:08:09 |     INFO | log_model_info:112 |    |    └─Conv2d: 2-21                      [-1, 16, 7, 7]            528
2025-09-20 04:08:09 |     INFO | log_model_info:112 |    ├─Sequential: 1-4                        [-1, 10, 1, 1]            --
2025-09-20 04:08:09 |     INFO | log_model_info:112 |    |    └─Conv2d: 2-22                      [-1, 10, 7, 7]            170
2025-09-20 04:08:09 |     INFO | log_model_info:112 |    |    └─AdaptiveAvgPool2d: 2-23           [-1, 10, 1, 1]            --
2025-09-20 04:08:09 |     INFO | log_model_info:112 |    ==========================================================================================
2025-09-20 04:08:09 |     INFO | log_model_info:112 |    Total params: 11,402
2025-09-20 04:08:09 |     INFO | log_model_info:112 |    Trainable params: 11,402
2025-09-20 04:08:09 |     INFO | log_model_info:112 |    Non-trainable params: 0
2025-09-20 04:08:09 |     INFO | log_model_info:112 |    Total mult-adds (M): 2.13
2025-09-20 04:08:09 |     INFO | log_model_info:112 |    ==========================================================================================
2025-09-20 04:08:09 |     INFO | log_model_info:112 |    Input size (MB): 0.00
2025-09-20 04:08:09 |     INFO | log_model_info:112 |    Forward/backward pass size (MB): 0.42
2025-09-20 04:08:09 |     INFO | log_model_info:112 |    Params size (MB): 0.04
2025-09-20 04:08:09 |     INFO | log_model_info:112 |    Estimated Total Size (MB): 0.46
2025-09-20 04:08:09 |     INFO | log_model_info:112 |    ==========================================================================================
2025-09-20 04:08:09 |     INFO | log_model_info:123 | ------------------------------------------------------------
2025-09-20 04:08:09 |     INFO | log_dataset_info:130 | 📊 Dataset Information:
2025-09-20 04:08:09 |     INFO | log_dataset_info:131 |    Training batches: 1875
2025-09-20 04:08:09 |     INFO | log_dataset_info:132 |    Test batches: 313
2025-09-20 04:08:09 |     INFO | log_dataset_info:133 |    Training samples: 60,000
2025-09-20 04:08:09 |     INFO | log_dataset_info:134 |    Test samples: 10,000
2025-09-20 04:08:09 |     INFO | log_dataset_info:135 |    Batch size: 32
2025-09-20 04:08:09 |     INFO | log_training_config:142 | ⚙️ Training Configuration:
2025-09-20 04:08:09 |     INFO | log_training_config:143 |    Device: mps
2025-09-20 04:08:09 |     INFO | log_training_config:144 |    Optimizer: AdamW
2025-09-20 04:08:09 |     INFO | log_training_config:145 |    Learning rate: 0.0015
2025-09-20 04:08:09 |     INFO | log_training_config:146 |    Loss function: CrossEntropyLoss
2025-09-20 04:08:09 |     INFO | log_training_config:149 |    Scheduler: ReduceLROnPlateau
2025-09-20 04:08:09 |     INFO | trainer:255 | 🎯 Training Configuration:
2025-09-20 04:08:09 |     INFO | trainer:256 |    Epochs: 20
2025-09-20 04:08:09 |     INFO | trainer:257 |    Evaluate every: 20 epochs
2025-09-20 04:08:09 |     INFO | trainer:258 | ================================================================================
2025-09-20 04:08:09 |     INFO | trainer:260 | 🚀 Starting Training Process...
2025-09-20 04:08:09 |     INFO | trainer:261 | ⚙️  Device: mps
2025-09-20 04:08:09 |     INFO | trainer:262 | ================================================================================
2025-09-20 04:08:09 |     INFO | trainer:270 | 🔄 Starting Epoch 1/20
2025-09-20 04:08:09 |     INFO | trainer:271 | --------------------------------------------------
2025-09-20 04:09:03 |     INFO | train:96 | 📈 Epoch 1 Training Results:
2025-09-20 04:09:03 |     INFO | train:97 |    Loss: 0.2894
2025-09-20 04:09:03 |     INFO | train:98 |    Accuracy: 91.03% (60000 samples)
2025-09-20 04:09:03 |     INFO | train:99 |    Precision: 91.05%
2025-09-20 04:09:03 |     INFO | train:100 |    Recall: 90.91%
2025-09-20 04:09:03 |     INFO | train:101 |    F1-Score: 90.96%
2025-09-20 04:09:03 |     INFO | train:102 |    LR: 0.001500
2025-09-20 04:09:10 |     INFO | test:153 | 📊 Epoch 1 Test Results:
2025-09-20 04:09:10 |     INFO | test:154 |    Loss: 0.0745
2025-09-20 04:09:10 |     INFO | test:155 |    Accuracy: 97.67% (10000 samples)
2025-09-20 04:09:10 |     INFO | test:156 |    Precision: 97.70%
2025-09-20 04:09:10 |     INFO | test:157 |    Recall: 97.67%
2025-09-20 04:09:10 |     INFO | test:158 |    F1-Score: 97.68%
2025-09-20 04:09:10 |     INFO | trainer:300 | 🏆 New best model saved! Accuracy: 97.67%
2025-09-20 04:09:10 |     INFO | trainer:306 | 📈 Epoch 1 Summary:
2025-09-20 04:09:10 |     INFO | trainer:307 |    Duration: 60.93s
2025-09-20 04:09:10 |     INFO | trainer:308 |    Train - Loss: 0.2894, Accuracy: 91.03%
2025-09-20 04:09:10 |     INFO | trainer:309 |    Test  - Loss: 0.0745, Accuracy: 97.67%
2025-09-20 04:09:10 |     INFO | trainer:310 |    🏆 Best Test Accuracy: 97.67% (Epoch 1)
2025-09-20 04:09:10 |     INFO | trainer:270 | 🔄 Starting Epoch 2/20
2025-09-20 04:09:10 |     INFO | trainer:271 | --------------------------------------------------
2025-09-20 04:10:04 |     INFO | train:96 | 📈 Epoch 2 Training Results:
2025-09-20 04:10:04 |     INFO | train:97 |    Loss: 0.0872
2025-09-20 04:10:04 |     INFO | train:98 |    Accuracy: 97.29% (60000 samples)
2025-09-20 04:10:04 |     INFO | train:99 |    Precision: 97.28%
2025-09-20 04:10:04 |     INFO | train:100 |    Recall: 97.28%
2025-09-20 04:10:04 |     INFO | train:101 |    F1-Score: 97.28%
2025-09-20 04:10:04 |     INFO | train:102 |    LR: 0.001500
2025-09-20 04:10:09 |     INFO | test:153 | 📊 Epoch 2 Test Results:
2025-09-20 04:10:09 |     INFO | test:154 |    Loss: 0.0378
2025-09-20 04:10:09 |     INFO | test:155 |    Accuracy: 98.77% (10000 samples)
2025-09-20 04:10:09 |     INFO | test:156 |    Precision: 98.79%
2025-09-20 04:10:09 |     INFO | test:157 |    Recall: 98.76%
2025-09-20 04:10:09 |     INFO | test:158 |    F1-Score: 98.77%
2025-09-20 04:10:09 |     INFO | trainer:300 | 🏆 New best model saved! Accuracy: 98.77%
2025-09-20 04:10:09 |     INFO | trainer:306 | 📈 Epoch 2 Summary:
2025-09-20 04:10:09 |     INFO | trainer:307 |    Duration: 59.93s
2025-09-20 04:10:09 |     INFO | trainer:308 |    Train - Loss: 0.0872, Accuracy: 97.29%
2025-09-20 04:10:09 |     INFO | trainer:309 |    Test  - Loss: 0.0378, Accuracy: 98.77%
2025-09-20 04:10:09 |     INFO | trainer:310 |    🏆 Best Test Accuracy: 98.77% (Epoch 2)
2025-09-20 04:10:09 |     INFO | trainer:270 | 🔄 Starting Epoch 3/20
2025-09-20 04:10:09 |     INFO | trainer:271 | --------------------------------------------------
2025-09-20 04:11:03 |     INFO | train:96 | 📈 Epoch 3 Training Results:
2025-09-20 04:11:03 |     INFO | train:97 |    Loss: 0.0710
2025-09-20 04:11:03 |     INFO | train:98 |    Accuracy: 97.83% (60000 samples)
2025-09-20 04:11:03 |     INFO | train:99 |    Precision: 97.82%
2025-09-20 04:11:03 |     INFO | train:100 |    Recall: 97.81%
2025-09-20 04:11:03 |     INFO | train:101 |    F1-Score: 97.81%
2025-09-20 04:11:03 |     INFO | train:102 |    LR: 0.001500
2025-09-20 04:11:09 |     INFO | test:153 | 📊 Epoch 3 Test Results:
2025-09-20 04:11:09 |     INFO | test:154 |    Loss: 0.0333
2025-09-20 04:11:09 |     INFO | test:155 |    Accuracy: 98.85% (10000 samples)
2025-09-20 04:11:09 |     INFO | test:156 |    Precision: 98.86%
2025-09-20 04:11:09 |     INFO | test:157 |    Recall: 98.84%
2025-09-20 04:11:09 |     INFO | test:158 |    F1-Score: 98.85%
2025-09-20 04:11:09 |     INFO | trainer:300 | 🏆 New best model saved! Accuracy: 98.85%
2025-09-20 04:11:09 |     INFO | trainer:306 | 📈 Epoch 3 Summary:
2025-09-20 04:11:09 |     INFO | trainer:307 |    Duration: 59.80s
2025-09-20 04:11:09 |     INFO | trainer:308 |    Train - Loss: 0.0710, Accuracy: 97.83%
2025-09-20 04:11:09 |     INFO | trainer:309 |    Test  - Loss: 0.0333, Accuracy: 98.85%
2025-09-20 04:11:09 |     INFO | trainer:310 |    🏆 Best Test Accuracy: 98.85% (Epoch 3)
2025-09-20 04:11:09 |     INFO | trainer:270 | 🔄 Starting Epoch 4/20
2025-09-20 04:11:09 |     INFO | trainer:271 | --------------------------------------------------
2025-09-20 04:12:03 |     INFO | train:96 | 📈 Epoch 4 Training Results:
2025-09-20 04:12:03 |     INFO | train:97 |    Loss: 0.0590
2025-09-20 04:12:03 |     INFO | train:98 |    Accuracy: 98.20% (60000 samples)
2025-09-20 04:12:03 |     INFO | train:99 |    Precision: 98.19%
2025-09-20 04:12:03 |     INFO | train:100 |    Recall: 98.18%
2025-09-20 04:12:03 |     INFO | train:101 |    F1-Score: 98.19%
2025-09-20 04:12:03 |     INFO | train:102 |    LR: 0.001500
2025-09-20 04:12:09 |     INFO | test:153 | 📊 Epoch 4 Test Results:
2025-09-20 04:12:09 |     INFO | test:154 |    Loss: 0.0278
2025-09-20 04:12:09 |     INFO | test:155 |    Accuracy: 99.11% (10000 samples)
2025-09-20 04:12:09 |     INFO | test:156 |    Precision: 99.11%
2025-09-20 04:12:09 |     INFO | test:157 |    Recall: 99.10%
2025-09-20 04:12:09 |     INFO | test:158 |    F1-Score: 99.10%
2025-09-20 04:12:09 |     INFO | trainer:300 | 🏆 New best model saved! Accuracy: 99.11%
2025-09-20 04:12:09 |     INFO | trainer:306 | 📈 Epoch 4 Summary:
2025-09-20 04:12:09 |     INFO | trainer:307 |    Duration: 59.53s
2025-09-20 04:12:09 |     INFO | trainer:308 |    Train - Loss: 0.0590, Accuracy: 98.20%
2025-09-20 04:12:09 |     INFO | trainer:309 |    Test  - Loss: 0.0278, Accuracy: 99.11%
2025-09-20 04:12:09 |     INFO | trainer:310 |    🏆 Best Test Accuracy: 99.11% (Epoch 4)
2025-09-20 04:12:09 |     INFO | trainer:270 | 🔄 Starting Epoch 5/20
2025-09-20 04:12:09 |     INFO | trainer:271 | --------------------------------------------------
2025-09-20 04:13:03 |     INFO | train:96 | 📈 Epoch 5 Training Results:
2025-09-20 04:13:03 |     INFO | train:97 |    Loss: 0.0520
2025-09-20 04:13:03 |     INFO | train:98 |    Accuracy: 98.41% (60000 samples)
2025-09-20 04:13:03 |     INFO | train:99 |    Precision: 98.41%
2025-09-20 04:13:03 |     INFO | train:100 |    Recall: 98.41%
2025-09-20 04:13:03 |     INFO | train:101 |    F1-Score: 98.41%
2025-09-20 04:13:03 |     INFO | train:102 |    LR: 0.001500
2025-09-20 04:13:08 |     INFO | test:153 | 📊 Epoch 5 Test Results:
2025-09-20 04:13:08 |     INFO | test:154 |    Loss: 0.0301
2025-09-20 04:13:08 |     INFO | test:155 |    Accuracy: 99.08% (10000 samples)
2025-09-20 04:13:08 |     INFO | test:156 |    Precision: 99.09%
2025-09-20 04:13:08 |     INFO | test:157 |    Recall: 99.06%
2025-09-20 04:13:08 |     INFO | test:158 |    F1-Score: 99.07%
2025-09-20 04:13:08 |     INFO | trainer:306 | 📈 Epoch 5 Summary:
2025-09-20 04:13:08 |     INFO | trainer:307 |    Duration: 59.54s
2025-09-20 04:13:08 |     INFO | trainer:308 |    Train - Loss: 0.0520, Accuracy: 98.41%
2025-09-20 04:13:08 |     INFO | trainer:309 |    Test  - Loss: 0.0301, Accuracy: 99.08%
2025-09-20 04:13:08 |     INFO | trainer:310 |    🏆 Best Test Accuracy: 99.11% (Epoch 4)
2025-09-20 04:13:08 |     INFO | trainer:270 | 🔄 Starting Epoch 6/20
2025-09-20 04:13:08 |     INFO | trainer:271 | --------------------------------------------------
2025-09-20 04:14:03 |     INFO | train:96 | 📈 Epoch 6 Training Results:
2025-09-20 04:14:03 |     INFO | train:97 |    Loss: 0.0502
2025-09-20 04:14:03 |     INFO | train:98 |    Accuracy: 98.41% (60000 samples)
2025-09-20 04:14:03 |     INFO | train:99 |    Precision: 98.41%
2025-09-20 04:14:03 |     INFO | train:100 |    Recall: 98.40%
2025-09-20 04:14:03 |     INFO | train:101 |    F1-Score: 98.40%
2025-09-20 04:14:03 |     INFO | train:102 |    LR: 0.001500
2025-09-20 04:14:09 |     INFO | test:153 | 📊 Epoch 6 Test Results:
2025-09-20 04:14:09 |     INFO | test:154 |    Loss: 0.0300
2025-09-20 04:14:09 |     INFO | test:155 |    Accuracy: 98.93% (10000 samples)
2025-09-20 04:14:09 |     INFO | test:156 |    Precision: 98.96%
2025-09-20 04:14:09 |     INFO | test:157 |    Recall: 98.92%
2025-09-20 04:14:09 |     INFO | test:158 |    F1-Score: 98.93%
2025-09-20 04:14:09 |     INFO | trainer:306 | 📈 Epoch 6 Summary:
2025-09-20 04:14:09 |     INFO | trainer:307 |    Duration: 60.22s
2025-09-20 04:14:09 |     INFO | trainer:308 |    Train - Loss: 0.0502, Accuracy: 98.41%
2025-09-20 04:14:09 |     INFO | trainer:309 |    Test  - Loss: 0.0300, Accuracy: 98.93%
2025-09-20 04:14:09 |     INFO | trainer:310 |    🏆 Best Test Accuracy: 99.11% (Epoch 4)
2025-09-20 04:14:09 |     INFO | trainer:270 | 🔄 Starting Epoch 7/20
2025-09-20 04:14:09 |     INFO | trainer:271 | --------------------------------------------------
2025-09-20 04:15:03 |     INFO | train:96 | 📈 Epoch 7 Training Results:
2025-09-20 04:15:03 |     INFO | train:97 |    Loss: 0.0463
2025-09-20 04:15:03 |     INFO | train:98 |    Accuracy: 98.52% (60000 samples)
2025-09-20 04:15:03 |     INFO | train:99 |    Precision: 98.52%
2025-09-20 04:15:03 |     INFO | train:100 |    Recall: 98.52%
2025-09-20 04:15:03 |     INFO | train:101 |    F1-Score: 98.52%
2025-09-20 04:15:03 |     INFO | train:102 |    LR: 0.001500
2025-09-20 04:15:09 |     INFO | test:153 | 📊 Epoch 7 Test Results:
2025-09-20 04:15:09 |     INFO | test:154 |    Loss: 0.0303
2025-09-20 04:15:09 |     INFO | test:155 |    Accuracy: 99.05% (10000 samples)
2025-09-20 04:15:09 |     INFO | test:156 |    Precision: 99.07%
2025-09-20 04:15:09 |     INFO | test:157 |    Recall: 99.03%
2025-09-20 04:15:09 |     INFO | test:158 |    F1-Score: 99.04%
2025-09-20 04:15:09 |     INFO | trainer:291 | 📉 Learning rate updated: 0.001500 → 0.000750
2025-09-20 04:15:09 |     INFO | trainer:306 | 📈 Epoch 7 Summary:
2025-09-20 04:15:09 |     INFO | trainer:307 |    Duration: 60.19s
2025-09-20 04:15:09 |     INFO | trainer:308 |    Train - Loss: 0.0463, Accuracy: 98.52%
2025-09-20 04:15:09 |     INFO | trainer:309 |    Test  - Loss: 0.0303, Accuracy: 99.05%
2025-09-20 04:15:09 |     INFO | trainer:310 |    🏆 Best Test Accuracy: 99.11% (Epoch 4)
2025-09-20 04:15:09 |     INFO | trainer:270 | 🔄 Starting Epoch 8/20
2025-09-20 04:15:09 |     INFO | trainer:271 | --------------------------------------------------
2025-09-20 04:16:03 |     INFO | train:96 | 📈 Epoch 8 Training Results:
2025-09-20 04:16:03 |     INFO | train:97 |    Loss: 0.0356
2025-09-20 04:16:03 |     INFO | train:98 |    Accuracy: 98.89% (60000 samples)
2025-09-20 04:16:03 |     INFO | train:99 |    Precision: 98.88%
2025-09-20 04:16:03 |     INFO | train:100 |    Recall: 98.88%
2025-09-20 04:16:03 |     INFO | train:101 |    F1-Score: 98.88%
2025-09-20 04:16:03 |     INFO | train:102 |    LR: 0.000750
2025-09-20 04:16:09 |     INFO | test:153 | 📊 Epoch 8 Test Results:
2025-09-20 04:16:09 |     INFO | test:154 |    Loss: 0.0195
2025-09-20 04:16:09 |     INFO | test:155 |    Accuracy: 99.32% (10000 samples)
2025-09-20 04:16:09 |     INFO | test:156 |    Precision: 99.33%
2025-09-20 04:16:09 |     INFO | test:157 |    Recall: 99.31%
2025-09-20 04:16:09 |     INFO | test:158 |    F1-Score: 99.32%
2025-09-20 04:16:09 |     INFO | trainer:300 | 🏆 New best model saved! Accuracy: 99.32%
2025-09-20 04:16:09 |     INFO | trainer:306 | 📈 Epoch 8 Summary:
2025-09-20 04:16:09 |     INFO | trainer:307 |    Duration: 60.31s
2025-09-20 04:16:09 |     INFO | trainer:308 |    Train - Loss: 0.0356, Accuracy: 98.89%
2025-09-20 04:16:09 |     INFO | trainer:309 |    Test  - Loss: 0.0195, Accuracy: 99.32%
2025-09-20 04:16:09 |     INFO | trainer:310 |    🏆 Best Test Accuracy: 99.32% (Epoch 8)
2025-09-20 04:16:09 |     INFO | trainer:270 | 🔄 Starting Epoch 9/20
2025-09-20 04:16:09 |     INFO | trainer:271 | --------------------------------------------------
2025-09-20 04:17:04 |     INFO | train:96 | 📈 Epoch 9 Training Results:
2025-09-20 04:17:04 |     INFO | train:97 |    Loss: 0.0332
2025-09-20 04:17:04 |     INFO | train:98 |    Accuracy: 98.97% (60000 samples)
2025-09-20 04:17:04 |     INFO | train:99 |    Precision: 98.97%
2025-09-20 04:17:04 |     INFO | train:100 |    Recall: 98.96%
2025-09-20 04:17:04 |     INFO | train:101 |    F1-Score: 98.97%
2025-09-20 04:17:04 |     INFO | train:102 |    LR: 0.000750
2025-09-20 04:17:09 |     INFO | test:153 | 📊 Epoch 9 Test Results:
2025-09-20 04:17:09 |     INFO | test:154 |    Loss: 0.0184
2025-09-20 04:17:09 |     INFO | test:155 |    Accuracy: 99.40% (10000 samples)
2025-09-20 04:17:09 |     INFO | test:156 |    Precision: 99.41%
2025-09-20 04:17:09 |     INFO | test:157 |    Recall: 99.39%
2025-09-20 04:17:09 |     INFO | test:158 |    F1-Score: 99.40%
2025-09-20 04:17:09 |     INFO | trainer:300 | 🏆 New best model saved! Accuracy: 99.40%
2025-09-20 04:17:09 |     INFO | trainer:306 | 📈 Epoch 9 Summary:
2025-09-20 04:17:09 |     INFO | trainer:307 |    Duration: 60.33s
2025-09-20 04:17:09 |     INFO | trainer:308 |    Train - Loss: 0.0332, Accuracy: 98.97%
2025-09-20 04:17:09 |     INFO | trainer:309 |    Test  - Loss: 0.0184, Accuracy: 99.40%
2025-09-20 04:17:09 |     INFO | trainer:310 |    🏆 Best Test Accuracy: 99.40% (Epoch 9)
2025-09-20 04:17:09 |     INFO | trainer:270 | 🔄 Starting Epoch 10/20
2025-09-20 04:17:09 |     INFO | trainer:271 | --------------------------------------------------
2025-09-20 04:18:04 |     INFO | train:96 | 📈 Epoch 10 Training Results:
2025-09-20 04:18:04 |     INFO | train:97 |    Loss: 0.0327
2025-09-20 04:18:04 |     INFO | train:98 |    Accuracy: 98.98% (60000 samples)
2025-09-20 04:18:04 |     INFO | train:99 |    Precision: 98.98%
2025-09-20 04:18:04 |     INFO | train:100 |    Recall: 98.98%
2025-09-20 04:18:04 |     INFO | train:101 |    F1-Score: 98.98%
2025-09-20 04:18:04 |     INFO | train:102 |    LR: 0.000750
2025-09-20 04:18:10 |     INFO | test:153 | 📊 Epoch 10 Test Results:
2025-09-20 04:18:10 |     INFO | test:154 |    Loss: 0.0181
2025-09-20 04:18:10 |     INFO | test:155 |    Accuracy: 99.35% (10000 samples)
2025-09-20 04:18:10 |     INFO | test:156 |    Precision: 99.36%
2025-09-20 04:18:10 |     INFO | test:157 |    Recall: 99.34%
2025-09-20 04:18:10 |     INFO | test:158 |    F1-Score: 99.35%
2025-09-20 04:18:10 |     INFO | trainer:306 | 📈 Epoch 10 Summary:
2025-09-20 04:18:10 |     INFO | trainer:307 |    Duration: 60.80s
2025-09-20 04:18:10 |     INFO | trainer:308 |    Train - Loss: 0.0327, Accuracy: 98.98%
2025-09-20 04:18:10 |     INFO | trainer:309 |    Test  - Loss: 0.0181, Accuracy: 99.35%
2025-09-20 04:18:10 |     INFO | trainer:310 |    🏆 Best Test Accuracy: 99.40% (Epoch 9)
2025-09-20 04:18:10 |     INFO | trainer:270 | 🔄 Starting Epoch 11/20
2025-09-20 04:18:10 |     INFO | trainer:271 | --------------------------------------------------
2025-09-20 04:19:04 |     INFO | train:96 | 📈 Epoch 11 Training Results:
2025-09-20 04:19:04 |     INFO | train:97 |    Loss: 0.0300
2025-09-20 04:19:04 |     INFO | train:98 |    Accuracy: 99.05% (60000 samples)
2025-09-20 04:19:04 |     INFO | train:99 |    Precision: 99.05%
2025-09-20 04:19:04 |     INFO | train:100 |    Recall: 99.05%
2025-09-20 04:19:04 |     INFO | train:101 |    F1-Score: 99.05%
2025-09-20 04:19:04 |     INFO | train:102 |    LR: 0.000750
2025-09-20 04:19:10 |     INFO | test:153 | 📊 Epoch 11 Test Results:
2025-09-20 04:19:10 |     INFO | test:154 |    Loss: 0.0189
2025-09-20 04:19:10 |     INFO | test:155 |    Accuracy: 99.38% (10000 samples)
2025-09-20 04:19:10 |     INFO | test:156 |    Precision: 99.38%
2025-09-20 04:19:10 |     INFO | test:157 |    Recall: 99.37%
2025-09-20 04:19:10 |     INFO | test:158 |    F1-Score: 99.37%
2025-09-20 04:19:10 |     INFO | trainer:291 | 📉 Learning rate updated: 0.000750 → 0.000375
2025-09-20 04:19:10 |     INFO | trainer:306 | 📈 Epoch 11 Summary:
2025-09-20 04:19:10 |     INFO | trainer:307 |    Duration: 60.01s
2025-09-20 04:19:10 |     INFO | trainer:308 |    Train - Loss: 0.0300, Accuracy: 99.05%
2025-09-20 04:19:10 |     INFO | trainer:309 |    Test  - Loss: 0.0189, Accuracy: 99.38%
2025-09-20 04:19:10 |     INFO | trainer:310 |    🏆 Best Test Accuracy: 99.40% (Epoch 9)
2025-09-20 04:19:10 |     INFO | trainer:270 | 🔄 Starting Epoch 12/20
2025-09-20 04:19:10 |     INFO | trainer:271 | --------------------------------------------------
2025-09-20 04:20:04 |     INFO | train:96 | 📈 Epoch 12 Training Results:
2025-09-20 04:20:04 |     INFO | train:97 |    Loss: 0.0254
2025-09-20 04:20:04 |     INFO | train:98 |    Accuracy: 99.17% (60000 samples)
2025-09-20 04:20:04 |     INFO | train:99 |    Precision: 99.16%
2025-09-20 04:20:04 |     INFO | train:100 |    Recall: 99.16%
2025-09-20 04:20:04 |     INFO | train:101 |    F1-Score: 99.16%
2025-09-20 04:20:04 |     INFO | train:102 |    LR: 0.000375
2025-09-20 04:20:10 |     INFO | test:153 | 📊 Epoch 12 Test Results:
2025-09-20 04:20:10 |     INFO | test:154 |    Loss: 0.0178
2025-09-20 04:20:10 |     INFO | test:155 |    Accuracy: 99.45% (10000 samples)
2025-09-20 04:20:10 |     INFO | test:156 |    Precision: 99.46%
2025-09-20 04:20:10 |     INFO | test:157 |    Recall: 99.44%
2025-09-20 04:20:10 |     INFO | test:158 |    F1-Score: 99.45%
2025-09-20 04:20:10 |     INFO | trainer:300 | 🏆 New best model saved! Accuracy: 99.45%
2025-09-20 04:20:10 |     INFO | trainer:306 | 📈 Epoch 12 Summary:
2025-09-20 04:20:10 |     INFO | trainer:307 |    Duration: 59.85s
2025-09-20 04:20:10 |     INFO | trainer:308 |    Train - Loss: 0.0254, Accuracy: 99.17%
2025-09-20 04:20:10 |     INFO | trainer:309 |    Test  - Loss: 0.0178, Accuracy: 99.45%
2025-09-20 04:20:10 |     INFO | trainer:310 |    🏆 Best Test Accuracy: 99.45% (Epoch 12)
2025-09-20 04:20:10 |     INFO | trainer:270 | 🔄 Starting Epoch 13/20
2025-09-20 04:20:10 |     INFO | trainer:271 | --------------------------------------------------
2025-09-20 04:21:04 |     INFO | train:96 | 📈 Epoch 13 Training Results:
2025-09-20 04:21:04 |     INFO | train:97 |    Loss: 0.0255
2025-09-20 04:21:04 |     INFO | train:98 |    Accuracy: 99.17% (60000 samples)
2025-09-20 04:21:04 |     INFO | train:99 |    Precision: 99.17%
2025-09-20 04:21:04 |     INFO | train:100 |    Recall: 99.16%
2025-09-20 04:21:04 |     INFO | train:101 |    F1-Score: 99.17%
2025-09-20 04:21:04 |     INFO | train:102 |    LR: 0.000375
2025-09-20 04:21:10 |     INFO | test:153 | 📊 Epoch 13 Test Results:
2025-09-20 04:21:10 |     INFO | test:154 |    Loss: 0.0175
2025-09-20 04:21:10 |     INFO | test:155 |    Accuracy: 99.45% (10000 samples)
2025-09-20 04:21:10 |     INFO | test:156 |    Precision: 99.46%
2025-09-20 04:21:10 |     INFO | test:157 |    Recall: 99.44%
2025-09-20 04:21:10 |     INFO | test:158 |    F1-Score: 99.45%
2025-09-20 04:21:10 |     INFO | trainer:306 | 📈 Epoch 13 Summary:
2025-09-20 04:21:10 |     INFO | trainer:307 |    Duration: 60.03s
2025-09-20 04:21:10 |     INFO | trainer:308 |    Train - Loss: 0.0255, Accuracy: 99.17%
2025-09-20 04:21:10 |     INFO | trainer:309 |    Test  - Loss: 0.0175, Accuracy: 99.45%
2025-09-20 04:21:10 |     INFO | trainer:310 |    🏆 Best Test Accuracy: 99.45% (Epoch 12)
2025-09-20 04:21:10 |     INFO | trainer:270 | 🔄 Starting Epoch 14/20
2025-09-20 04:21:10 |     INFO | trainer:271 | --------------------------------------------------
2025-09-20 04:22:04 |     INFO | train:96 | 📈 Epoch 14 Training Results:
2025-09-20 04:22:04 |     INFO | train:97 |    Loss: 0.0245
2025-09-20 04:22:04 |     INFO | train:98 |    Accuracy: 99.23% (60000 samples)
2025-09-20 04:22:04 |     INFO | train:99 |    Precision: 99.22%
2025-09-20 04:22:04 |     INFO | train:100 |    Recall: 99.22%
2025-09-20 04:22:04 |     INFO | train:101 |    F1-Score: 99.22%
2025-09-20 04:22:04 |     INFO | train:102 |    LR: 0.000375
2025-09-20 04:22:10 |     INFO | test:153 | 📊 Epoch 14 Test Results:
2025-09-20 04:22:10 |     INFO | test:154 |    Loss: 0.0177
2025-09-20 04:22:10 |     INFO | test:155 |    Accuracy: 99.40% (10000 samples)
2025-09-20 04:22:10 |     INFO | test:156 |    Precision: 99.41%
2025-09-20 04:22:10 |     INFO | test:157 |    Recall: 99.39%
2025-09-20 04:22:10 |     INFO | test:158 |    F1-Score: 99.40%
2025-09-20 04:22:10 |     INFO | trainer:306 | 📈 Epoch 14 Summary:
2025-09-20 04:22:10 |     INFO | trainer:307 |    Duration: 59.88s
2025-09-20 04:22:10 |     INFO | trainer:308 |    Train - Loss: 0.0245, Accuracy: 99.23%
2025-09-20 04:22:10 |     INFO | trainer:309 |    Test  - Loss: 0.0177, Accuracy: 99.40%
2025-09-20 04:22:10 |     INFO | trainer:310 |    🏆 Best Test Accuracy: 99.45% (Epoch 12)
2025-09-20 04:22:10 |     INFO | trainer:270 | 🔄 Starting Epoch 15/20
2025-09-20 04:22:10 |     INFO | trainer:271 | --------------------------------------------------
2025-09-20 04:23:04 |     INFO | train:96 | 📈 Epoch 15 Training Results:
2025-09-20 04:23:04 |     INFO | train:97 |    Loss: 0.0238
2025-09-20 04:23:04 |     INFO | train:98 |    Accuracy: 99.24% (60000 samples)
2025-09-20 04:23:04 |     INFO | train:99 |    Precision: 99.24%
2025-09-20 04:23:04 |     INFO | train:100 |    Recall: 99.24%
2025-09-20 04:23:04 |     INFO | train:101 |    F1-Score: 99.24%
2025-09-20 04:23:04 |     INFO | train:102 |    LR: 0.000375
2025-09-20 04:23:10 |     INFO | test:153 | 📊 Epoch 15 Test Results:
2025-09-20 04:23:10 |     INFO | test:154 |    Loss: 0.0191
2025-09-20 04:23:10 |     INFO | test:155 |    Accuracy: 99.42% (10000 samples)
2025-09-20 04:23:10 |     INFO | test:156 |    Precision: 99.42%
2025-09-20 04:23:10 |     INFO | test:157 |    Recall: 99.41%
2025-09-20 04:23:10 |     INFO | test:158 |    F1-Score: 99.42%
2025-09-20 04:23:10 |     INFO | trainer:291 | 📉 Learning rate updated: 0.000375 → 0.000188
2025-09-20 04:23:10 |     INFO | trainer:306 | 📈 Epoch 15 Summary:
2025-09-20 04:23:10 |     INFO | trainer:307 |    Duration: 59.95s
2025-09-20 04:23:10 |     INFO | trainer:308 |    Train - Loss: 0.0238, Accuracy: 99.24%
2025-09-20 04:23:10 |     INFO | trainer:309 |    Test  - Loss: 0.0191, Accuracy: 99.42%
2025-09-20 04:23:10 |     INFO | trainer:310 |    🏆 Best Test Accuracy: 99.45% (Epoch 12)
2025-09-20 04:23:10 |     INFO | trainer:270 | 🔄 Starting Epoch 16/20
2025-09-20 04:23:10 |     INFO | trainer:271 | --------------------------------------------------
2025-09-20 04:24:04 |     INFO | train:96 | 📈 Epoch 16 Training Results:
2025-09-20 04:24:04 |     INFO | train:97 |    Loss: 0.0221
2025-09-20 04:24:04 |     INFO | train:98 |    Accuracy: 99.28% (60000 samples)
2025-09-20 04:24:04 |     INFO | train:99 |    Precision: 99.27%
2025-09-20 04:24:04 |     INFO | train:100 |    Recall: 99.27%
2025-09-20 04:24:04 |     INFO | train:101 |    F1-Score: 99.27%
2025-09-20 04:24:04 |     INFO | train:102 |    LR: 0.000188
2025-09-20 04:24:10 |     INFO | test:153 | 📊 Epoch 16 Test Results:
2025-09-20 04:24:10 |     INFO | test:154 |    Loss: 0.0162
2025-09-20 04:24:10 |     INFO | test:155 |    Accuracy: 99.48% (10000 samples)
2025-09-20 04:24:10 |     INFO | test:156 |    Precision: 99.49%
2025-09-20 04:24:10 |     INFO | test:157 |    Recall: 99.47%
2025-09-20 04:24:10 |     INFO | test:158 |    F1-Score: 99.48%
2025-09-20 04:24:10 |     INFO | trainer:300 | 🏆 New best model saved! Accuracy: 99.48%
2025-09-20 04:24:10 |     INFO | trainer:306 | 📈 Epoch 16 Summary:
2025-09-20 04:24:10 |     INFO | trainer:307 |    Duration: 59.69s
2025-09-20 04:24:10 |     INFO | trainer:308 |    Train - Loss: 0.0221, Accuracy: 99.28%
2025-09-20 04:24:10 |     INFO | trainer:309 |    Test  - Loss: 0.0162, Accuracy: 99.48%
2025-09-20 04:24:10 |     INFO | trainer:310 |    🏆 Best Test Accuracy: 99.48% (Epoch 16)
2025-09-20 04:24:10 |     INFO | trainer:270 | 🔄 Starting Epoch 17/20
2025-09-20 04:24:10 |     INFO | trainer:271 | --------------------------------------------------
2025-09-20 04:25:03 |     INFO | train:96 | 📈 Epoch 17 Training Results:
2025-09-20 04:25:03 |     INFO | train:97 |    Loss: 0.0218
2025-09-20 04:25:03 |     INFO | train:98 |    Accuracy: 99.29% (60000 samples)
2025-09-20 04:25:03 |     INFO | train:99 |    Precision: 99.29%
2025-09-20 04:25:03 |     INFO | train:100 |    Recall: 99.29%
2025-09-20 04:25:03 |     INFO | train:101 |    F1-Score: 99.29%
2025-09-20 04:25:03 |     INFO | train:102 |    LR: 0.000188
2025-09-20 04:25:09 |     INFO | test:153 | 📊 Epoch 17 Test Results:
2025-09-20 04:25:09 |     INFO | test:154 |    Loss: 0.0168
2025-09-20 04:25:09 |     INFO | test:155 |    Accuracy: 99.49% (10000 samples)
2025-09-20 04:25:09 |     INFO | test:156 |    Precision: 99.50%
2025-09-20 04:25:09 |     INFO | test:157 |    Recall: 99.48%
2025-09-20 04:25:09 |     INFO | test:158 |    F1-Score: 99.49%
2025-09-20 04:25:09 |     INFO | trainer:300 | 🏆 New best model saved! Accuracy: 99.49%
2025-09-20 04:25:09 |     INFO | trainer:306 | 📈 Epoch 17 Summary:
2025-09-20 04:25:09 |     INFO | trainer:307 |    Duration: 59.39s
2025-09-20 04:25:09 |     INFO | trainer:308 |    Train - Loss: 0.0218, Accuracy: 99.29%
2025-09-20 04:25:09 |     INFO | trainer:309 |    Test  - Loss: 0.0168, Accuracy: 99.49%
2025-09-20 04:25:09 |     INFO | trainer:310 |    🏆 Best Test Accuracy: 99.49% (Epoch 17)
2025-09-20 04:25:09 |     INFO | trainer:270 | 🔄 Starting Epoch 18/20
2025-09-20 04:25:09 |     INFO | trainer:271 | --------------------------------------------------
2025-09-20 04:26:04 |     INFO | train:96 | 📈 Epoch 18 Training Results:
2025-09-20 04:26:04 |     INFO | train:97 |    Loss: 0.0214
2025-09-20 04:26:04 |     INFO | train:98 |    Accuracy: 99.30% (60000 samples)
2025-09-20 04:26:04 |     INFO | train:99 |    Precision: 99.30%
2025-09-20 04:26:04 |     INFO | train:100 |    Recall: 99.30%
2025-09-20 04:26:04 |     INFO | train:101 |    F1-Score: 99.30%
2025-09-20 04:26:04 |     INFO | train:102 |    LR: 0.000188
2025-09-20 04:26:10 |     INFO | test:153 | 📊 Epoch 18 Test Results:
2025-09-20 04:26:10 |     INFO | test:154 |    Loss: 0.0162
2025-09-20 04:26:10 |     INFO | test:155 |    Accuracy: 99.45% (10000 samples)
2025-09-20 04:26:10 |     INFO | test:156 |    Precision: 99.46%
2025-09-20 04:26:10 |     INFO | test:157 |    Recall: 99.44%
2025-09-20 04:26:10 |     INFO | test:158 |    F1-Score: 99.45%
2025-09-20 04:26:10 |     INFO | trainer:291 | 📉 Learning rate updated: 0.000188 → 0.000094
2025-09-20 04:26:10 |     INFO | trainer:306 | 📈 Epoch 18 Summary:
2025-09-20 04:26:10 |     INFO | trainer:307 |    Duration: 61.18s
2025-09-20 04:26:10 |     INFO | trainer:308 |    Train - Loss: 0.0214, Accuracy: 99.30%
2025-09-20 04:26:10 |     INFO | trainer:309 |    Test  - Loss: 0.0162, Accuracy: 99.45%
2025-09-20 04:26:10 |     INFO | trainer:310 |    🏆 Best Test Accuracy: 99.49% (Epoch 17)
2025-09-20 04:26:10 |     INFO | trainer:270 | 🔄 Starting Epoch 19/20
2025-09-20 04:26:10 |     INFO | trainer:271 | --------------------------------------------------
2025-09-20 04:27:05 |     INFO | train:96 | 📈 Epoch 19 Training Results:
2025-09-20 04:27:05 |     INFO | train:97 |    Loss: 0.0191
2025-09-20 04:27:05 |     INFO | train:98 |    Accuracy: 99.41% (60000 samples)
2025-09-20 04:27:05 |     INFO | train:99 |    Precision: 99.41%
2025-09-20 04:27:05 |     INFO | train:100 |    Recall: 99.41%
2025-09-20 04:27:05 |     INFO | train:101 |    F1-Score: 99.41%
2025-09-20 04:27:05 |     INFO | train:102 |    LR: 0.000094
2025-09-20 04:27:10 |     INFO | test:153 | 📊 Epoch 19 Test Results:
2025-09-20 04:27:10 |     INFO | test:154 |    Loss: 0.0162
2025-09-20 04:27:10 |     INFO | test:155 |    Accuracy: 99.55% (10000 samples)
2025-09-20 04:27:10 |     INFO | test:156 |    Precision: 99.56%
2025-09-20 04:27:10 |     INFO | test:157 |    Recall: 99.54%
2025-09-20 04:27:10 |     INFO | test:158 |    F1-Score: 99.55%
2025-09-20 04:27:10 |     INFO | trainer:300 | 🏆 New best model saved! Accuracy: 99.55%
2025-09-20 04:27:10 |     INFO | trainer:306 | 📈 Epoch 19 Summary:
2025-09-20 04:27:10 |     INFO | trainer:307 |    Duration: 60.17s
2025-09-20 04:27:10 |     INFO | trainer:308 |    Train - Loss: 0.0191, Accuracy: 99.41%
2025-09-20 04:27:10 |     INFO | trainer:309 |    Test  - Loss: 0.0162, Accuracy: 99.55%
2025-09-20 04:27:10 |     INFO | trainer:310 |    🏆 Best Test Accuracy: 99.55% (Epoch 19)
2025-09-20 04:27:10 |     INFO | trainer:270 | 🔄 Starting Epoch 20/20
2025-09-20 04:27:10 |     INFO | trainer:271 | --------------------------------------------------
2025-09-20 04:28:04 |     INFO | train:96 | 📈 Epoch 20 Training Results:
2025-09-20 04:28:04 |     INFO | train:97 |    Loss: 0.0202
2025-09-20 04:28:04 |     INFO | train:98 |    Accuracy: 99.36% (60000 samples)
2025-09-20 04:28:04 |     INFO | train:99 |    Precision: 99.36%
2025-09-20 04:28:04 |     INFO | train:100 |    Recall: 99.36%
2025-09-20 04:28:04 |     INFO | train:101 |    F1-Score: 99.36%
2025-09-20 04:28:04 |     INFO | train:102 |    LR: 0.000094
2025-09-20 04:28:10 |     INFO | test:153 | 📊 Epoch 20 Test Results:
2025-09-20 04:28:10 |     INFO | test:154 |    Loss: 0.0162
2025-09-20 04:28:10 |     INFO | test:155 |    Accuracy: 99.56% (10000 samples)
2025-09-20 04:28:10 |     INFO | test:156 |    Precision: 99.57%
2025-09-20 04:28:10 |     INFO | test:157 |    Recall: 99.55%
2025-09-20 04:28:10 |     INFO | test:158 |    F1-Score: 99.56%
2025-09-20 04:28:10 |     INFO | trainer:300 | 🏆 New best model saved! Accuracy: 99.56%
2025-09-20 04:28:10 |     INFO | trainer:306 | 📈 Epoch 20 Summary:
2025-09-20 04:28:10 |     INFO | trainer:307 |    Duration: 59.71s
2025-09-20 04:28:10 |     INFO | trainer:308 |    Train - Loss: 0.0202, Accuracy: 99.36%
2025-09-20 04:28:10 |     INFO | trainer:309 |    Test  - Loss: 0.0162, Accuracy: 99.56%
2025-09-20 04:28:10 |     INFO | trainer:310 |    🏆 Best Test Accuracy: 99.56% (Epoch 20)
2025-09-20 04:28:10 |     INFO | evaluate_model:225 | 🔍 Epoch 20 Evaluation:
2025-09-20 04:28:10 |     INFO | evaluate_model:226 |    Sample accuracy: 5/5 (100.0%)
2025-09-20 04:28:10 |     INFO | evaluate_model:227 |    Predictions saved to: logs/mnist_fully_cnn_smaller_12k_params/predictions_epoch_20.png
2025-09-20 04:28:10 |     INFO | trainer:320 | ================================================================================
2025-09-20 04:28:10 |     INFO | trainer:321 | ✅ Training Complete!
2025-09-20 04:28:10 |     INFO | trainer:322 | 🏆 Best Test Accuracy: 99.56% achieved at Epoch 20
2025-09-20 04:28:10 |     INFO | trainer:323 | ⏱️ Total training time: 1201.88s (20.0min)
2025-09-20 04:28:10 |     INFO | trainer:327 | 💾 Final model saved to: models/mnist_fully_cnn.pth
2025-09-20 04:28:10 |     INFO | trainer:330 | 💾 Best model saved to: models/mnist_fully_cnn_best.pth
2025-09-20 04:28:10 |     INFO | trainer:335 | 📊 Training plots saved to: logs/mnist_fully_cnn_smaller_12k_params/training_history.png
2025-09-20 04:28:10 |     INFO | save_metrics_to_json:175 | 💾 Metrics saved to: logs/mnist_fully_cnn_smaller_12k_params/metrics.json
2025-09-20 04:28:10 |     INFO | trainer:355 | 🎯 Experiment completed successfully!
2025-09-20 04:28:10 |     INFO | trainer:356 | 📁 All results saved in: logs/mnist_fully_cnn_smaller_12k_params
