2025-09-20 02:54:39 |     INFO | setup_logging:84 | ================================================================================
2025-09-20 02:54:39 |     INFO | setup_logging:85 | 🚀 Starting experiment: mnist_fully_cnn_tiny4k_params_reducelronplateaue_
2025-09-20 02:54:39 |     INFO | setup_logging:86 | 📁 Experiment directory: logs/mnist_fully_cnn_tiny4k_params_reducelronplateaue_
2025-09-20 02:54:39 |     INFO | setup_logging:87 | 💾 Log file: logs/mnist_fully_cnn_tiny4k_params_reducelronplateaue_/training.log
2025-09-20 02:54:39 |     INFO | setup_logging:88 | ================================================================================
2025-09-20 02:54:39 |     INFO | log_model_info:98 | 📋 Detailed Model Summary:
2025-09-20 02:54:39 |     INFO | log_model_info:99 | ------------------------------------------------------------
2025-09-20 02:54:39 |     INFO | log_model_info:112 |    ==========================================================================================
2025-09-20 02:54:39 |     INFO | log_model_info:112 |    Layer (type:depth-idx)                   Output Shape              Param #
2025-09-20 02:54:39 |     INFO | log_model_info:112 |    ==========================================================================================
2025-09-20 02:54:39 |     INFO | log_model_info:112 |    ├─Sequential: 1-1                        [-1, 8, 14, 14]           --
2025-09-20 02:54:39 |     INFO | log_model_info:112 |    |    └─Conv2d: 2-1                       [-1, 8, 28, 28]           80
2025-09-20 02:54:39 |     INFO | log_model_info:112 |    |    └─ReLU: 2-2                         [-1, 8, 28, 28]           --
2025-09-20 02:54:39 |     INFO | log_model_info:112 |    |    └─BatchNorm2d: 2-3                  [-1, 8, 28, 28]           16
2025-09-20 02:54:39 |     INFO | log_model_info:112 |    |    └─Conv2d: 2-4                       [-1, 8, 28, 28]           584
2025-09-20 02:54:39 |     INFO | log_model_info:112 |    |    └─ReLU: 2-5                         [-1, 8, 28, 28]           --
2025-09-20 02:54:39 |     INFO | log_model_info:112 |    |    └─BatchNorm2d: 2-6                  [-1, 8, 28, 28]           16
2025-09-20 02:54:39 |     INFO | log_model_info:112 |    |    └─Dropout: 2-7                      [-1, 8, 28, 28]           --
2025-09-20 02:54:39 |     INFO | log_model_info:112 |    |    └─MaxPool2d: 2-8                    [-1, 8, 14, 14]           --
2025-09-20 02:54:39 |     INFO | log_model_info:112 |    ├─Sequential: 1-2                        [-1, 12, 7, 7]            --
2025-09-20 02:54:39 |     INFO | log_model_info:112 |    |    └─Conv2d: 2-9                       [-1, 12, 14, 14]          876
2025-09-20 02:54:39 |     INFO | log_model_info:112 |    |    └─ReLU: 2-10                        [-1, 12, 14, 14]          --
2025-09-20 02:54:39 |     INFO | log_model_info:112 |    |    └─BatchNorm2d: 2-11                 [-1, 12, 14, 14]          24
2025-09-20 02:54:39 |     INFO | log_model_info:112 |    |    └─Conv2d: 2-12                      [-1, 12, 14, 14]          1,308
2025-09-20 02:54:39 |     INFO | log_model_info:112 |    |    └─ReLU: 2-13                        [-1, 12, 14, 14]          --
2025-09-20 02:54:39 |     INFO | log_model_info:112 |    |    └─BatchNorm2d: 2-14                 [-1, 12, 14, 14]          24
2025-09-20 02:54:39 |     INFO | log_model_info:112 |    |    └─Dropout: 2-15                     [-1, 12, 14, 14]          --
2025-09-20 02:54:39 |     INFO | log_model_info:112 |    |    └─MaxPool2d: 2-16                   [-1, 12, 7, 7]            --
2025-09-20 02:54:39 |     INFO | log_model_info:112 |    ├─Sequential: 1-3                        [-1, 16, 7, 7]            --
2025-09-20 02:54:39 |     INFO | log_model_info:112 |    |    └─Conv2d: 2-17                      [-1, 16, 7, 7]            1,744
2025-09-20 02:54:39 |     INFO | log_model_info:112 |    |    └─ReLU: 2-18                        [-1, 16, 7, 7]            --
2025-09-20 02:54:39 |     INFO | log_model_info:112 |    |    └─BatchNorm2d: 2-19                 [-1, 16, 7, 7]            32
2025-09-20 02:54:39 |     INFO | log_model_info:112 |    |    └─Dropout: 2-20                     [-1, 16, 7, 7]            --
2025-09-20 02:54:39 |     INFO | log_model_info:112 |    ├─Sequential: 1-4                        [-1, 10, 1, 1]            --
2025-09-20 02:54:39 |     INFO | log_model_info:112 |    |    └─Conv2d: 2-21                      [-1, 10, 7, 7]            170
2025-09-20 02:54:39 |     INFO | log_model_info:112 |    |    └─AdaptiveAvgPool2d: 2-22           [-1, 10, 1, 1]            --
2025-09-20 02:54:39 |     INFO | log_model_info:112 |    ==========================================================================================
2025-09-20 02:54:39 |     INFO | log_model_info:112 |    Total params: 4,874
2025-09-20 02:54:39 |     INFO | log_model_info:112 |    Trainable params: 4,874
2025-09-20 02:54:39 |     INFO | log_model_info:112 |    Non-trainable params: 0
2025-09-20 02:54:39 |     INFO | log_model_info:112 |    Total mult-adds (M): 1.03
2025-09-20 02:54:39 |     INFO | log_model_info:112 |    ==========================================================================================
2025-09-20 02:54:39 |     INFO | log_model_info:112 |    Input size (MB): 0.00
2025-09-20 02:54:39 |     INFO | log_model_info:112 |    Forward/backward pass size (MB): 0.28
2025-09-20 02:54:39 |     INFO | log_model_info:112 |    Params size (MB): 0.02
2025-09-20 02:54:39 |     INFO | log_model_info:112 |    Estimated Total Size (MB): 0.30
2025-09-20 02:54:39 |     INFO | log_model_info:112 |    ==========================================================================================
2025-09-20 02:54:39 |     INFO | log_model_info:123 | ------------------------------------------------------------
2025-09-20 02:54:39 |     INFO | log_dataset_info:130 | 📊 Dataset Information:
2025-09-20 02:54:39 |     INFO | log_dataset_info:131 |    Training batches: 1875
2025-09-20 02:54:39 |     INFO | log_dataset_info:132 |    Test batches: 313
2025-09-20 02:54:39 |     INFO | log_dataset_info:133 |    Training samples: 60,000
2025-09-20 02:54:39 |     INFO | log_dataset_info:134 |    Test samples: 10,000
2025-09-20 02:54:39 |     INFO | log_dataset_info:135 |    Batch size: 32
2025-09-20 02:54:39 |     INFO | log_training_config:142 | ⚙️ Training Configuration:
2025-09-20 02:54:39 |     INFO | log_training_config:143 |    Device: mps
2025-09-20 02:54:39 |     INFO | log_training_config:144 |    Optimizer: AdamW
2025-09-20 02:54:39 |     INFO | log_training_config:145 |    Learning rate: 0.0015
2025-09-20 02:54:39 |     INFO | log_training_config:146 |    Loss function: CrossEntropyLoss
2025-09-20 02:54:39 |     INFO | log_training_config:149 |    Scheduler: ReduceLROnPlateau
2025-09-20 02:54:39 |     INFO | trainer:255 | 🎯 Training Configuration:
2025-09-20 02:54:39 |     INFO | trainer:256 |    Epochs: 20
2025-09-20 02:54:39 |     INFO | trainer:257 |    Evaluate every: 20 epochs
2025-09-20 02:54:39 |     INFO | trainer:258 | ================================================================================
2025-09-20 02:54:39 |     INFO | trainer:260 | 🚀 Starting Training Process...
2025-09-20 02:54:39 |     INFO | trainer:261 | ⚙️  Device: mps
2025-09-20 02:54:39 |     INFO | trainer:262 | ================================================================================
2025-09-20 02:54:39 |     INFO | trainer:270 | 🔄 Starting Epoch 1/20
2025-09-20 02:54:39 |     INFO | trainer:271 | --------------------------------------------------
2025-09-20 02:55:32 |     INFO | train:96 | 📈 Epoch 1 Training Results:
2025-09-20 02:55:32 |     INFO | train:97 |    Loss: 0.3683
2025-09-20 02:55:32 |     INFO | train:98 |    Accuracy: 90.47% (60000 samples)
2025-09-20 02:55:32 |     INFO | train:99 |    Precision: 90.54%
2025-09-20 02:55:32 |     INFO | train:100 |    Recall: 90.35%
2025-09-20 02:55:32 |     INFO | train:101 |    F1-Score: 90.37%
2025-09-20 02:55:32 |     INFO | train:102 |    LR: 0.001500
2025-09-20 02:55:38 |     INFO | test:153 | 📊 Epoch 1 Test Results:
2025-09-20 02:55:38 |     INFO | test:154 |    Loss: 0.0859
2025-09-20 02:55:38 |     INFO | test:155 |    Accuracy: 97.51% (10000 samples)
2025-09-20 02:55:38 |     INFO | test:156 |    Precision: 97.53%
2025-09-20 02:55:38 |     INFO | test:157 |    Recall: 97.49%
2025-09-20 02:55:38 |     INFO | test:158 |    F1-Score: 97.50%
2025-09-20 02:55:38 |     INFO | trainer:300 | 🏆 New best model saved! Accuracy: 97.51%
2025-09-20 02:55:38 |     INFO | trainer:306 | 📈 Epoch 1 Summary:
2025-09-20 02:55:38 |     INFO | trainer:307 |    Duration: 58.36s
2025-09-20 02:55:38 |     INFO | trainer:308 |    Train - Loss: 0.3683, Accuracy: 90.47%
2025-09-20 02:55:38 |     INFO | trainer:309 |    Test  - Loss: 0.0859, Accuracy: 97.51%
2025-09-20 02:55:38 |     INFO | trainer:310 |    🏆 Best Test Accuracy: 97.51% (Epoch 1)
2025-09-20 02:55:38 |     INFO | trainer:270 | 🔄 Starting Epoch 2/20
2025-09-20 02:55:38 |     INFO | trainer:271 | --------------------------------------------------
2025-09-20 02:56:28 |     INFO | train:96 | 📈 Epoch 2 Training Results:
2025-09-20 02:56:28 |     INFO | train:97 |    Loss: 0.1080
2025-09-20 02:56:28 |     INFO | train:98 |    Accuracy: 96.80% (60000 samples)
2025-09-20 02:56:28 |     INFO | train:99 |    Precision: 96.78%
2025-09-20 02:56:28 |     INFO | train:100 |    Recall: 96.78%
2025-09-20 02:56:28 |     INFO | train:101 |    F1-Score: 96.78%
2025-09-20 02:56:28 |     INFO | train:102 |    LR: 0.001500
2025-09-20 02:56:33 |     INFO | test:153 | 📊 Epoch 2 Test Results:
2025-09-20 02:56:33 |     INFO | test:154 |    Loss: 0.0598
2025-09-20 02:56:33 |     INFO | test:155 |    Accuracy: 98.08% (10000 samples)
2025-09-20 02:56:33 |     INFO | test:156 |    Precision: 98.08%
2025-09-20 02:56:33 |     INFO | test:157 |    Recall: 98.05%
2025-09-20 02:56:33 |     INFO | test:158 |    F1-Score: 98.06%
2025-09-20 02:56:33 |     INFO | trainer:300 | 🏆 New best model saved! Accuracy: 98.08%
2025-09-20 02:56:33 |     INFO | trainer:306 | 📈 Epoch 2 Summary:
2025-09-20 02:56:33 |     INFO | trainer:307 |    Duration: 55.76s
2025-09-20 02:56:33 |     INFO | trainer:308 |    Train - Loss: 0.1080, Accuracy: 96.80%
2025-09-20 02:56:33 |     INFO | trainer:309 |    Test  - Loss: 0.0598, Accuracy: 98.08%
2025-09-20 02:56:33 |     INFO | trainer:310 |    🏆 Best Test Accuracy: 98.08% (Epoch 2)
2025-09-20 02:56:33 |     INFO | trainer:270 | 🔄 Starting Epoch 3/20
2025-09-20 02:56:33 |     INFO | trainer:271 | --------------------------------------------------
2025-09-20 02:57:23 |     INFO | train:96 | 📈 Epoch 3 Training Results:
2025-09-20 02:57:23 |     INFO | train:97 |    Loss: 0.0906
2025-09-20 02:57:23 |     INFO | train:98 |    Accuracy: 97.18% (60000 samples)
2025-09-20 02:57:23 |     INFO | train:99 |    Precision: 97.17%
2025-09-20 02:57:23 |     INFO | train:100 |    Recall: 97.17%
2025-09-20 02:57:23 |     INFO | train:101 |    F1-Score: 97.16%
2025-09-20 02:57:23 |     INFO | train:102 |    LR: 0.001500
2025-09-20 02:57:29 |     INFO | test:153 | 📊 Epoch 3 Test Results:
2025-09-20 02:57:29 |     INFO | test:154 |    Loss: 0.0590
2025-09-20 02:57:29 |     INFO | test:155 |    Accuracy: 98.08% (10000 samples)
2025-09-20 02:57:29 |     INFO | test:156 |    Precision: 98.07%
2025-09-20 02:57:29 |     INFO | test:157 |    Recall: 98.09%
2025-09-20 02:57:29 |     INFO | test:158 |    F1-Score: 98.07%
2025-09-20 02:57:29 |     INFO | trainer:306 | 📈 Epoch 3 Summary:
2025-09-20 02:57:29 |     INFO | trainer:307 |    Duration: 55.40s
2025-09-20 02:57:29 |     INFO | trainer:308 |    Train - Loss: 0.0906, Accuracy: 97.18%
2025-09-20 02:57:29 |     INFO | trainer:309 |    Test  - Loss: 0.0590, Accuracy: 98.08%
2025-09-20 02:57:29 |     INFO | trainer:310 |    🏆 Best Test Accuracy: 98.08% (Epoch 2)
2025-09-20 02:57:29 |     INFO | trainer:270 | 🔄 Starting Epoch 4/20
2025-09-20 02:57:29 |     INFO | trainer:271 | --------------------------------------------------
2025-09-20 02:58:18 |     INFO | train:96 | 📈 Epoch 4 Training Results:
2025-09-20 02:58:18 |     INFO | train:97 |    Loss: 0.0759
2025-09-20 02:58:18 |     INFO | train:98 |    Accuracy: 97.70% (60000 samples)
2025-09-20 02:58:18 |     INFO | train:99 |    Precision: 97.69%
2025-09-20 02:58:18 |     INFO | train:100 |    Recall: 97.68%
2025-09-20 02:58:18 |     INFO | train:101 |    F1-Score: 97.68%
2025-09-20 02:58:18 |     INFO | train:102 |    LR: 0.001500
2025-09-20 02:58:22 |     INFO | test:153 | 📊 Epoch 4 Test Results:
2025-09-20 02:58:22 |     INFO | test:154 |    Loss: 0.0538
2025-09-20 02:58:22 |     INFO | test:155 |    Accuracy: 98.18% (10000 samples)
2025-09-20 02:58:22 |     INFO | test:156 |    Precision: 98.24%
2025-09-20 02:58:22 |     INFO | test:157 |    Recall: 98.17%
2025-09-20 02:58:22 |     INFO | test:158 |    F1-Score: 98.19%
2025-09-20 02:58:22 |     INFO | trainer:300 | 🏆 New best model saved! Accuracy: 98.18%
2025-09-20 02:58:22 |     INFO | trainer:306 | 📈 Epoch 4 Summary:
2025-09-20 02:58:22 |     INFO | trainer:307 |    Duration: 53.06s
2025-09-20 02:58:22 |     INFO | trainer:308 |    Train - Loss: 0.0759, Accuracy: 97.70%
2025-09-20 02:58:22 |     INFO | trainer:309 |    Test  - Loss: 0.0538, Accuracy: 98.18%
2025-09-20 02:58:22 |     INFO | trainer:310 |    🏆 Best Test Accuracy: 98.18% (Epoch 4)
2025-09-20 02:58:22 |     INFO | trainer:270 | 🔄 Starting Epoch 5/20
2025-09-20 02:58:22 |     INFO | trainer:271 | --------------------------------------------------
2025-09-20 02:59:05 |     INFO | train:96 | 📈 Epoch 5 Training Results:
2025-09-20 02:59:05 |     INFO | train:97 |    Loss: 0.0677
2025-09-20 02:59:05 |     INFO | train:98 |    Accuracy: 97.93% (60000 samples)
2025-09-20 02:59:05 |     INFO | train:99 |    Precision: 97.92%
2025-09-20 02:59:05 |     INFO | train:100 |    Recall: 97.91%
2025-09-20 02:59:05 |     INFO | train:101 |    F1-Score: 97.92%
2025-09-20 02:59:05 |     INFO | train:102 |    LR: 0.001500
2025-09-20 02:59:09 |     INFO | test:153 | 📊 Epoch 5 Test Results:
2025-09-20 02:59:09 |     INFO | test:154 |    Loss: 0.0416
2025-09-20 02:59:09 |     INFO | test:155 |    Accuracy: 98.76% (10000 samples)
2025-09-20 02:59:09 |     INFO | test:156 |    Precision: 98.77%
2025-09-20 02:59:09 |     INFO | test:157 |    Recall: 98.73%
2025-09-20 02:59:09 |     INFO | test:158 |    F1-Score: 98.75%
2025-09-20 02:59:09 |     INFO | trainer:300 | 🏆 New best model saved! Accuracy: 98.76%
2025-09-20 02:59:09 |     INFO | trainer:306 | 📈 Epoch 5 Summary:
2025-09-20 02:59:09 |     INFO | trainer:307 |    Duration: 47.18s
2025-09-20 02:59:09 |     INFO | trainer:308 |    Train - Loss: 0.0677, Accuracy: 97.93%
2025-09-20 02:59:09 |     INFO | trainer:309 |    Test  - Loss: 0.0416, Accuracy: 98.76%
2025-09-20 02:59:09 |     INFO | trainer:310 |    🏆 Best Test Accuracy: 98.76% (Epoch 5)
2025-09-20 02:59:09 |     INFO | trainer:270 | 🔄 Starting Epoch 6/20
2025-09-20 02:59:09 |     INFO | trainer:271 | --------------------------------------------------
2025-09-20 02:59:53 |     INFO | train:96 | 📈 Epoch 6 Training Results:
2025-09-20 02:59:53 |     INFO | train:97 |    Loss: 0.0638
2025-09-20 02:59:53 |     INFO | train:98 |    Accuracy: 98.04% (60000 samples)
2025-09-20 02:59:53 |     INFO | train:99 |    Precision: 98.02%
2025-09-20 02:59:53 |     INFO | train:100 |    Recall: 98.02%
2025-09-20 02:59:53 |     INFO | train:101 |    F1-Score: 98.02%
2025-09-20 02:59:53 |     INFO | train:102 |    LR: 0.001500
2025-09-20 02:59:58 |     INFO | test:153 | 📊 Epoch 6 Test Results:
2025-09-20 02:59:58 |     INFO | test:154 |    Loss: 0.0324
2025-09-20 02:59:58 |     INFO | test:155 |    Accuracy: 98.87% (10000 samples)
2025-09-20 02:59:58 |     INFO | test:156 |    Precision: 98.86%
2025-09-20 02:59:58 |     INFO | test:157 |    Recall: 98.86%
2025-09-20 02:59:58 |     INFO | test:158 |    F1-Score: 98.86%
2025-09-20 02:59:58 |     INFO | trainer:300 | 🏆 New best model saved! Accuracy: 98.87%
2025-09-20 02:59:58 |     INFO | trainer:306 | 📈 Epoch 6 Summary:
2025-09-20 02:59:58 |     INFO | trainer:307 |    Duration: 48.60s
2025-09-20 02:59:58 |     INFO | trainer:308 |    Train - Loss: 0.0638, Accuracy: 98.04%
2025-09-20 02:59:58 |     INFO | trainer:309 |    Test  - Loss: 0.0324, Accuracy: 98.87%
2025-09-20 02:59:58 |     INFO | trainer:310 |    🏆 Best Test Accuracy: 98.87% (Epoch 6)
2025-09-20 02:59:58 |     INFO | trainer:270 | 🔄 Starting Epoch 7/20
2025-09-20 02:59:58 |     INFO | trainer:271 | --------------------------------------------------
2025-09-20 03:00:42 |     INFO | train:96 | 📈 Epoch 7 Training Results:
2025-09-20 03:00:42 |     INFO | train:97 |    Loss: 0.0581
2025-09-20 03:00:42 |     INFO | train:98 |    Accuracy: 98.24% (60000 samples)
2025-09-20 03:00:42 |     INFO | train:99 |    Precision: 98.23%
2025-09-20 03:00:42 |     INFO | train:100 |    Recall: 98.23%
2025-09-20 03:00:42 |     INFO | train:101 |    F1-Score: 98.23%
2025-09-20 03:00:42 |     INFO | train:102 |    LR: 0.001500
2025-09-20 03:00:46 |     INFO | test:153 | 📊 Epoch 7 Test Results:
2025-09-20 03:00:46 |     INFO | test:154 |    Loss: 0.0289
2025-09-20 03:00:46 |     INFO | test:155 |    Accuracy: 99.03% (10000 samples)
2025-09-20 03:00:46 |     INFO | test:156 |    Precision: 99.03%
2025-09-20 03:00:46 |     INFO | test:157 |    Recall: 99.02%
2025-09-20 03:00:46 |     INFO | test:158 |    F1-Score: 99.03%
2025-09-20 03:00:46 |     INFO | trainer:300 | 🏆 New best model saved! Accuracy: 99.03%
2025-09-20 03:00:46 |     INFO | trainer:306 | 📈 Epoch 7 Summary:
2025-09-20 03:00:46 |     INFO | trainer:307 |    Duration: 48.76s
2025-09-20 03:00:46 |     INFO | trainer:308 |    Train - Loss: 0.0581, Accuracy: 98.24%
2025-09-20 03:00:46 |     INFO | trainer:309 |    Test  - Loss: 0.0289, Accuracy: 99.03%
2025-09-20 03:00:46 |     INFO | trainer:310 |    🏆 Best Test Accuracy: 99.03% (Epoch 7)
2025-09-20 03:00:46 |     INFO | trainer:270 | 🔄 Starting Epoch 8/20
2025-09-20 03:00:46 |     INFO | trainer:271 | --------------------------------------------------
2025-09-20 03:01:31 |     INFO | train:96 | 📈 Epoch 8 Training Results:
2025-09-20 03:01:31 |     INFO | train:97 |    Loss: 0.0555
2025-09-20 03:01:31 |     INFO | train:98 |    Accuracy: 98.33% (60000 samples)
2025-09-20 03:01:31 |     INFO | train:99 |    Precision: 98.32%
2025-09-20 03:01:31 |     INFO | train:100 |    Recall: 98.32%
2025-09-20 03:01:31 |     INFO | train:101 |    F1-Score: 98.32%
2025-09-20 03:01:31 |     INFO | train:102 |    LR: 0.001500
2025-09-20 03:01:37 |     INFO | test:153 | 📊 Epoch 8 Test Results:
2025-09-20 03:01:37 |     INFO | test:154 |    Loss: 0.0309
2025-09-20 03:01:37 |     INFO | test:155 |    Accuracy: 99.00% (10000 samples)
2025-09-20 03:01:37 |     INFO | test:156 |    Precision: 99.00%
2025-09-20 03:01:37 |     INFO | test:157 |    Recall: 98.99%
2025-09-20 03:01:37 |     INFO | test:158 |    F1-Score: 98.99%
2025-09-20 03:01:37 |     INFO | trainer:306 | 📈 Epoch 8 Summary:
2025-09-20 03:01:37 |     INFO | trainer:307 |    Duration: 50.51s
2025-09-20 03:01:37 |     INFO | trainer:308 |    Train - Loss: 0.0555, Accuracy: 98.33%
2025-09-20 03:01:37 |     INFO | trainer:309 |    Test  - Loss: 0.0309, Accuracy: 99.00%
2025-09-20 03:01:37 |     INFO | trainer:310 |    🏆 Best Test Accuracy: 99.03% (Epoch 7)
2025-09-20 03:01:37 |     INFO | trainer:270 | 🔄 Starting Epoch 9/20
2025-09-20 03:01:37 |     INFO | trainer:271 | --------------------------------------------------
2025-09-20 03:02:26 |     INFO | train:96 | 📈 Epoch 9 Training Results:
2025-09-20 03:02:26 |     INFO | train:97 |    Loss: 0.0535
2025-09-20 03:02:26 |     INFO | train:98 |    Accuracy: 98.35% (60000 samples)
2025-09-20 03:02:26 |     INFO | train:99 |    Precision: 98.34%
2025-09-20 03:02:26 |     INFO | train:100 |    Recall: 98.33%
2025-09-20 03:02:26 |     INFO | train:101 |    F1-Score: 98.34%
2025-09-20 03:02:26 |     INFO | train:102 |    LR: 0.001500
2025-09-20 03:02:32 |     INFO | test:153 | 📊 Epoch 9 Test Results:
2025-09-20 03:02:32 |     INFO | test:154 |    Loss: 0.0325
2025-09-20 03:02:32 |     INFO | test:155 |    Accuracy: 98.93% (10000 samples)
2025-09-20 03:02:32 |     INFO | test:156 |    Precision: 98.94%
2025-09-20 03:02:32 |     INFO | test:157 |    Recall: 98.91%
2025-09-20 03:02:32 |     INFO | test:158 |    F1-Score: 98.92%
2025-09-20 03:02:32 |     INFO | trainer:306 | 📈 Epoch 9 Summary:
2025-09-20 03:02:32 |     INFO | trainer:307 |    Duration: 55.00s
2025-09-20 03:02:32 |     INFO | trainer:308 |    Train - Loss: 0.0535, Accuracy: 98.35%
2025-09-20 03:02:32 |     INFO | trainer:309 |    Test  - Loss: 0.0325, Accuracy: 98.93%
2025-09-20 03:02:32 |     INFO | trainer:310 |    🏆 Best Test Accuracy: 99.03% (Epoch 7)
2025-09-20 03:02:32 |     INFO | trainer:270 | 🔄 Starting Epoch 10/20
2025-09-20 03:02:32 |     INFO | trainer:271 | --------------------------------------------------
2025-09-20 03:03:23 |     INFO | train:96 | 📈 Epoch 10 Training Results:
2025-09-20 03:03:23 |     INFO | train:97 |    Loss: 0.0494
2025-09-20 03:03:23 |     INFO | train:98 |    Accuracy: 98.43% (60000 samples)
2025-09-20 03:03:23 |     INFO | train:99 |    Precision: 98.42%
2025-09-20 03:03:23 |     INFO | train:100 |    Recall: 98.41%
2025-09-20 03:03:23 |     INFO | train:101 |    F1-Score: 98.42%
2025-09-20 03:03:23 |     INFO | train:102 |    LR: 0.001500
2025-09-20 03:03:28 |     INFO | test:153 | 📊 Epoch 10 Test Results:
2025-09-20 03:03:28 |     INFO | test:154 |    Loss: 0.0291
2025-09-20 03:03:28 |     INFO | test:155 |    Accuracy: 99.11% (10000 samples)
2025-09-20 03:03:28 |     INFO | test:156 |    Precision: 99.11%
2025-09-20 03:03:28 |     INFO | test:157 |    Recall: 99.10%
2025-09-20 03:03:28 |     INFO | test:158 |    F1-Score: 99.11%
2025-09-20 03:03:28 |     INFO | trainer:291 | 📉 Learning rate updated: 0.001500 → 0.000750
2025-09-20 03:03:28 |     INFO | trainer:300 | 🏆 New best model saved! Accuracy: 99.11%
2025-09-20 03:03:28 |     INFO | trainer:306 | 📈 Epoch 10 Summary:
2025-09-20 03:03:28 |     INFO | trainer:307 |    Duration: 56.30s
2025-09-20 03:03:28 |     INFO | trainer:308 |    Train - Loss: 0.0494, Accuracy: 98.43%
2025-09-20 03:03:28 |     INFO | trainer:309 |    Test  - Loss: 0.0291, Accuracy: 99.11%
2025-09-20 03:03:28 |     INFO | trainer:310 |    🏆 Best Test Accuracy: 99.11% (Epoch 10)
2025-09-20 03:03:28 |     INFO | trainer:270 | 🔄 Starting Epoch 11/20
2025-09-20 03:03:28 |     INFO | trainer:271 | --------------------------------------------------
2025-09-20 03:04:17 |     INFO | train:96 | 📈 Epoch 11 Training Results:
2025-09-20 03:04:17 |     INFO | train:97 |    Loss: 0.0437
2025-09-20 03:04:17 |     INFO | train:98 |    Accuracy: 98.58% (60000 samples)
2025-09-20 03:04:17 |     INFO | train:99 |    Precision: 98.58%
2025-09-20 03:04:17 |     INFO | train:100 |    Recall: 98.57%
2025-09-20 03:04:17 |     INFO | train:101 |    F1-Score: 98.57%
2025-09-20 03:04:17 |     INFO | train:102 |    LR: 0.000750
2025-09-20 03:04:23 |     INFO | test:153 | 📊 Epoch 11 Test Results:
2025-09-20 03:04:23 |     INFO | test:154 |    Loss: 0.0250
2025-09-20 03:04:23 |     INFO | test:155 |    Accuracy: 99.25% (10000 samples)
2025-09-20 03:04:23 |     INFO | test:156 |    Precision: 99.26%
2025-09-20 03:04:23 |     INFO | test:157 |    Recall: 99.24%
2025-09-20 03:04:23 |     INFO | test:158 |    F1-Score: 99.25%
2025-09-20 03:04:23 |     INFO | trainer:300 | 🏆 New best model saved! Accuracy: 99.25%
2025-09-20 03:04:23 |     INFO | trainer:306 | 📈 Epoch 11 Summary:
2025-09-20 03:04:23 |     INFO | trainer:307 |    Duration: 54.77s
2025-09-20 03:04:23 |     INFO | trainer:308 |    Train - Loss: 0.0437, Accuracy: 98.58%
2025-09-20 03:04:23 |     INFO | trainer:309 |    Test  - Loss: 0.0250, Accuracy: 99.25%
2025-09-20 03:04:23 |     INFO | trainer:310 |    🏆 Best Test Accuracy: 99.25% (Epoch 11)
2025-09-20 03:04:23 |     INFO | trainer:270 | 🔄 Starting Epoch 12/20
2025-09-20 03:04:23 |     INFO | trainer:271 | --------------------------------------------------
2025-09-20 03:05:14 |     INFO | train:96 | 📈 Epoch 12 Training Results:
2025-09-20 03:05:14 |     INFO | train:97 |    Loss: 0.0407
2025-09-20 03:05:14 |     INFO | train:98 |    Accuracy: 98.70% (60000 samples)
2025-09-20 03:05:14 |     INFO | train:99 |    Precision: 98.70%
2025-09-20 03:05:14 |     INFO | train:100 |    Recall: 98.70%
2025-09-20 03:05:14 |     INFO | train:101 |    F1-Score: 98.70%
2025-09-20 03:05:14 |     INFO | train:102 |    LR: 0.000750
2025-09-20 03:05:20 |     INFO | test:153 | 📊 Epoch 12 Test Results:
2025-09-20 03:05:20 |     INFO | test:154 |    Loss: 0.0254
2025-09-20 03:05:20 |     INFO | test:155 |    Accuracy: 99.18% (10000 samples)
2025-09-20 03:05:20 |     INFO | test:156 |    Precision: 99.19%
2025-09-20 03:05:20 |     INFO | test:157 |    Recall: 99.18%
2025-09-20 03:05:20 |     INFO | test:158 |    F1-Score: 99.18%
2025-09-20 03:05:20 |     INFO | trainer:306 | 📈 Epoch 12 Summary:
2025-09-20 03:05:20 |     INFO | trainer:307 |    Duration: 56.61s
2025-09-20 03:05:20 |     INFO | trainer:308 |    Train - Loss: 0.0407, Accuracy: 98.70%
2025-09-20 03:05:20 |     INFO | trainer:309 |    Test  - Loss: 0.0254, Accuracy: 99.18%
2025-09-20 03:05:20 |     INFO | trainer:310 |    🏆 Best Test Accuracy: 99.25% (Epoch 11)
2025-09-20 03:05:20 |     INFO | trainer:270 | 🔄 Starting Epoch 13/20
2025-09-20 03:05:20 |     INFO | trainer:271 | --------------------------------------------------
2025-09-20 03:06:10 |     INFO | train:96 | 📈 Epoch 13 Training Results:
2025-09-20 03:06:10 |     INFO | train:97 |    Loss: 0.0388
2025-09-20 03:06:10 |     INFO | train:98 |    Accuracy: 98.83% (60000 samples)
2025-09-20 03:06:10 |     INFO | train:99 |    Precision: 98.83%
2025-09-20 03:06:10 |     INFO | train:100 |    Recall: 98.83%
2025-09-20 03:06:10 |     INFO | train:101 |    F1-Score: 98.83%
2025-09-20 03:06:10 |     INFO | train:102 |    LR: 0.000750
2025-09-20 03:06:16 |     INFO | test:153 | 📊 Epoch 13 Test Results:
2025-09-20 03:06:16 |     INFO | test:154 |    Loss: 0.0245
2025-09-20 03:06:16 |     INFO | test:155 |    Accuracy: 99.26% (10000 samples)
2025-09-20 03:06:16 |     INFO | test:156 |    Precision: 99.27%
2025-09-20 03:06:16 |     INFO | test:157 |    Recall: 99.25%
2025-09-20 03:06:16 |     INFO | test:158 |    F1-Score: 99.26%
2025-09-20 03:06:16 |     INFO | trainer:300 | 🏆 New best model saved! Accuracy: 99.26%
2025-09-20 03:06:16 |     INFO | trainer:306 | 📈 Epoch 13 Summary:
2025-09-20 03:06:16 |     INFO | trainer:307 |    Duration: 56.78s
2025-09-20 03:06:16 |     INFO | trainer:308 |    Train - Loss: 0.0388, Accuracy: 98.83%
2025-09-20 03:06:16 |     INFO | trainer:309 |    Test  - Loss: 0.0245, Accuracy: 99.26%
2025-09-20 03:06:16 |     INFO | trainer:310 |    🏆 Best Test Accuracy: 99.26% (Epoch 13)
2025-09-20 03:06:16 |     INFO | trainer:270 | 🔄 Starting Epoch 14/20
2025-09-20 03:06:16 |     INFO | trainer:271 | --------------------------------------------------
2025-09-20 03:07:08 |     INFO | train:96 | 📈 Epoch 14 Training Results:
2025-09-20 03:07:08 |     INFO | train:97 |    Loss: 0.0390
2025-09-20 03:07:08 |     INFO | train:98 |    Accuracy: 98.78% (60000 samples)
2025-09-20 03:07:08 |     INFO | train:99 |    Precision: 98.78%
2025-09-20 03:07:08 |     INFO | train:100 |    Recall: 98.77%
2025-09-20 03:07:08 |     INFO | train:101 |    F1-Score: 98.78%
2025-09-20 03:07:08 |     INFO | train:102 |    LR: 0.000750
2025-09-20 03:07:14 |     INFO | test:153 | 📊 Epoch 14 Test Results:
2025-09-20 03:07:14 |     INFO | test:154 |    Loss: 0.0247
2025-09-20 03:07:14 |     INFO | test:155 |    Accuracy: 99.23% (10000 samples)
2025-09-20 03:07:14 |     INFO | test:156 |    Precision: 99.24%
2025-09-20 03:07:14 |     INFO | test:157 |    Recall: 99.21%
2025-09-20 03:07:14 |     INFO | test:158 |    F1-Score: 99.22%
2025-09-20 03:07:14 |     INFO | trainer:291 | 📉 Learning rate updated: 0.000750 → 0.000375
2025-09-20 03:07:14 |     INFO | trainer:306 | 📈 Epoch 14 Summary:
2025-09-20 03:07:14 |     INFO | trainer:307 |    Duration: 57.52s
2025-09-20 03:07:14 |     INFO | trainer:308 |    Train - Loss: 0.0390, Accuracy: 98.78%
2025-09-20 03:07:14 |     INFO | trainer:309 |    Test  - Loss: 0.0247, Accuracy: 99.23%
2025-09-20 03:07:14 |     INFO | trainer:310 |    🏆 Best Test Accuracy: 99.26% (Epoch 13)
2025-09-20 03:07:14 |     INFO | trainer:270 | 🔄 Starting Epoch 15/20
2025-09-20 03:07:14 |     INFO | trainer:271 | --------------------------------------------------
2025-09-20 03:08:06 |     INFO | train:96 | 📈 Epoch 15 Training Results:
2025-09-20 03:08:06 |     INFO | train:97 |    Loss: 0.0360
2025-09-20 03:08:06 |     INFO | train:98 |    Accuracy: 98.86% (60000 samples)
2025-09-20 03:08:06 |     INFO | train:99 |    Precision: 98.86%
2025-09-20 03:08:06 |     INFO | train:100 |    Recall: 98.85%
2025-09-20 03:08:06 |     INFO | train:101 |    F1-Score: 98.86%
2025-09-20 03:08:06 |     INFO | train:102 |    LR: 0.000375
2025-09-20 03:08:12 |     INFO | test:153 | 📊 Epoch 15 Test Results:
2025-09-20 03:08:12 |     INFO | test:154 |    Loss: 0.0244
2025-09-20 03:08:12 |     INFO | test:155 |    Accuracy: 99.32% (10000 samples)
2025-09-20 03:08:12 |     INFO | test:156 |    Precision: 99.32%
2025-09-20 03:08:12 |     INFO | test:157 |    Recall: 99.31%
2025-09-20 03:08:12 |     INFO | test:158 |    F1-Score: 99.32%
2025-09-20 03:08:12 |     INFO | trainer:300 | 🏆 New best model saved! Accuracy: 99.32%
2025-09-20 03:08:12 |     INFO | trainer:306 | 📈 Epoch 15 Summary:
2025-09-20 03:08:12 |     INFO | trainer:307 |    Duration: 58.58s
2025-09-20 03:08:12 |     INFO | trainer:308 |    Train - Loss: 0.0360, Accuracy: 98.86%
2025-09-20 03:08:12 |     INFO | trainer:309 |    Test  - Loss: 0.0244, Accuracy: 99.32%
2025-09-20 03:08:12 |     INFO | trainer:310 |    🏆 Best Test Accuracy: 99.32% (Epoch 15)
2025-09-20 03:08:12 |     INFO | trainer:270 | 🔄 Starting Epoch 16/20
2025-09-20 03:08:12 |     INFO | trainer:271 | --------------------------------------------------
2025-09-20 03:09:05 |     INFO | train:96 | 📈 Epoch 16 Training Results:
2025-09-20 03:09:05 |     INFO | train:97 |    Loss: 0.0348
2025-09-20 03:09:05 |     INFO | train:98 |    Accuracy: 98.90% (60000 samples)
2025-09-20 03:09:05 |     INFO | train:99 |    Precision: 98.89%
2025-09-20 03:09:05 |     INFO | train:100 |    Recall: 98.89%
2025-09-20 03:09:05 |     INFO | train:101 |    F1-Score: 98.89%
2025-09-20 03:09:05 |     INFO | train:102 |    LR: 0.000375
2025-09-20 03:09:11 |     INFO | test:153 | 📊 Epoch 16 Test Results:
2025-09-20 03:09:11 |     INFO | test:154 |    Loss: 0.0223
2025-09-20 03:09:11 |     INFO | test:155 |    Accuracy: 99.29% (10000 samples)
2025-09-20 03:09:11 |     INFO | test:156 |    Precision: 99.30%
2025-09-20 03:09:11 |     INFO | test:157 |    Recall: 99.28%
2025-09-20 03:09:11 |     INFO | test:158 |    F1-Score: 99.29%
2025-09-20 03:09:11 |     INFO | trainer:306 | 📈 Epoch 16 Summary:
2025-09-20 03:09:11 |     INFO | trainer:307 |    Duration: 58.74s
2025-09-20 03:09:11 |     INFO | trainer:308 |    Train - Loss: 0.0348, Accuracy: 98.90%
2025-09-20 03:09:11 |     INFO | trainer:309 |    Test  - Loss: 0.0223, Accuracy: 99.29%
2025-09-20 03:09:11 |     INFO | trainer:310 |    🏆 Best Test Accuracy: 99.32% (Epoch 15)
2025-09-20 03:09:11 |     INFO | trainer:270 | 🔄 Starting Epoch 17/20
2025-09-20 03:09:11 |     INFO | trainer:271 | --------------------------------------------------
2025-09-20 03:10:04 |     INFO | train:96 | 📈 Epoch 17 Training Results:
2025-09-20 03:10:04 |     INFO | train:97 |    Loss: 0.0343
2025-09-20 03:10:04 |     INFO | train:98 |    Accuracy: 98.91% (60000 samples)
2025-09-20 03:10:04 |     INFO | train:99 |    Precision: 98.91%
2025-09-20 03:10:04 |     INFO | train:100 |    Recall: 98.90%
2025-09-20 03:10:04 |     INFO | train:101 |    F1-Score: 98.91%
2025-09-20 03:10:04 |     INFO | train:102 |    LR: 0.000375
2025-09-20 03:10:10 |     INFO | test:153 | 📊 Epoch 17 Test Results:
2025-09-20 03:10:10 |     INFO | test:154 |    Loss: 0.0228
2025-09-20 03:10:10 |     INFO | test:155 |    Accuracy: 99.32% (10000 samples)
2025-09-20 03:10:10 |     INFO | test:156 |    Precision: 99.32%
2025-09-20 03:10:10 |     INFO | test:157 |    Recall: 99.31%
2025-09-20 03:10:10 |     INFO | test:158 |    F1-Score: 99.32%
2025-09-20 03:10:10 |     INFO | trainer:291 | 📉 Learning rate updated: 0.000375 → 0.000188
2025-09-20 03:10:10 |     INFO | trainer:306 | 📈 Epoch 17 Summary:
2025-09-20 03:10:10 |     INFO | trainer:307 |    Duration: 59.07s
2025-09-20 03:10:10 |     INFO | trainer:308 |    Train - Loss: 0.0343, Accuracy: 98.91%
2025-09-20 03:10:10 |     INFO | trainer:309 |    Test  - Loss: 0.0228, Accuracy: 99.32%
2025-09-20 03:10:10 |     INFO | trainer:310 |    🏆 Best Test Accuracy: 99.32% (Epoch 15)
2025-09-20 03:10:10 |     INFO | trainer:270 | 🔄 Starting Epoch 18/20
2025-09-20 03:10:10 |     INFO | trainer:271 | --------------------------------------------------
2025-09-20 03:11:03 |     INFO | train:96 | 📈 Epoch 18 Training Results:
2025-09-20 03:11:03 |     INFO | train:97 |    Loss: 0.0330
2025-09-20 03:11:03 |     INFO | train:98 |    Accuracy: 99.01% (60000 samples)
2025-09-20 03:11:03 |     INFO | train:99 |    Precision: 99.00%
2025-09-20 03:11:03 |     INFO | train:100 |    Recall: 99.00%
2025-09-20 03:11:03 |     INFO | train:101 |    F1-Score: 99.00%
2025-09-20 03:11:03 |     INFO | train:102 |    LR: 0.000188
2025-09-20 03:11:09 |     INFO | test:153 | 📊 Epoch 18 Test Results:
2025-09-20 03:11:09 |     INFO | test:154 |    Loss: 0.0217
2025-09-20 03:11:09 |     INFO | test:155 |    Accuracy: 99.38% (10000 samples)
2025-09-20 03:11:09 |     INFO | test:156 |    Precision: 99.38%
2025-09-20 03:11:09 |     INFO | test:157 |    Recall: 99.37%
2025-09-20 03:11:09 |     INFO | test:158 |    F1-Score: 99.38%
2025-09-20 03:11:09 |     INFO | trainer:300 | 🏆 New best model saved! Accuracy: 99.38%
2025-09-20 03:11:09 |     INFO | trainer:306 | 📈 Epoch 18 Summary:
2025-09-20 03:11:09 |     INFO | trainer:307 |    Duration: 58.85s
2025-09-20 03:11:09 |     INFO | trainer:308 |    Train - Loss: 0.0330, Accuracy: 99.01%
2025-09-20 03:11:09 |     INFO | trainer:309 |    Test  - Loss: 0.0217, Accuracy: 99.38%
2025-09-20 03:11:09 |     INFO | trainer:310 |    🏆 Best Test Accuracy: 99.38% (Epoch 18)
2025-09-20 03:11:09 |     INFO | trainer:270 | 🔄 Starting Epoch 19/20
2025-09-20 03:11:09 |     INFO | trainer:271 | --------------------------------------------------
2025-09-20 03:12:03 |     INFO | train:96 | 📈 Epoch 19 Training Results:
2025-09-20 03:12:03 |     INFO | train:97 |    Loss: 0.0310
2025-09-20 03:12:03 |     INFO | train:98 |    Accuracy: 99.04% (60000 samples)
2025-09-20 03:12:03 |     INFO | train:99 |    Precision: 99.03%
2025-09-20 03:12:03 |     INFO | train:100 |    Recall: 99.03%
2025-09-20 03:12:03 |     INFO | train:101 |    F1-Score: 99.03%
2025-09-20 03:12:03 |     INFO | train:102 |    LR: 0.000188
2025-09-20 03:12:09 |     INFO | test:153 | 📊 Epoch 19 Test Results:
2025-09-20 03:12:09 |     INFO | test:154 |    Loss: 0.0203
2025-09-20 03:12:09 |     INFO | test:155 |    Accuracy: 99.36% (10000 samples)
2025-09-20 03:12:09 |     INFO | test:156 |    Precision: 99.37%
2025-09-20 03:12:09 |     INFO | test:157 |    Recall: 99.35%
2025-09-20 03:12:09 |     INFO | test:158 |    F1-Score: 99.36%
2025-09-20 03:12:09 |     INFO | trainer:306 | 📈 Epoch 19 Summary:
2025-09-20 03:12:09 |     INFO | trainer:307 |    Duration: 60.31s
2025-09-20 03:12:09 |     INFO | trainer:308 |    Train - Loss: 0.0310, Accuracy: 99.04%
2025-09-20 03:12:09 |     INFO | trainer:309 |    Test  - Loss: 0.0203, Accuracy: 99.36%
2025-09-20 03:12:09 |     INFO | trainer:310 |    🏆 Best Test Accuracy: 99.38% (Epoch 18)
2025-09-20 03:12:09 |     INFO | trainer:270 | 🔄 Starting Epoch 20/20
2025-09-20 03:12:09 |     INFO | trainer:271 | --------------------------------------------------
2025-09-20 03:13:03 |     INFO | train:96 | 📈 Epoch 20 Training Results:
2025-09-20 03:13:03 |     INFO | train:97 |    Loss: 0.0312
2025-09-20 03:13:03 |     INFO | train:98 |    Accuracy: 98.97% (60000 samples)
2025-09-20 03:13:03 |     INFO | train:99 |    Precision: 98.96%
2025-09-20 03:13:03 |     INFO | train:100 |    Recall: 98.97%
2025-09-20 03:13:03 |     INFO | train:101 |    F1-Score: 98.96%
2025-09-20 03:13:03 |     INFO | train:102 |    LR: 0.000188
2025-09-20 03:13:09 |     INFO | test:153 | 📊 Epoch 20 Test Results:
2025-09-20 03:13:09 |     INFO | test:154 |    Loss: 0.0218
2025-09-20 03:13:09 |     INFO | test:155 |    Accuracy: 99.38% (10000 samples)
2025-09-20 03:13:09 |     INFO | test:156 |    Precision: 99.38%
2025-09-20 03:13:09 |     INFO | test:157 |    Recall: 99.37%
2025-09-20 03:13:09 |     INFO | test:158 |    F1-Score: 99.38%
2025-09-20 03:13:09 |     INFO | trainer:306 | 📈 Epoch 20 Summary:
2025-09-20 03:13:09 |     INFO | trainer:307 |    Duration: 59.32s
2025-09-20 03:13:09 |     INFO | trainer:308 |    Train - Loss: 0.0312, Accuracy: 98.97%
2025-09-20 03:13:09 |     INFO | trainer:309 |    Test  - Loss: 0.0218, Accuracy: 99.38%
2025-09-20 03:13:09 |     INFO | trainer:310 |    🏆 Best Test Accuracy: 99.38% (Epoch 18)
2025-09-20 03:13:09 |     INFO | evaluate_model:225 | 🔍 Epoch 20 Evaluation:
2025-09-20 03:13:09 |     INFO | evaluate_model:226 |    Sample accuracy: 5/5 (100.0%)
2025-09-20 03:13:09 |     INFO | evaluate_model:227 |    Predictions saved to: logs/mnist_fully_cnn_tiny4k_params_reducelronplateaue_/predictions_epoch_20.png
2025-09-20 03:13:09 |     INFO | trainer:320 | ================================================================================
2025-09-20 03:13:09 |     INFO | trainer:321 | ✅ Training Complete!
2025-09-20 03:13:09 |     INFO | trainer:322 | 🏆 Best Test Accuracy: 99.38% achieved at Epoch 18
2025-09-20 03:13:09 |     INFO | trainer:323 | ⏱️ Total training time: 1109.90s (18.5min)
2025-09-20 03:13:09 |     INFO | trainer:327 | 💾 Final model saved to: models/mnist_fully_cnn.pth
2025-09-20 03:13:09 |     INFO | trainer:330 | 💾 Best model saved to: models/mnist_fully_cnn_best.pth
2025-09-20 03:13:09 |     INFO | trainer:335 | 📊 Training plots saved to: logs/mnist_fully_cnn_tiny4k_params_reducelronplateaue_/training_history.png
2025-09-20 03:13:09 |     INFO | save_metrics_to_json:175 | 💾 Metrics saved to: logs/mnist_fully_cnn_tiny4k_params_reducelronplateaue_/metrics.json
2025-09-20 03:13:09 |     INFO | trainer:355 | 🎯 Experiment completed successfully!
2025-09-20 03:13:09 |     INFO | trainer:356 | 📁 All results saved in: logs/mnist_fully_cnn_tiny4k_params_reducelronplateaue_
