2025-09-19 11:33:21 |     INFO | setup_logging:84 | ================================================================================
2025-09-19 11:33:21 |     INFO | setup_logging:85 | 🚀 Starting experiment: mnist_fully_cnn_tiny4k_params_onecyclepolicy
2025-09-19 11:33:21 |     INFO | setup_logging:86 | 📁 Experiment directory: logs/mnist_fully_cnn_tiny4k_params_onecyclepolicy
2025-09-19 11:33:21 |     INFO | setup_logging:87 | 💾 Log file: logs/mnist_fully_cnn_tiny4k_params_onecyclepolicy/training.log
2025-09-19 11:33:21 |     INFO | setup_logging:88 | ================================================================================
2025-09-19 11:33:21 |     INFO | setup_onecycle_policy:185 | 🔍 Running LR Finder to determine optimal learning rate...
2025-09-19 11:33:46 |     INFO | setup_onecycle_policy:216 | 📈 Using max_lr = 5.17e-03 for OneCycleLR (strategy: manual)
2025-09-19 11:33:46 |     INFO | create_onecycle_scheduler:147 | 📈 OneCycleLR Scheduler Configuration:
2025-09-19 11:33:46 |     INFO | create_onecycle_scheduler:148 |    Max LR: 5.17e-03
2025-09-19 11:33:46 |     INFO | create_onecycle_scheduler:149 |    Initial LR: 5.17e-04
2025-09-19 11:33:46 |     INFO | create_onecycle_scheduler:150 |    Final LR: 5.17e-06
2025-09-19 11:33:46 |     INFO | create_onecycle_scheduler:151 |    Total steps: 18760
2025-09-19 11:33:46 |     INFO | create_onecycle_scheduler:152 |    Pct start: 0.1
2025-09-19 11:33:46 |     INFO | create_onecycle_scheduler:153 |    Anneal strategy: cos
2025-09-19 11:33:46 |     INFO | create_onecycle_scheduler:154 |    Cycle momentum: True
2025-09-19 11:33:46 |     INFO | log_model_info:98 | 📋 Detailed Model Summary:
2025-09-19 11:33:46 |     INFO | log_model_info:99 | ------------------------------------------------------------
2025-09-19 11:33:47 |     INFO | log_model_info:112 |    ==========================================================================================
2025-09-19 11:33:47 |     INFO | log_model_info:112 |    Layer (type:depth-idx)                   Output Shape              Param #
2025-09-19 11:33:47 |     INFO | log_model_info:112 |    ==========================================================================================
2025-09-19 11:33:47 |     INFO | log_model_info:112 |    ├─Sequential: 1-1                        [-1, 8, 14, 14]           --
2025-09-19 11:33:47 |     INFO | log_model_info:112 |    |    └─Conv2d: 2-1                       [-1, 8, 28, 28]           80
2025-09-19 11:33:47 |     INFO | log_model_info:112 |    |    └─ReLU: 2-2                         [-1, 8, 28, 28]           --
2025-09-19 11:33:47 |     INFO | log_model_info:112 |    |    └─BatchNorm2d: 2-3                  [-1, 8, 28, 28]           16
2025-09-19 11:33:47 |     INFO | log_model_info:112 |    |    └─Conv2d: 2-4                       [-1, 8, 28, 28]           584
2025-09-19 11:33:47 |     INFO | log_model_info:112 |    |    └─ReLU: 2-5                         [-1, 8, 28, 28]           --
2025-09-19 11:33:47 |     INFO | log_model_info:112 |    |    └─BatchNorm2d: 2-6                  [-1, 8, 28, 28]           16
2025-09-19 11:33:47 |     INFO | log_model_info:112 |    |    └─Dropout: 2-7                      [-1, 8, 28, 28]           --
2025-09-19 11:33:47 |     INFO | log_model_info:112 |    |    └─MaxPool2d: 2-8                    [-1, 8, 14, 14]           --
2025-09-19 11:33:47 |     INFO | log_model_info:112 |    ├─Sequential: 1-2                        [-1, 12, 7, 7]            --
2025-09-19 11:33:47 |     INFO | log_model_info:112 |    |    └─Conv2d: 2-9                       [-1, 12, 14, 14]          876
2025-09-19 11:33:47 |     INFO | log_model_info:112 |    |    └─ReLU: 2-10                        [-1, 12, 14, 14]          --
2025-09-19 11:33:47 |     INFO | log_model_info:112 |    |    └─BatchNorm2d: 2-11                 [-1, 12, 14, 14]          24
2025-09-19 11:33:47 |     INFO | log_model_info:112 |    |    └─Conv2d: 2-12                      [-1, 12, 14, 14]          1,308
2025-09-19 11:33:47 |     INFO | log_model_info:112 |    |    └─ReLU: 2-13                        [-1, 12, 14, 14]          --
2025-09-19 11:33:47 |     INFO | log_model_info:112 |    |    └─BatchNorm2d: 2-14                 [-1, 12, 14, 14]          24
2025-09-19 11:33:47 |     INFO | log_model_info:112 |    |    └─Dropout: 2-15                     [-1, 12, 14, 14]          --
2025-09-19 11:33:47 |     INFO | log_model_info:112 |    |    └─MaxPool2d: 2-16                   [-1, 12, 7, 7]            --
2025-09-19 11:33:47 |     INFO | log_model_info:112 |    ├─Sequential: 1-3                        [-1, 16, 7, 7]            --
2025-09-19 11:33:47 |     INFO | log_model_info:112 |    |    └─Conv2d: 2-17                      [-1, 16, 7, 7]            1,744
2025-09-19 11:33:47 |     INFO | log_model_info:112 |    |    └─ReLU: 2-18                        [-1, 16, 7, 7]            --
2025-09-19 11:33:47 |     INFO | log_model_info:112 |    |    └─BatchNorm2d: 2-19                 [-1, 16, 7, 7]            32
2025-09-19 11:33:47 |     INFO | log_model_info:112 |    |    └─Dropout: 2-20                     [-1, 16, 7, 7]            --
2025-09-19 11:33:47 |     INFO | log_model_info:112 |    ├─Sequential: 1-4                        [-1, 10, 1, 1]            --
2025-09-19 11:33:47 |     INFO | log_model_info:112 |    |    └─Conv2d: 2-21                      [-1, 10, 7, 7]            170
2025-09-19 11:33:47 |     INFO | log_model_info:112 |    |    └─AdaptiveAvgPool2d: 2-22           [-1, 10, 1, 1]            --
2025-09-19 11:33:47 |     INFO | log_model_info:112 |    ==========================================================================================
2025-09-19 11:33:47 |     INFO | log_model_info:112 |    Total params: 4,874
2025-09-19 11:33:47 |     INFO | log_model_info:112 |    Trainable params: 4,874
2025-09-19 11:33:47 |     INFO | log_model_info:112 |    Non-trainable params: 0
2025-09-19 11:33:47 |     INFO | log_model_info:112 |    Total mult-adds (M): 1.03
2025-09-19 11:33:47 |     INFO | log_model_info:112 |    ==========================================================================================
2025-09-19 11:33:47 |     INFO | log_model_info:112 |    Input size (MB): 0.00
2025-09-19 11:33:47 |     INFO | log_model_info:112 |    Forward/backward pass size (MB): 0.28
2025-09-19 11:33:47 |     INFO | log_model_info:112 |    Params size (MB): 0.02
2025-09-19 11:33:47 |     INFO | log_model_info:112 |    Estimated Total Size (MB): 0.30
2025-09-19 11:33:47 |     INFO | log_model_info:112 |    ==========================================================================================
2025-09-19 11:33:47 |     INFO | log_model_info:123 | ------------------------------------------------------------
2025-09-19 11:33:47 |     INFO | log_dataset_info:130 | 📊 Dataset Information:
2025-09-19 11:33:47 |     INFO | log_dataset_info:131 |    Training batches: 938
2025-09-19 11:33:47 |     INFO | log_dataset_info:132 |    Test batches: 157
2025-09-19 11:33:47 |     INFO | log_dataset_info:133 |    Training samples: 60,000
2025-09-19 11:33:47 |     INFO | log_dataset_info:134 |    Test samples: 10,000
2025-09-19 11:33:47 |     INFO | log_dataset_info:135 |    Batch size: 64
2025-09-19 11:33:47 |     INFO | log_training_config:142 | ⚙️ Training Configuration:
2025-09-19 11:33:47 |     INFO | log_training_config:143 |    Device: mps
2025-09-19 11:33:47 |     INFO | log_training_config:144 |    Optimizer: Adam
2025-09-19 11:33:47 |     INFO | log_training_config:145 |    Learning rate: 0.0005170000000000001
2025-09-19 11:33:47 |     INFO | log_training_config:146 |    Loss function: CrossEntropyLoss
2025-09-19 11:33:47 |     INFO | log_training_config:149 |    Scheduler: OneCycleLR
2025-09-19 11:33:47 |     INFO | trainer:248 | 🎯 Training Configuration:
2025-09-19 11:33:47 |     INFO | trainer:249 |    Epochs: 20
2025-09-19 11:33:47 |     INFO | trainer:250 |    Evaluate every: 20 epochs
2025-09-19 11:33:47 |     INFO | trainer:251 | ================================================================================
2025-09-19 11:33:47 |     INFO | trainer:253 | 🚀 Starting Training Process...
2025-09-19 11:33:47 |     INFO | trainer:254 | ⚙️  Device: mps
2025-09-19 11:33:47 |     INFO | trainer:255 | ================================================================================
2025-09-19 11:33:47 |     INFO | trainer:263 | 🔄 Starting Epoch 1/20
2025-09-19 11:33:47 |     INFO | trainer:264 | --------------------------------------------------
2025-09-19 11:34:20 |     INFO | train:89 | 📈 Epoch 1 Training Results:
2025-09-19 11:34:20 |     INFO | train:90 |    Loss: 1.0006
2025-09-19 11:34:20 |     INFO | train:91 |    Accuracy: 73.95% (60000 samples)
2025-09-19 11:34:20 |     INFO | train:92 |    Precision: 77.07%
2025-09-19 11:34:20 |     INFO | train:93 |    Recall: 73.78%
2025-09-19 11:34:20 |     INFO | train:94 |    F1-Score: 73.94%
2025-09-19 11:34:20 |     INFO | train:95 |    LR: 0.000517
2025-09-19 11:34:24 |     INFO | test:146 | 📊 Epoch 1 Test Results:
2025-09-19 11:34:24 |     INFO | test:147 |    Loss: 0.2546
2025-09-19 11:34:24 |     INFO | test:148 |    Accuracy: 95.18% (10000 samples)
2025-09-19 11:34:24 |     INFO | test:149 |    Precision: 95.19%
2025-09-19 11:34:24 |     INFO | test:150 |    Recall: 95.16%
2025-09-19 11:34:24 |     INFO | test:151 |    F1-Score: 95.15%
2025-09-19 11:34:24 |     INFO | trainer:287 | 🏆 New best model saved! Accuracy: 95.18%
2025-09-19 11:34:24 |     INFO | trainer:293 | 📈 Epoch 1 Summary:
2025-09-19 11:34:24 |     INFO | trainer:294 |    Duration: 37.79s
2025-09-19 11:34:24 |     INFO | trainer:295 |    Train - Loss: 1.0006, Accuracy: 73.95%
2025-09-19 11:34:24 |     INFO | trainer:296 |    Test  - Loss: 0.2546, Accuracy: 95.18%
2025-09-19 11:34:24 |     INFO | trainer:297 |    🏆 Best Test Accuracy: 95.18% (Epoch 1)
2025-09-19 11:34:24 |     INFO | trainer:263 | 🔄 Starting Epoch 2/20
2025-09-19 11:34:24 |     INFO | trainer:264 | --------------------------------------------------
2025-09-19 11:34:57 |     INFO | train:89 | 📈 Epoch 2 Training Results:
2025-09-19 11:34:57 |     INFO | train:90 |    Loss: 0.2416
2025-09-19 11:34:57 |     INFO | train:91 |    Accuracy: 94.36% (60000 samples)
2025-09-19 11:34:57 |     INFO | train:92 |    Precision: 94.32%
2025-09-19 11:34:57 |     INFO | train:93 |    Recall: 94.31%
2025-09-19 11:34:57 |     INFO | train:94 |    F1-Score: 94.31%
2025-09-19 11:34:57 |     INFO | train:95 |    LR: 0.000517
2025-09-19 11:35:00 |     INFO | test:146 | 📊 Epoch 2 Test Results:
2025-09-19 11:35:00 |     INFO | test:147 |    Loss: 0.1193
2025-09-19 11:35:00 |     INFO | test:148 |    Accuracy: 96.83% (10000 samples)
2025-09-19 11:35:00 |     INFO | test:149 |    Precision: 96.83%
2025-09-19 11:35:00 |     INFO | test:150 |    Recall: 96.80%
2025-09-19 11:35:00 |     INFO | test:151 |    F1-Score: 96.81%
2025-09-19 11:35:00 |     INFO | trainer:287 | 🏆 New best model saved! Accuracy: 96.83%
2025-09-19 11:35:00 |     INFO | trainer:293 | 📈 Epoch 2 Summary:
2025-09-19 11:35:00 |     INFO | trainer:294 |    Duration: 36.09s
2025-09-19 11:35:00 |     INFO | trainer:295 |    Train - Loss: 0.2416, Accuracy: 94.36%
2025-09-19 11:35:00 |     INFO | trainer:296 |    Test  - Loss: 0.1193, Accuracy: 96.83%
2025-09-19 11:35:00 |     INFO | trainer:297 |    🏆 Best Test Accuracy: 96.83% (Epoch 2)
2025-09-19 11:35:00 |     INFO | trainer:263 | 🔄 Starting Epoch 3/20
2025-09-19 11:35:00 |     INFO | trainer:264 | --------------------------------------------------
2025-09-19 11:35:33 |     INFO | train:89 | 📈 Epoch 3 Training Results:
2025-09-19 11:35:33 |     INFO | train:90 |    Loss: 0.1594
2025-09-19 11:35:33 |     INFO | train:91 |    Accuracy: 95.70% (60000 samples)
2025-09-19 11:35:33 |     INFO | train:92 |    Precision: 95.67%
2025-09-19 11:35:33 |     INFO | train:93 |    Recall: 95.67%
2025-09-19 11:35:33 |     INFO | train:94 |    F1-Score: 95.67%
2025-09-19 11:35:33 |     INFO | train:95 |    LR: 0.000517
2025-09-19 11:35:37 |     INFO | test:146 | 📊 Epoch 3 Test Results:
2025-09-19 11:35:37 |     INFO | test:147 |    Loss: 0.0868
2025-09-19 11:35:37 |     INFO | test:148 |    Accuracy: 97.63% (10000 samples)
2025-09-19 11:35:37 |     INFO | test:149 |    Precision: 97.65%
2025-09-19 11:35:37 |     INFO | test:150 |    Recall: 97.60%
2025-09-19 11:35:37 |     INFO | test:151 |    F1-Score: 97.62%
2025-09-19 11:35:37 |     INFO | trainer:287 | 🏆 New best model saved! Accuracy: 97.63%
2025-09-19 11:35:37 |     INFO | trainer:293 | 📈 Epoch 3 Summary:
2025-09-19 11:35:37 |     INFO | trainer:294 |    Duration: 36.31s
2025-09-19 11:35:37 |     INFO | trainer:295 |    Train - Loss: 0.1594, Accuracy: 95.70%
2025-09-19 11:35:37 |     INFO | trainer:296 |    Test  - Loss: 0.0868, Accuracy: 97.63%
2025-09-19 11:35:37 |     INFO | trainer:297 |    🏆 Best Test Accuracy: 97.63% (Epoch 3)
2025-09-19 11:35:37 |     INFO | trainer:263 | 🔄 Starting Epoch 4/20
2025-09-19 11:35:37 |     INFO | trainer:264 | --------------------------------------------------
2025-09-19 11:36:10 |     INFO | train:89 | 📈 Epoch 4 Training Results:
2025-09-19 11:36:10 |     INFO | train:90 |    Loss: 0.1272
2025-09-19 11:36:10 |     INFO | train:91 |    Accuracy: 96.42% (60000 samples)
2025-09-19 11:36:10 |     INFO | train:92 |    Precision: 96.40%
2025-09-19 11:36:10 |     INFO | train:93 |    Recall: 96.39%
2025-09-19 11:36:10 |     INFO | train:94 |    F1-Score: 96.39%
2025-09-19 11:36:10 |     INFO | train:95 |    LR: 0.000517
2025-09-19 11:36:14 |     INFO | test:146 | 📊 Epoch 4 Test Results:
2025-09-19 11:36:14 |     INFO | test:147 |    Loss: 0.0759
2025-09-19 11:36:14 |     INFO | test:148 |    Accuracy: 97.67% (10000 samples)
2025-09-19 11:36:14 |     INFO | test:149 |    Precision: 97.69%
2025-09-19 11:36:14 |     INFO | test:150 |    Recall: 97.64%
2025-09-19 11:36:14 |     INFO | test:151 |    F1-Score: 97.66%
2025-09-19 11:36:14 |     INFO | trainer:287 | 🏆 New best model saved! Accuracy: 97.67%
2025-09-19 11:36:14 |     INFO | trainer:293 | 📈 Epoch 4 Summary:
2025-09-19 11:36:14 |     INFO | trainer:294 |    Duration: 37.16s
2025-09-19 11:36:14 |     INFO | trainer:295 |    Train - Loss: 0.1272, Accuracy: 96.42%
2025-09-19 11:36:14 |     INFO | trainer:296 |    Test  - Loss: 0.0759, Accuracy: 97.67%
2025-09-19 11:36:14 |     INFO | trainer:297 |    🏆 Best Test Accuracy: 97.67% (Epoch 4)
2025-09-19 11:36:14 |     INFO | trainer:263 | 🔄 Starting Epoch 5/20
2025-09-19 11:36:14 |     INFO | trainer:264 | --------------------------------------------------
2025-09-19 11:36:48 |     INFO | train:89 | 📈 Epoch 5 Training Results:
2025-09-19 11:36:48 |     INFO | train:90 |    Loss: 0.1112
2025-09-19 11:36:48 |     INFO | train:91 |    Accuracy: 96.84% (60000 samples)
2025-09-19 11:36:48 |     INFO | train:92 |    Precision: 96.82%
2025-09-19 11:36:48 |     INFO | train:93 |    Recall: 96.82%
2025-09-19 11:36:48 |     INFO | train:94 |    F1-Score: 96.82%
2025-09-19 11:36:48 |     INFO | train:95 |    LR: 0.000517
2025-09-19 11:36:52 |     INFO | test:146 | 📊 Epoch 5 Test Results:
2025-09-19 11:36:52 |     INFO | test:147 |    Loss: 0.0631
2025-09-19 11:36:52 |     INFO | test:148 |    Accuracy: 98.08% (10000 samples)
2025-09-19 11:36:52 |     INFO | test:149 |    Precision: 98.08%
2025-09-19 11:36:52 |     INFO | test:150 |    Recall: 98.07%
2025-09-19 11:36:52 |     INFO | test:151 |    F1-Score: 98.07%
2025-09-19 11:36:52 |     INFO | trainer:287 | 🏆 New best model saved! Accuracy: 98.08%
2025-09-19 11:36:52 |     INFO | trainer:293 | 📈 Epoch 5 Summary:
2025-09-19 11:36:52 |     INFO | trainer:294 |    Duration: 38.07s
2025-09-19 11:36:52 |     INFO | trainer:295 |    Train - Loss: 0.1112, Accuracy: 96.84%
2025-09-19 11:36:52 |     INFO | trainer:296 |    Test  - Loss: 0.0631, Accuracy: 98.08%
2025-09-19 11:36:52 |     INFO | trainer:297 |    🏆 Best Test Accuracy: 98.08% (Epoch 5)
2025-09-19 11:36:52 |     INFO | trainer:263 | 🔄 Starting Epoch 6/20
2025-09-19 11:36:52 |     INFO | trainer:264 | --------------------------------------------------
2025-09-19 11:37:26 |     INFO | train:89 | 📈 Epoch 6 Training Results:
2025-09-19 11:37:26 |     INFO | train:90 |    Loss: 0.1002
2025-09-19 11:37:26 |     INFO | train:91 |    Accuracy: 97.03% (60000 samples)
2025-09-19 11:37:26 |     INFO | train:92 |    Precision: 97.01%
2025-09-19 11:37:26 |     INFO | train:93 |    Recall: 97.00%
2025-09-19 11:37:26 |     INFO | train:94 |    F1-Score: 97.00%
2025-09-19 11:37:26 |     INFO | train:95 |    LR: 0.000517
2025-09-19 11:37:29 |     INFO | test:146 | 📊 Epoch 6 Test Results:
2025-09-19 11:37:29 |     INFO | test:147 |    Loss: 0.0561
2025-09-19 11:37:29 |     INFO | test:148 |    Accuracy: 98.21% (10000 samples)
2025-09-19 11:37:29 |     INFO | test:149 |    Precision: 98.21%
2025-09-19 11:37:29 |     INFO | test:150 |    Recall: 98.19%
2025-09-19 11:37:29 |     INFO | test:151 |    F1-Score: 98.20%
2025-09-19 11:37:29 |     INFO | trainer:287 | 🏆 New best model saved! Accuracy: 98.21%
2025-09-19 11:37:29 |     INFO | trainer:293 | 📈 Epoch 6 Summary:
2025-09-19 11:37:29 |     INFO | trainer:294 |    Duration: 37.32s
2025-09-19 11:37:29 |     INFO | trainer:295 |    Train - Loss: 0.1002, Accuracy: 97.03%
2025-09-19 11:37:29 |     INFO | trainer:296 |    Test  - Loss: 0.0561, Accuracy: 98.21%
2025-09-19 11:37:29 |     INFO | trainer:297 |    🏆 Best Test Accuracy: 98.21% (Epoch 6)
2025-09-19 11:37:29 |     INFO | trainer:263 | 🔄 Starting Epoch 7/20
2025-09-19 11:37:29 |     INFO | trainer:264 | --------------------------------------------------
2025-09-19 11:38:03 |     INFO | train:89 | 📈 Epoch 7 Training Results:
2025-09-19 11:38:03 |     INFO | train:90 |    Loss: 0.0904
2025-09-19 11:38:03 |     INFO | train:91 |    Accuracy: 97.27% (60000 samples)
2025-09-19 11:38:03 |     INFO | train:92 |    Precision: 97.25%
2025-09-19 11:38:03 |     INFO | train:93 |    Recall: 97.25%
2025-09-19 11:38:03 |     INFO | train:94 |    F1-Score: 97.25%
2025-09-19 11:38:03 |     INFO | train:95 |    LR: 0.000517
2025-09-19 11:38:06 |     INFO | test:146 | 📊 Epoch 7 Test Results:
2025-09-19 11:38:06 |     INFO | test:147 |    Loss: 0.0495
2025-09-19 11:38:06 |     INFO | test:148 |    Accuracy: 98.38% (10000 samples)
2025-09-19 11:38:06 |     INFO | test:149 |    Precision: 98.39%
2025-09-19 11:38:06 |     INFO | test:150 |    Recall: 98.36%
2025-09-19 11:38:06 |     INFO | test:151 |    F1-Score: 98.37%
2025-09-19 11:38:06 |     INFO | trainer:287 | 🏆 New best model saved! Accuracy: 98.38%
2025-09-19 11:38:06 |     INFO | trainer:293 | 📈 Epoch 7 Summary:
2025-09-19 11:38:06 |     INFO | trainer:294 |    Duration: 37.16s
2025-09-19 11:38:06 |     INFO | trainer:295 |    Train - Loss: 0.0904, Accuracy: 97.27%
2025-09-19 11:38:06 |     INFO | trainer:296 |    Test  - Loss: 0.0495, Accuracy: 98.38%
2025-09-19 11:38:06 |     INFO | trainer:297 |    🏆 Best Test Accuracy: 98.38% (Epoch 7)
2025-09-19 11:38:06 |     INFO | trainer:263 | 🔄 Starting Epoch 8/20
2025-09-19 11:38:06 |     INFO | trainer:264 | --------------------------------------------------
2025-09-19 11:38:41 |     INFO | train:89 | 📈 Epoch 8 Training Results:
2025-09-19 11:38:41 |     INFO | train:90 |    Loss: 0.0853
2025-09-19 11:38:41 |     INFO | train:91 |    Accuracy: 97.47% (60000 samples)
2025-09-19 11:38:41 |     INFO | train:92 |    Precision: 97.46%
2025-09-19 11:38:41 |     INFO | train:93 |    Recall: 97.45%
2025-09-19 11:38:41 |     INFO | train:94 |    F1-Score: 97.46%
2025-09-19 11:38:41 |     INFO | train:95 |    LR: 0.000517
2025-09-19 11:38:45 |     INFO | test:146 | 📊 Epoch 8 Test Results:
2025-09-19 11:38:45 |     INFO | test:147 |    Loss: 0.0597
2025-09-19 11:38:45 |     INFO | test:148 |    Accuracy: 98.18% (10000 samples)
2025-09-19 11:38:45 |     INFO | test:149 |    Precision: 98.21%
2025-09-19 11:38:45 |     INFO | test:150 |    Recall: 98.15%
2025-09-19 11:38:45 |     INFO | test:151 |    F1-Score: 98.17%
2025-09-19 11:38:45 |     INFO | trainer:293 | 📈 Epoch 8 Summary:
2025-09-19 11:38:45 |     INFO | trainer:294 |    Duration: 38.07s
2025-09-19 11:38:45 |     INFO | trainer:295 |    Train - Loss: 0.0853, Accuracy: 97.47%
2025-09-19 11:38:45 |     INFO | trainer:296 |    Test  - Loss: 0.0597, Accuracy: 98.18%
2025-09-19 11:38:45 |     INFO | trainer:297 |    🏆 Best Test Accuracy: 98.38% (Epoch 7)
2025-09-19 11:38:45 |     INFO | trainer:263 | 🔄 Starting Epoch 9/20
2025-09-19 11:38:45 |     INFO | trainer:264 | --------------------------------------------------
2025-09-19 11:39:18 |     INFO | train:89 | 📈 Epoch 9 Training Results:
2025-09-19 11:39:18 |     INFO | train:90 |    Loss: 0.0821
2025-09-19 11:39:18 |     INFO | train:91 |    Accuracy: 97.54% (60000 samples)
2025-09-19 11:39:18 |     INFO | train:92 |    Precision: 97.53%
2025-09-19 11:39:18 |     INFO | train:93 |    Recall: 97.52%
2025-09-19 11:39:18 |     INFO | train:94 |    F1-Score: 97.52%
2025-09-19 11:39:18 |     INFO | train:95 |    LR: 0.000517
2025-09-19 11:39:22 |     INFO | test:146 | 📊 Epoch 9 Test Results:
2025-09-19 11:39:22 |     INFO | test:147 |    Loss: 0.0454
2025-09-19 11:39:22 |     INFO | test:148 |    Accuracy: 98.62% (10000 samples)
2025-09-19 11:39:22 |     INFO | test:149 |    Precision: 98.63%
2025-09-19 11:39:22 |     INFO | test:150 |    Recall: 98.60%
2025-09-19 11:39:22 |     INFO | test:151 |    F1-Score: 98.62%
2025-09-19 11:39:22 |     INFO | trainer:287 | 🏆 New best model saved! Accuracy: 98.62%
2025-09-19 11:39:22 |     INFO | trainer:293 | 📈 Epoch 9 Summary:
2025-09-19 11:39:22 |     INFO | trainer:294 |    Duration: 37.23s
2025-09-19 11:39:22 |     INFO | trainer:295 |    Train - Loss: 0.0821, Accuracy: 97.54%
2025-09-19 11:39:22 |     INFO | trainer:296 |    Test  - Loss: 0.0454, Accuracy: 98.62%
2025-09-19 11:39:22 |     INFO | trainer:297 |    🏆 Best Test Accuracy: 98.62% (Epoch 9)
2025-09-19 11:39:22 |     INFO | trainer:263 | 🔄 Starting Epoch 10/20
2025-09-19 11:39:22 |     INFO | trainer:264 | --------------------------------------------------
2025-09-19 11:39:56 |     INFO | train:89 | 📈 Epoch 10 Training Results:
2025-09-19 11:39:56 |     INFO | train:90 |    Loss: 0.0763
2025-09-19 11:39:56 |     INFO | train:91 |    Accuracy: 97.68% (60000 samples)
2025-09-19 11:39:56 |     INFO | train:92 |    Precision: 97.66%
2025-09-19 11:39:56 |     INFO | train:93 |    Recall: 97.66%
2025-09-19 11:39:56 |     INFO | train:94 |    F1-Score: 97.66%
2025-09-19 11:39:56 |     INFO | train:95 |    LR: 0.000517
2025-09-19 11:40:00 |     INFO | test:146 | 📊 Epoch 10 Test Results:
2025-09-19 11:40:00 |     INFO | test:147 |    Loss: 0.0456
2025-09-19 11:40:00 |     INFO | test:148 |    Accuracy: 98.59% (10000 samples)
2025-09-19 11:40:00 |     INFO | test:149 |    Precision: 98.61%
2025-09-19 11:40:00 |     INFO | test:150 |    Recall: 98.57%
2025-09-19 11:40:00 |     INFO | test:151 |    F1-Score: 98.59%
2025-09-19 11:40:00 |     INFO | trainer:293 | 📈 Epoch 10 Summary:
2025-09-19 11:40:00 |     INFO | trainer:294 |    Duration: 37.84s
2025-09-19 11:40:00 |     INFO | trainer:295 |    Train - Loss: 0.0763, Accuracy: 97.68%
2025-09-19 11:40:00 |     INFO | trainer:296 |    Test  - Loss: 0.0456, Accuracy: 98.59%
2025-09-19 11:40:00 |     INFO | trainer:297 |    🏆 Best Test Accuracy: 98.62% (Epoch 9)
2025-09-19 11:40:00 |     INFO | trainer:263 | 🔄 Starting Epoch 11/20
2025-09-19 11:40:00 |     INFO | trainer:264 | --------------------------------------------------
2025-09-19 11:40:32 |     INFO | train:89 | 📈 Epoch 11 Training Results:
2025-09-19 11:40:32 |     INFO | train:90 |    Loss: 0.0736
2025-09-19 11:40:32 |     INFO | train:91 |    Accuracy: 97.76% (60000 samples)
2025-09-19 11:40:32 |     INFO | train:92 |    Precision: 97.75%
2025-09-19 11:40:32 |     INFO | train:93 |    Recall: 97.74%
2025-09-19 11:40:32 |     INFO | train:94 |    F1-Score: 97.75%
2025-09-19 11:40:32 |     INFO | train:95 |    LR: 0.000517
2025-09-19 11:40:36 |     INFO | test:146 | 📊 Epoch 11 Test Results:
2025-09-19 11:40:36 |     INFO | test:147 |    Loss: 0.0420
2025-09-19 11:40:36 |     INFO | test:148 |    Accuracy: 98.67% (10000 samples)
2025-09-19 11:40:36 |     INFO | test:149 |    Precision: 98.66%
2025-09-19 11:40:36 |     INFO | test:150 |    Recall: 98.65%
2025-09-19 11:40:36 |     INFO | test:151 |    F1-Score: 98.65%
2025-09-19 11:40:36 |     INFO | trainer:287 | 🏆 New best model saved! Accuracy: 98.67%
2025-09-19 11:40:36 |     INFO | trainer:293 | 📈 Epoch 11 Summary:
2025-09-19 11:40:36 |     INFO | trainer:294 |    Duration: 36.59s
2025-09-19 11:40:36 |     INFO | trainer:295 |    Train - Loss: 0.0736, Accuracy: 97.76%
2025-09-19 11:40:36 |     INFO | trainer:296 |    Test  - Loss: 0.0420, Accuracy: 98.67%
2025-09-19 11:40:36 |     INFO | trainer:297 |    🏆 Best Test Accuracy: 98.67% (Epoch 11)
2025-09-19 11:40:36 |     INFO | trainer:263 | 🔄 Starting Epoch 12/20
2025-09-19 11:40:36 |     INFO | trainer:264 | --------------------------------------------------
2025-09-19 11:41:09 |     INFO | train:89 | 📈 Epoch 12 Training Results:
2025-09-19 11:41:09 |     INFO | train:90 |    Loss: 0.0721
2025-09-19 11:41:09 |     INFO | train:91 |    Accuracy: 97.80% (60000 samples)
2025-09-19 11:41:09 |     INFO | train:92 |    Precision: 97.78%
2025-09-19 11:41:09 |     INFO | train:93 |    Recall: 97.78%
2025-09-19 11:41:09 |     INFO | train:94 |    F1-Score: 97.78%
2025-09-19 11:41:09 |     INFO | train:95 |    LR: 0.000517
2025-09-19 11:41:13 |     INFO | test:146 | 📊 Epoch 12 Test Results:
2025-09-19 11:41:13 |     INFO | test:147 |    Loss: 0.0370
2025-09-19 11:41:13 |     INFO | test:148 |    Accuracy: 98.75% (10000 samples)
2025-09-19 11:41:13 |     INFO | test:149 |    Precision: 98.76%
2025-09-19 11:41:13 |     INFO | test:150 |    Recall: 98.74%
2025-09-19 11:41:13 |     INFO | test:151 |    F1-Score: 98.75%
2025-09-19 11:41:13 |     INFO | trainer:287 | 🏆 New best model saved! Accuracy: 98.75%
2025-09-19 11:41:13 |     INFO | trainer:293 | 📈 Epoch 12 Summary:
2025-09-19 11:41:13 |     INFO | trainer:294 |    Duration: 36.75s
2025-09-19 11:41:13 |     INFO | trainer:295 |    Train - Loss: 0.0721, Accuracy: 97.80%
2025-09-19 11:41:13 |     INFO | trainer:296 |    Test  - Loss: 0.0370, Accuracy: 98.75%
2025-09-19 11:41:13 |     INFO | trainer:297 |    🏆 Best Test Accuracy: 98.75% (Epoch 12)
2025-09-19 11:41:13 |     INFO | trainer:263 | 🔄 Starting Epoch 13/20
2025-09-19 11:41:13 |     INFO | trainer:264 | --------------------------------------------------
2025-09-19 11:41:46 |     INFO | train:89 | 📈 Epoch 13 Training Results:
2025-09-19 11:41:46 |     INFO | train:90 |    Loss: 0.0695
2025-09-19 11:41:46 |     INFO | train:91 |    Accuracy: 97.95% (60000 samples)
2025-09-19 11:41:46 |     INFO | train:92 |    Precision: 97.93%
2025-09-19 11:41:46 |     INFO | train:93 |    Recall: 97.94%
2025-09-19 11:41:46 |     INFO | train:94 |    F1-Score: 97.93%
2025-09-19 11:41:46 |     INFO | train:95 |    LR: 0.000517
2025-09-19 11:41:50 |     INFO | test:146 | 📊 Epoch 13 Test Results:
2025-09-19 11:41:50 |     INFO | test:147 |    Loss: 0.0364
2025-09-19 11:41:50 |     INFO | test:148 |    Accuracy: 98.92% (10000 samples)
2025-09-19 11:41:50 |     INFO | test:149 |    Precision: 98.93%
2025-09-19 11:41:50 |     INFO | test:150 |    Recall: 98.90%
2025-09-19 11:41:50 |     INFO | test:151 |    F1-Score: 98.91%
2025-09-19 11:41:50 |     INFO | trainer:287 | 🏆 New best model saved! Accuracy: 98.92%
2025-09-19 11:41:50 |     INFO | trainer:293 | 📈 Epoch 13 Summary:
2025-09-19 11:41:50 |     INFO | trainer:294 |    Duration: 36.73s
2025-09-19 11:41:50 |     INFO | trainer:295 |    Train - Loss: 0.0695, Accuracy: 97.95%
2025-09-19 11:41:50 |     INFO | trainer:296 |    Test  - Loss: 0.0364, Accuracy: 98.92%
2025-09-19 11:41:50 |     INFO | trainer:297 |    🏆 Best Test Accuracy: 98.92% (Epoch 13)
2025-09-19 11:41:50 |     INFO | trainer:263 | 🔄 Starting Epoch 14/20
2025-09-19 11:41:50 |     INFO | trainer:264 | --------------------------------------------------
2025-09-19 11:42:23 |     INFO | train:89 | 📈 Epoch 14 Training Results:
2025-09-19 11:42:23 |     INFO | train:90 |    Loss: 0.0655
2025-09-19 11:42:23 |     INFO | train:91 |    Accuracy: 98.00% (60000 samples)
2025-09-19 11:42:23 |     INFO | train:92 |    Precision: 97.98%
2025-09-19 11:42:23 |     INFO | train:93 |    Recall: 97.98%
2025-09-19 11:42:23 |     INFO | train:94 |    F1-Score: 97.98%
2025-09-19 11:42:23 |     INFO | train:95 |    LR: 0.000517
2025-09-19 11:42:26 |     INFO | test:146 | 📊 Epoch 14 Test Results:
2025-09-19 11:42:26 |     INFO | test:147 |    Loss: 0.0407
2025-09-19 11:42:26 |     INFO | test:148 |    Accuracy: 98.81% (10000 samples)
2025-09-19 11:42:26 |     INFO | test:149 |    Precision: 98.84%
2025-09-19 11:42:26 |     INFO | test:150 |    Recall: 98.79%
2025-09-19 11:42:26 |     INFO | test:151 |    F1-Score: 98.81%
2025-09-19 11:42:26 |     INFO | trainer:293 | 📈 Epoch 14 Summary:
2025-09-19 11:42:26 |     INFO | trainer:294 |    Duration: 36.65s
2025-09-19 11:42:26 |     INFO | trainer:295 |    Train - Loss: 0.0655, Accuracy: 98.00%
2025-09-19 11:42:26 |     INFO | trainer:296 |    Test  - Loss: 0.0407, Accuracy: 98.81%
2025-09-19 11:42:26 |     INFO | trainer:297 |    🏆 Best Test Accuracy: 98.92% (Epoch 13)
2025-09-19 11:42:26 |     INFO | trainer:263 | 🔄 Starting Epoch 15/20
2025-09-19 11:42:26 |     INFO | trainer:264 | --------------------------------------------------
2025-09-19 11:42:59 |     INFO | train:89 | 📈 Epoch 15 Training Results:
2025-09-19 11:42:59 |     INFO | train:90 |    Loss: 0.0637
2025-09-19 11:42:59 |     INFO | train:91 |    Accuracy: 98.08% (60000 samples)
2025-09-19 11:42:59 |     INFO | train:92 |    Precision: 98.07%
2025-09-19 11:42:59 |     INFO | train:93 |    Recall: 98.06%
2025-09-19 11:42:59 |     INFO | train:94 |    F1-Score: 98.07%
2025-09-19 11:42:59 |     INFO | train:95 |    LR: 0.000517
2025-09-19 11:43:03 |     INFO | test:146 | 📊 Epoch 15 Test Results:
2025-09-19 11:43:03 |     INFO | test:147 |    Loss: 0.0395
2025-09-19 11:43:03 |     INFO | test:148 |    Accuracy: 98.82% (10000 samples)
2025-09-19 11:43:03 |     INFO | test:149 |    Precision: 98.84%
2025-09-19 11:43:03 |     INFO | test:150 |    Recall: 98.80%
2025-09-19 11:43:03 |     INFO | test:151 |    F1-Score: 98.81%
2025-09-19 11:43:03 |     INFO | trainer:293 | 📈 Epoch 15 Summary:
2025-09-19 11:43:03 |     INFO | trainer:294 |    Duration: 36.41s
2025-09-19 11:43:03 |     INFO | trainer:295 |    Train - Loss: 0.0637, Accuracy: 98.08%
2025-09-19 11:43:03 |     INFO | trainer:296 |    Test  - Loss: 0.0395, Accuracy: 98.82%
2025-09-19 11:43:03 |     INFO | trainer:297 |    🏆 Best Test Accuracy: 98.92% (Epoch 13)
2025-09-19 11:43:03 |     INFO | trainer:263 | 🔄 Starting Epoch 16/20
2025-09-19 11:43:03 |     INFO | trainer:264 | --------------------------------------------------
2025-09-19 11:43:37 |     INFO | train:89 | 📈 Epoch 16 Training Results:
2025-09-19 11:43:37 |     INFO | train:90 |    Loss: 0.0607
2025-09-19 11:43:37 |     INFO | train:91 |    Accuracy: 98.12% (60000 samples)
2025-09-19 11:43:37 |     INFO | train:92 |    Precision: 98.10%
2025-09-19 11:43:37 |     INFO | train:93 |    Recall: 98.11%
2025-09-19 11:43:37 |     INFO | train:94 |    F1-Score: 98.10%
2025-09-19 11:43:37 |     INFO | train:95 |    LR: 0.000517
2025-09-19 11:43:41 |     INFO | test:146 | 📊 Epoch 16 Test Results:
2025-09-19 11:43:41 |     INFO | test:147 |    Loss: 0.0373
2025-09-19 11:43:41 |     INFO | test:148 |    Accuracy: 98.83% (10000 samples)
2025-09-19 11:43:41 |     INFO | test:149 |    Precision: 98.86%
2025-09-19 11:43:41 |     INFO | test:150 |    Recall: 98.81%
2025-09-19 11:43:41 |     INFO | test:151 |    F1-Score: 98.83%
2025-09-19 11:43:41 |     INFO | trainer:293 | 📈 Epoch 16 Summary:
2025-09-19 11:43:41 |     INFO | trainer:294 |    Duration: 38.51s
2025-09-19 11:43:41 |     INFO | trainer:295 |    Train - Loss: 0.0607, Accuracy: 98.12%
2025-09-19 11:43:41 |     INFO | trainer:296 |    Test  - Loss: 0.0373, Accuracy: 98.83%
2025-09-19 11:43:41 |     INFO | trainer:297 |    🏆 Best Test Accuracy: 98.92% (Epoch 13)
2025-09-19 11:43:41 |     INFO | trainer:263 | 🔄 Starting Epoch 17/20
2025-09-19 11:43:41 |     INFO | trainer:264 | --------------------------------------------------
2025-09-19 11:44:15 |     INFO | train:89 | 📈 Epoch 17 Training Results:
2025-09-19 11:44:15 |     INFO | train:90 |    Loss: 0.0616
2025-09-19 11:44:15 |     INFO | train:91 |    Accuracy: 98.07% (60000 samples)
2025-09-19 11:44:15 |     INFO | train:92 |    Precision: 98.06%
2025-09-19 11:44:15 |     INFO | train:93 |    Recall: 98.05%
2025-09-19 11:44:15 |     INFO | train:94 |    F1-Score: 98.05%
2025-09-19 11:44:15 |     INFO | train:95 |    LR: 0.000517
2025-09-19 11:44:19 |     INFO | test:146 | 📊 Epoch 17 Test Results:
2025-09-19 11:44:19 |     INFO | test:147 |    Loss: 0.0353
2025-09-19 11:44:19 |     INFO | test:148 |    Accuracy: 98.96% (10000 samples)
2025-09-19 11:44:19 |     INFO | test:149 |    Precision: 98.97%
2025-09-19 11:44:19 |     INFO | test:150 |    Recall: 98.94%
2025-09-19 11:44:19 |     INFO | test:151 |    F1-Score: 98.96%
2025-09-19 11:44:19 |     INFO | trainer:287 | 🏆 New best model saved! Accuracy: 98.96%
2025-09-19 11:44:19 |     INFO | trainer:293 | 📈 Epoch 17 Summary:
2025-09-19 11:44:19 |     INFO | trainer:294 |    Duration: 37.76s
2025-09-19 11:44:19 |     INFO | trainer:295 |    Train - Loss: 0.0616, Accuracy: 98.07%
2025-09-19 11:44:19 |     INFO | trainer:296 |    Test  - Loss: 0.0353, Accuracy: 98.96%
2025-09-19 11:44:19 |     INFO | trainer:297 |    🏆 Best Test Accuracy: 98.96% (Epoch 17)
2025-09-19 11:44:19 |     INFO | trainer:263 | 🔄 Starting Epoch 18/20
2025-09-19 11:44:19 |     INFO | trainer:264 | --------------------------------------------------
2025-09-19 11:44:52 |     INFO | train:89 | 📈 Epoch 18 Training Results:
2025-09-19 11:44:52 |     INFO | train:90 |    Loss: 0.0602
2025-09-19 11:44:52 |     INFO | train:91 |    Accuracy: 98.09% (60000 samples)
2025-09-19 11:44:52 |     INFO | train:92 |    Precision: 98.09%
2025-09-19 11:44:52 |     INFO | train:93 |    Recall: 98.08%
2025-09-19 11:44:52 |     INFO | train:94 |    F1-Score: 98.08%
2025-09-19 11:44:52 |     INFO | train:95 |    LR: 0.000517
2025-09-19 11:44:55 |     INFO | test:146 | 📊 Epoch 18 Test Results:
2025-09-19 11:44:55 |     INFO | test:147 |    Loss: 0.0384
2025-09-19 11:44:55 |     INFO | test:148 |    Accuracy: 98.86% (10000 samples)
2025-09-19 11:44:55 |     INFO | test:149 |    Precision: 98.86%
2025-09-19 11:44:55 |     INFO | test:150 |    Recall: 98.84%
2025-09-19 11:44:55 |     INFO | test:151 |    F1-Score: 98.85%
2025-09-19 11:44:55 |     INFO | trainer:293 | 📈 Epoch 18 Summary:
2025-09-19 11:44:55 |     INFO | trainer:294 |    Duration: 36.19s
2025-09-19 11:44:55 |     INFO | trainer:295 |    Train - Loss: 0.0602, Accuracy: 98.09%
2025-09-19 11:44:55 |     INFO | trainer:296 |    Test  - Loss: 0.0384, Accuracy: 98.86%
2025-09-19 11:44:55 |     INFO | trainer:297 |    🏆 Best Test Accuracy: 98.96% (Epoch 17)
2025-09-19 11:44:55 |     INFO | trainer:263 | 🔄 Starting Epoch 19/20
2025-09-19 11:44:55 |     INFO | trainer:264 | --------------------------------------------------
2025-09-19 11:45:26 |     INFO | train:89 | 📈 Epoch 19 Training Results:
2025-09-19 11:45:26 |     INFO | train:90 |    Loss: 0.0570
2025-09-19 11:45:26 |     INFO | train:91 |    Accuracy: 98.21% (60000 samples)
2025-09-19 11:45:26 |     INFO | train:92 |    Precision: 98.19%
2025-09-19 11:45:26 |     INFO | train:93 |    Recall: 98.19%
2025-09-19 11:45:26 |     INFO | train:94 |    F1-Score: 98.19%
2025-09-19 11:45:26 |     INFO | train:95 |    LR: 0.000517
2025-09-19 11:45:30 |     INFO | test:146 | 📊 Epoch 19 Test Results:
2025-09-19 11:45:30 |     INFO | test:147 |    Loss: 0.0336
2025-09-19 11:45:30 |     INFO | test:148 |    Accuracy: 98.94% (10000 samples)
2025-09-19 11:45:30 |     INFO | test:149 |    Precision: 98.94%
2025-09-19 11:45:30 |     INFO | test:150 |    Recall: 98.93%
2025-09-19 11:45:30 |     INFO | test:151 |    F1-Score: 98.94%
2025-09-19 11:45:30 |     INFO | trainer:293 | 📈 Epoch 19 Summary:
2025-09-19 11:45:30 |     INFO | trainer:294 |    Duration: 34.45s
2025-09-19 11:45:30 |     INFO | trainer:295 |    Train - Loss: 0.0570, Accuracy: 98.21%
2025-09-19 11:45:30 |     INFO | trainer:296 |    Test  - Loss: 0.0336, Accuracy: 98.94%
2025-09-19 11:45:30 |     INFO | trainer:297 |    🏆 Best Test Accuracy: 98.96% (Epoch 17)
2025-09-19 11:45:30 |     INFO | trainer:263 | 🔄 Starting Epoch 20/20
2025-09-19 11:45:30 |     INFO | trainer:264 | --------------------------------------------------
2025-09-19 11:46:03 |     INFO | train:89 | 📈 Epoch 20 Training Results:
2025-09-19 11:46:03 |     INFO | train:90 |    Loss: 0.0560
2025-09-19 11:46:03 |     INFO | train:91 |    Accuracy: 98.24% (60000 samples)
2025-09-19 11:46:03 |     INFO | train:92 |    Precision: 98.23%
2025-09-19 11:46:03 |     INFO | train:93 |    Recall: 98.22%
2025-09-19 11:46:03 |     INFO | train:94 |    F1-Score: 98.23%
2025-09-19 11:46:03 |     INFO | train:95 |    LR: 0.000517
2025-09-19 11:46:06 |     INFO | test:146 | 📊 Epoch 20 Test Results:
2025-09-19 11:46:06 |     INFO | test:147 |    Loss: 0.0325
2025-09-19 11:46:06 |     INFO | test:148 |    Accuracy: 98.94% (10000 samples)
2025-09-19 11:46:06 |     INFO | test:149 |    Precision: 98.96%
2025-09-19 11:46:06 |     INFO | test:150 |    Recall: 98.91%
2025-09-19 11:46:06 |     INFO | test:151 |    F1-Score: 98.93%
2025-09-19 11:46:06 |     INFO | trainer:293 | 📈 Epoch 20 Summary:
2025-09-19 11:46:06 |     INFO | trainer:294 |    Duration: 36.77s
2025-09-19 11:46:06 |     INFO | trainer:295 |    Train - Loss: 0.0560, Accuracy: 98.24%
2025-09-19 11:46:06 |     INFO | trainer:296 |    Test  - Loss: 0.0325, Accuracy: 98.94%
2025-09-19 11:46:06 |     INFO | trainer:297 |    🏆 Best Test Accuracy: 98.96% (Epoch 17)
2025-09-19 11:46:07 |     INFO | evaluate_model:218 | 🔍 Epoch 20 Evaluation:
2025-09-19 11:46:07 |     INFO | evaluate_model:219 |    Sample accuracy: 5/5 (100.0%)
2025-09-19 11:46:07 |     INFO | evaluate_model:220 |    Predictions saved to: logs/mnist_fully_cnn_tiny4k_params_onecyclepolicy/predictions_epoch_20.png
2025-09-19 11:46:07 |     INFO | trainer:307 | ================================================================================
2025-09-19 11:46:07 |     INFO | trainer:308 | ✅ Training Complete!
2025-09-19 11:46:07 |     INFO | trainer:309 | 🏆 Best Test Accuracy: 98.96% achieved at Epoch 17
2025-09-19 11:46:07 |     INFO | trainer:310 | ⏱️ Total training time: 765.65s (12.8min)
2025-09-19 11:46:07 |     INFO | trainer:314 | 💾 Final model saved to: models/mnist_fully_cnn.pth
2025-09-19 11:46:07 |     INFO | trainer:317 | 💾 Best model saved to: models/mnist_fully_cnn_best.pth
2025-09-19 11:46:11 |     INFO | trainer:322 | 📊 Training plots saved to: logs/mnist_fully_cnn_tiny4k_params_onecyclepolicy/training_history.png
2025-09-19 11:46:11 |     INFO | save_metrics_to_json:175 | 💾 Metrics saved to: logs/mnist_fully_cnn_tiny4k_params_onecyclepolicy/metrics.json
2025-09-19 11:46:11 |     INFO | trainer:342 | 🎯 Experiment completed successfully!
2025-09-19 11:46:11 |     INFO | trainer:343 | 📁 All results saved in: logs/mnist_fully_cnn_tiny4k_params_onecyclepolicy
