2025-09-18 17:26:55 |     INFO | setup_logging:84 | ================================================================================
2025-09-18 17:26:55 |     INFO | setup_logging:85 | 🚀 Starting experiment: mnist_fully_cnn_smaller_4k_params
2025-09-18 17:26:55 |     INFO | setup_logging:86 | 📁 Experiment directory: logs/mnist_fully_cnn_smaller_4k_params
2025-09-18 17:26:55 |     INFO | setup_logging:87 | 💾 Log file: logs/mnist_fully_cnn_smaller_4k_params/training.log
2025-09-18 17:26:55 |     INFO | setup_logging:88 | ================================================================================
2025-09-18 17:26:55 |     INFO | log_model_info:98 | 📋 Detailed Model Summary:
2025-09-18 17:26:55 |     INFO | log_model_info:99 | ------------------------------------------------------------
2025-09-18 17:26:55 |     INFO | log_model_info:112 |    ==========================================================================================
2025-09-18 17:26:55 |     INFO | log_model_info:112 |    Layer (type:depth-idx)                   Output Shape              Param #
2025-09-18 17:26:55 |     INFO | log_model_info:112 |    ==========================================================================================
2025-09-18 17:26:55 |     INFO | log_model_info:112 |    ├─Sequential: 1-1                        [-1, 8, 14, 14]           --
2025-09-18 17:26:55 |     INFO | log_model_info:112 |    |    └─Conv2d: 2-1                       [-1, 8, 28, 28]           80
2025-09-18 17:26:55 |     INFO | log_model_info:112 |    |    └─ReLU: 2-2                         [-1, 8, 28, 28]           --
2025-09-18 17:26:55 |     INFO | log_model_info:112 |    |    └─BatchNorm2d: 2-3                  [-1, 8, 28, 28]           16
2025-09-18 17:26:55 |     INFO | log_model_info:112 |    |    └─Conv2d: 2-4                       [-1, 8, 28, 28]           584
2025-09-18 17:26:55 |     INFO | log_model_info:112 |    |    └─ReLU: 2-5                         [-1, 8, 28, 28]           --
2025-09-18 17:26:55 |     INFO | log_model_info:112 |    |    └─BatchNorm2d: 2-6                  [-1, 8, 28, 28]           16
2025-09-18 17:26:55 |     INFO | log_model_info:112 |    |    └─Dropout: 2-7                      [-1, 8, 28, 28]           --
2025-09-18 17:26:55 |     INFO | log_model_info:112 |    |    └─MaxPool2d: 2-8                    [-1, 8, 14, 14]           --
2025-09-18 17:26:55 |     INFO | log_model_info:112 |    ├─Sequential: 1-2                        [-1, 12, 7, 7]            --
2025-09-18 17:26:55 |     INFO | log_model_info:112 |    |    └─Conv2d: 2-9                       [-1, 12, 14, 14]          876
2025-09-18 17:26:55 |     INFO | log_model_info:112 |    |    └─ReLU: 2-10                        [-1, 12, 14, 14]          --
2025-09-18 17:26:55 |     INFO | log_model_info:112 |    |    └─BatchNorm2d: 2-11                 [-1, 12, 14, 14]          24
2025-09-18 17:26:55 |     INFO | log_model_info:112 |    |    └─Conv2d: 2-12                      [-1, 12, 14, 14]          1,308
2025-09-18 17:26:55 |     INFO | log_model_info:112 |    |    └─ReLU: 2-13                        [-1, 12, 14, 14]          --
2025-09-18 17:26:55 |     INFO | log_model_info:112 |    |    └─BatchNorm2d: 2-14                 [-1, 12, 14, 14]          24
2025-09-18 17:26:55 |     INFO | log_model_info:112 |    |    └─Dropout: 2-15                     [-1, 12, 14, 14]          --
2025-09-18 17:26:55 |     INFO | log_model_info:112 |    |    └─MaxPool2d: 2-16                   [-1, 12, 7, 7]            --
2025-09-18 17:26:55 |     INFO | log_model_info:112 |    ├─Sequential: 1-3                        [-1, 16, 7, 7]            --
2025-09-18 17:26:55 |     INFO | log_model_info:112 |    |    └─Conv2d: 2-17                      [-1, 16, 7, 7]            1,744
2025-09-18 17:26:55 |     INFO | log_model_info:112 |    |    └─ReLU: 2-18                        [-1, 16, 7, 7]            --
2025-09-18 17:26:55 |     INFO | log_model_info:112 |    |    └─BatchNorm2d: 2-19                 [-1, 16, 7, 7]            32
2025-09-18 17:26:55 |     INFO | log_model_info:112 |    |    └─Dropout: 2-20                     [-1, 16, 7, 7]            --
2025-09-18 17:26:55 |     INFO | log_model_info:112 |    ├─Sequential: 1-4                        [-1, 10, 1, 1]            --
2025-09-18 17:26:55 |     INFO | log_model_info:112 |    |    └─Conv2d: 2-21                      [-1, 10, 7, 7]            170
2025-09-18 17:26:55 |     INFO | log_model_info:112 |    |    └─AdaptiveAvgPool2d: 2-22           [-1, 10, 1, 1]            --
2025-09-18 17:26:55 |     INFO | log_model_info:112 |    ==========================================================================================
2025-09-18 17:26:55 |     INFO | log_model_info:112 |    Total params: 4,874
2025-09-18 17:26:55 |     INFO | log_model_info:112 |    Trainable params: 4,874
2025-09-18 17:26:55 |     INFO | log_model_info:112 |    Non-trainable params: 0
2025-09-18 17:26:55 |     INFO | log_model_info:112 |    Total mult-adds (M): 1.03
2025-09-18 17:26:55 |     INFO | log_model_info:112 |    ==========================================================================================
2025-09-18 17:26:55 |     INFO | log_model_info:112 |    Input size (MB): 0.00
2025-09-18 17:26:55 |     INFO | log_model_info:112 |    Forward/backward pass size (MB): 0.28
2025-09-18 17:26:55 |     INFO | log_model_info:112 |    Params size (MB): 0.02
2025-09-18 17:26:55 |     INFO | log_model_info:112 |    Estimated Total Size (MB): 0.30
2025-09-18 17:26:55 |     INFO | log_model_info:112 |    ==========================================================================================
2025-09-18 17:26:55 |     INFO | log_model_info:123 | ------------------------------------------------------------
2025-09-18 17:26:55 |     INFO | log_dataset_info:130 | 📊 Dataset Information:
2025-09-18 17:26:55 |     INFO | log_dataset_info:131 |    Training batches: 938
2025-09-18 17:26:55 |     INFO | log_dataset_info:132 |    Test batches: 157
2025-09-18 17:26:55 |     INFO | log_dataset_info:133 |    Training samples: 60,000
2025-09-18 17:26:55 |     INFO | log_dataset_info:134 |    Test samples: 10,000
2025-09-18 17:26:55 |     INFO | log_dataset_info:135 |    Batch size: 64
2025-09-18 17:26:55 |     INFO | log_training_config:142 | ⚙️ Training Configuration:
2025-09-18 17:26:55 |     INFO | log_training_config:143 |    Device: mps
2025-09-18 17:26:55 |     INFO | log_training_config:144 |    Optimizer: Adam
2025-09-18 17:26:55 |     INFO | log_training_config:145 |    Learning rate: 0.001
2025-09-18 17:26:55 |     INFO | log_training_config:146 |    Loss function: CrossEntropyLoss
2025-09-18 17:26:55 |     INFO | trainer:246 | 🎯 Training Configuration:
2025-09-18 17:26:55 |     INFO | trainer:247 |    Epochs: 20
2025-09-18 17:26:55 |     INFO | trainer:248 |    Evaluate every: 20 epochs
2025-09-18 17:26:55 |     INFO | trainer:249 | ================================================================================
2025-09-18 17:26:55 |     INFO | trainer:251 | 🚀 Starting Training Process...
2025-09-18 17:26:55 |     INFO | trainer:252 | ⚙️  Device: mps
2025-09-18 17:26:55 |     INFO | trainer:253 | ================================================================================
2025-09-18 17:26:55 |     INFO | trainer:261 | 🔄 Starting Epoch 1/20
2025-09-18 17:26:55 |     INFO | trainer:262 | --------------------------------------------------
2025-09-18 17:27:30 |     INFO | train:85 | 📈 Epoch 1 Training Results:
2025-09-18 17:27:30 |     INFO | train:86 |    Loss: 0.6421
2025-09-18 17:27:30 |     INFO | train:87 |    Accuracy: 83.48% (60000 samples)
2025-09-18 17:27:30 |     INFO | train:88 |    Precision: 83.95%
2025-09-18 17:27:30 |     INFO | train:89 |    Recall: 83.36%
2025-09-18 17:27:30 |     INFO | train:90 |    F1-Score: 83.35%
2025-09-18 17:27:30 |     INFO | train:91 |    LR: 0.001000
2025-09-18 17:27:34 |     INFO | test:142 | 📊 Epoch 1 Test Results:
2025-09-18 17:27:34 |     INFO | test:143 |    Loss: 0.1912
2025-09-18 17:27:34 |     INFO | test:144 |    Accuracy: 94.77% (10000 samples)
2025-09-18 17:27:34 |     INFO | test:145 |    Precision: 95.02%
2025-09-18 17:27:34 |     INFO | test:146 |    Recall: 94.72%
2025-09-18 17:27:34 |     INFO | test:147 |    F1-Score: 94.70%
2025-09-18 17:27:34 |     INFO | trainer:285 | 🏆 New best model saved! Accuracy: 94.77%
2025-09-18 17:27:34 |     INFO | trainer:291 | 📈 Epoch 1 Summary:
2025-09-18 17:27:34 |     INFO | trainer:292 |    Duration: 38.47s
2025-09-18 17:27:34 |     INFO | trainer:293 |    Train - Loss: 0.6421, Accuracy: 83.48%
2025-09-18 17:27:34 |     INFO | trainer:294 |    Test  - Loss: 0.1912, Accuracy: 94.77%
2025-09-18 17:27:34 |     INFO | trainer:295 |    🏆 Best Test Accuracy: 94.77% (Epoch 1)
2025-09-18 17:27:34 |     INFO | trainer:261 | 🔄 Starting Epoch 2/20
2025-09-18 17:27:34 |     INFO | trainer:262 | --------------------------------------------------
2025-09-18 17:28:07 |     INFO | train:85 | 📈 Epoch 2 Training Results:
2025-09-18 17:28:07 |     INFO | train:86 |    Loss: 0.1524
2025-09-18 17:28:07 |     INFO | train:87 |    Accuracy: 95.86% (60000 samples)
2025-09-18 17:28:07 |     INFO | train:88 |    Precision: 95.84%
2025-09-18 17:28:07 |     INFO | train:89 |    Recall: 95.83%
2025-09-18 17:28:07 |     INFO | train:90 |    F1-Score: 95.83%
2025-09-18 17:28:07 |     INFO | train:91 |    LR: 0.001000
2025-09-18 17:28:10 |     INFO | test:142 | 📊 Epoch 2 Test Results:
2025-09-18 17:28:10 |     INFO | test:143 |    Loss: 0.1073
2025-09-18 17:28:10 |     INFO | test:144 |    Accuracy: 96.88% (10000 samples)
2025-09-18 17:28:10 |     INFO | test:145 |    Precision: 96.97%
2025-09-18 17:28:10 |     INFO | test:146 |    Recall: 96.86%
2025-09-18 17:28:10 |     INFO | test:147 |    F1-Score: 96.87%
2025-09-18 17:28:10 |     INFO | trainer:285 | 🏆 New best model saved! Accuracy: 96.88%
2025-09-18 17:28:10 |     INFO | trainer:291 | 📈 Epoch 2 Summary:
2025-09-18 17:28:10 |     INFO | trainer:292 |    Duration: 36.94s
2025-09-18 17:28:10 |     INFO | trainer:293 |    Train - Loss: 0.1524, Accuracy: 95.86%
2025-09-18 17:28:10 |     INFO | trainer:294 |    Test  - Loss: 0.1073, Accuracy: 96.88%
2025-09-18 17:28:10 |     INFO | trainer:295 |    🏆 Best Test Accuracy: 96.88% (Epoch 2)
2025-09-18 17:28:10 |     INFO | trainer:261 | 🔄 Starting Epoch 3/20
2025-09-18 17:28:10 |     INFO | trainer:262 | --------------------------------------------------
2025-09-18 17:28:44 |     INFO | train:85 | 📈 Epoch 3 Training Results:
2025-09-18 17:28:44 |     INFO | train:86 |    Loss: 0.1112
2025-09-18 17:28:44 |     INFO | train:87 |    Accuracy: 96.72% (60000 samples)
2025-09-18 17:28:44 |     INFO | train:88 |    Precision: 96.70%
2025-09-18 17:28:44 |     INFO | train:89 |    Recall: 96.69%
2025-09-18 17:28:44 |     INFO | train:90 |    F1-Score: 96.69%
2025-09-18 17:28:44 |     INFO | train:91 |    LR: 0.001000
2025-09-18 17:28:47 |     INFO | test:142 | 📊 Epoch 3 Test Results:
2025-09-18 17:28:47 |     INFO | test:143 |    Loss: 0.0617
2025-09-18 17:28:47 |     INFO | test:144 |    Accuracy: 97.97% (10000 samples)
2025-09-18 17:28:47 |     INFO | test:145 |    Precision: 98.00%
2025-09-18 17:28:47 |     INFO | test:146 |    Recall: 97.96%
2025-09-18 17:28:47 |     INFO | test:147 |    F1-Score: 97.97%
2025-09-18 17:28:47 |     INFO | trainer:285 | 🏆 New best model saved! Accuracy: 97.97%
2025-09-18 17:28:47 |     INFO | trainer:291 | 📈 Epoch 3 Summary:
2025-09-18 17:28:47 |     INFO | trainer:292 |    Duration: 36.98s
2025-09-18 17:28:47 |     INFO | trainer:293 |    Train - Loss: 0.1112, Accuracy: 96.72%
2025-09-18 17:28:47 |     INFO | trainer:294 |    Test  - Loss: 0.0617, Accuracy: 97.97%
2025-09-18 17:28:47 |     INFO | trainer:295 |    🏆 Best Test Accuracy: 97.97% (Epoch 3)
2025-09-18 17:28:47 |     INFO | trainer:261 | 🔄 Starting Epoch 4/20
2025-09-18 17:28:47 |     INFO | trainer:262 | --------------------------------------------------
2025-09-18 17:29:20 |     INFO | train:85 | 📈 Epoch 4 Training Results:
2025-09-18 17:29:20 |     INFO | train:86 |    Loss: 0.0970
2025-09-18 17:29:20 |     INFO | train:87 |    Accuracy: 97.09% (60000 samples)
2025-09-18 17:29:20 |     INFO | train:88 |    Precision: 97.08%
2025-09-18 17:29:20 |     INFO | train:89 |    Recall: 97.07%
2025-09-18 17:29:20 |     INFO | train:90 |    F1-Score: 97.07%
2025-09-18 17:29:20 |     INFO | train:91 |    LR: 0.001000
2025-09-18 17:29:24 |     INFO | test:142 | 📊 Epoch 4 Test Results:
2025-09-18 17:29:24 |     INFO | test:143 |    Loss: 0.0589
2025-09-18 17:29:24 |     INFO | test:144 |    Accuracy: 98.21% (10000 samples)
2025-09-18 17:29:24 |     INFO | test:145 |    Precision: 98.19%
2025-09-18 17:29:24 |     INFO | test:146 |    Recall: 98.21%
2025-09-18 17:29:24 |     INFO | test:147 |    F1-Score: 98.19%
2025-09-18 17:29:24 |     INFO | trainer:285 | 🏆 New best model saved! Accuracy: 98.21%
2025-09-18 17:29:24 |     INFO | trainer:291 | 📈 Epoch 4 Summary:
2025-09-18 17:29:24 |     INFO | trainer:292 |    Duration: 36.50s
2025-09-18 17:29:24 |     INFO | trainer:293 |    Train - Loss: 0.0970, Accuracy: 97.09%
2025-09-18 17:29:24 |     INFO | trainer:294 |    Test  - Loss: 0.0589, Accuracy: 98.21%
2025-09-18 17:29:24 |     INFO | trainer:295 |    🏆 Best Test Accuracy: 98.21% (Epoch 4)
2025-09-18 17:29:24 |     INFO | trainer:261 | 🔄 Starting Epoch 5/20
2025-09-18 17:29:24 |     INFO | trainer:262 | --------------------------------------------------
2025-09-18 17:29:56 |     INFO | train:85 | 📈 Epoch 5 Training Results:
2025-09-18 17:29:56 |     INFO | train:86 |    Loss: 0.0869
2025-09-18 17:29:56 |     INFO | train:87 |    Accuracy: 97.34% (60000 samples)
2025-09-18 17:29:56 |     INFO | train:88 |    Precision: 97.33%
2025-09-18 17:29:56 |     INFO | train:89 |    Recall: 97.32%
2025-09-18 17:29:56 |     INFO | train:90 |    F1-Score: 97.33%
2025-09-18 17:29:56 |     INFO | train:91 |    LR: 0.001000
2025-09-18 17:30:00 |     INFO | test:142 | 📊 Epoch 5 Test Results:
2025-09-18 17:30:00 |     INFO | test:143 |    Loss: 0.0587
2025-09-18 17:30:00 |     INFO | test:144 |    Accuracy: 98.18% (10000 samples)
2025-09-18 17:30:00 |     INFO | test:145 |    Precision: 98.21%
2025-09-18 17:30:00 |     INFO | test:146 |    Recall: 98.18%
2025-09-18 17:30:00 |     INFO | test:147 |    F1-Score: 98.18%
2025-09-18 17:30:00 |     INFO | trainer:291 | 📈 Epoch 5 Summary:
2025-09-18 17:30:00 |     INFO | trainer:292 |    Duration: 35.70s
2025-09-18 17:30:00 |     INFO | trainer:293 |    Train - Loss: 0.0869, Accuracy: 97.34%
2025-09-18 17:30:00 |     INFO | trainer:294 |    Test  - Loss: 0.0587, Accuracy: 98.18%
2025-09-18 17:30:00 |     INFO | trainer:295 |    🏆 Best Test Accuracy: 98.21% (Epoch 4)
2025-09-18 17:30:00 |     INFO | trainer:261 | 🔄 Starting Epoch 6/20
2025-09-18 17:30:00 |     INFO | trainer:262 | --------------------------------------------------
2025-09-18 17:30:32 |     INFO | train:85 | 📈 Epoch 6 Training Results:
2025-09-18 17:30:32 |     INFO | train:86 |    Loss: 0.0762
2025-09-18 17:30:32 |     INFO | train:87 |    Accuracy: 97.69% (60000 samples)
2025-09-18 17:30:32 |     INFO | train:88 |    Precision: 97.67%
2025-09-18 17:30:32 |     INFO | train:89 |    Recall: 97.67%
2025-09-18 17:30:32 |     INFO | train:90 |    F1-Score: 97.67%
2025-09-18 17:30:32 |     INFO | train:91 |    LR: 0.001000
2025-09-18 17:30:35 |     INFO | test:142 | 📊 Epoch 6 Test Results:
2025-09-18 17:30:35 |     INFO | test:143 |    Loss: 0.0515
2025-09-18 17:30:35 |     INFO | test:144 |    Accuracy: 98.51% (10000 samples)
2025-09-18 17:30:35 |     INFO | test:145 |    Precision: 98.55%
2025-09-18 17:30:35 |     INFO | test:146 |    Recall: 98.48%
2025-09-18 17:30:35 |     INFO | test:147 |    F1-Score: 98.51%
2025-09-18 17:30:35 |     INFO | trainer:285 | 🏆 New best model saved! Accuracy: 98.51%
2025-09-18 17:30:35 |     INFO | trainer:291 | 📈 Epoch 6 Summary:
2025-09-18 17:30:35 |     INFO | trainer:292 |    Duration: 35.58s
2025-09-18 17:30:35 |     INFO | trainer:293 |    Train - Loss: 0.0762, Accuracy: 97.69%
2025-09-18 17:30:35 |     INFO | trainer:294 |    Test  - Loss: 0.0515, Accuracy: 98.51%
2025-09-18 17:30:35 |     INFO | trainer:295 |    🏆 Best Test Accuracy: 98.51% (Epoch 6)
2025-09-18 17:30:35 |     INFO | trainer:261 | 🔄 Starting Epoch 7/20
2025-09-18 17:30:35 |     INFO | trainer:262 | --------------------------------------------------
2025-09-18 17:31:07 |     INFO | train:85 | 📈 Epoch 7 Training Results:
2025-09-18 17:31:07 |     INFO | train:86 |    Loss: 0.0737
2025-09-18 17:31:07 |     INFO | train:87 |    Accuracy: 97.76% (60000 samples)
2025-09-18 17:31:07 |     INFO | train:88 |    Precision: 97.75%
2025-09-18 17:31:07 |     INFO | train:89 |    Recall: 97.75%
2025-09-18 17:31:07 |     INFO | train:90 |    F1-Score: 97.75%
2025-09-18 17:31:07 |     INFO | train:91 |    LR: 0.001000
2025-09-18 17:31:10 |     INFO | test:142 | 📊 Epoch 7 Test Results:
2025-09-18 17:31:10 |     INFO | test:143 |    Loss: 0.0436
2025-09-18 17:31:10 |     INFO | test:144 |    Accuracy: 98.55% (10000 samples)
2025-09-18 17:31:10 |     INFO | test:145 |    Precision: 98.56%
2025-09-18 17:31:10 |     INFO | test:146 |    Recall: 98.54%
2025-09-18 17:31:10 |     INFO | test:147 |    F1-Score: 98.54%
2025-09-18 17:31:10 |     INFO | trainer:285 | 🏆 New best model saved! Accuracy: 98.55%
2025-09-18 17:31:10 |     INFO | trainer:291 | 📈 Epoch 7 Summary:
2025-09-18 17:31:10 |     INFO | trainer:292 |    Duration: 35.27s
2025-09-18 17:31:10 |     INFO | trainer:293 |    Train - Loss: 0.0737, Accuracy: 97.76%
2025-09-18 17:31:10 |     INFO | trainer:294 |    Test  - Loss: 0.0436, Accuracy: 98.55%
2025-09-18 17:31:10 |     INFO | trainer:295 |    🏆 Best Test Accuracy: 98.55% (Epoch 7)
2025-09-18 17:31:10 |     INFO | trainer:261 | 🔄 Starting Epoch 8/20
2025-09-18 17:31:10 |     INFO | trainer:262 | --------------------------------------------------
2025-09-18 17:31:43 |     INFO | train:85 | 📈 Epoch 8 Training Results:
2025-09-18 17:31:43 |     INFO | train:86 |    Loss: 0.0659
2025-09-18 17:31:43 |     INFO | train:87 |    Accuracy: 97.96% (60000 samples)
2025-09-18 17:31:43 |     INFO | train:88 |    Precision: 97.95%
2025-09-18 17:31:43 |     INFO | train:89 |    Recall: 97.94%
2025-09-18 17:31:43 |     INFO | train:90 |    F1-Score: 97.94%
2025-09-18 17:31:43 |     INFO | train:91 |    LR: 0.001000
2025-09-18 17:31:46 |     INFO | test:142 | 📊 Epoch 8 Test Results:
2025-09-18 17:31:46 |     INFO | test:143 |    Loss: 0.0421
2025-09-18 17:31:46 |     INFO | test:144 |    Accuracy: 98.67% (10000 samples)
2025-09-18 17:31:46 |     INFO | test:145 |    Precision: 98.70%
2025-09-18 17:31:46 |     INFO | test:146 |    Recall: 98.65%
2025-09-18 17:31:46 |     INFO | test:147 |    F1-Score: 98.67%
2025-09-18 17:31:46 |     INFO | trainer:285 | 🏆 New best model saved! Accuracy: 98.67%
2025-09-18 17:31:46 |     INFO | trainer:291 | 📈 Epoch 8 Summary:
2025-09-18 17:31:46 |     INFO | trainer:292 |    Duration: 35.79s
2025-09-18 17:31:46 |     INFO | trainer:293 |    Train - Loss: 0.0659, Accuracy: 97.96%
2025-09-18 17:31:46 |     INFO | trainer:294 |    Test  - Loss: 0.0421, Accuracy: 98.67%
2025-09-18 17:31:46 |     INFO | trainer:295 |    🏆 Best Test Accuracy: 98.67% (Epoch 8)
2025-09-18 17:31:46 |     INFO | trainer:261 | 🔄 Starting Epoch 9/20
2025-09-18 17:31:46 |     INFO | trainer:262 | --------------------------------------------------
2025-09-18 17:32:19 |     INFO | train:85 | 📈 Epoch 9 Training Results:
2025-09-18 17:32:19 |     INFO | train:86 |    Loss: 0.0662
2025-09-18 17:32:19 |     INFO | train:87 |    Accuracy: 97.97% (60000 samples)
2025-09-18 17:32:19 |     INFO | train:88 |    Precision: 97.96%
2025-09-18 17:32:19 |     INFO | train:89 |    Recall: 97.95%
2025-09-18 17:32:19 |     INFO | train:90 |    F1-Score: 97.95%
2025-09-18 17:32:19 |     INFO | train:91 |    LR: 0.001000
2025-09-18 17:32:22 |     INFO | test:142 | 📊 Epoch 9 Test Results:
2025-09-18 17:32:22 |     INFO | test:143 |    Loss: 0.0416
2025-09-18 17:32:22 |     INFO | test:144 |    Accuracy: 98.62% (10000 samples)
2025-09-18 17:32:22 |     INFO | test:145 |    Precision: 98.64%
2025-09-18 17:32:22 |     INFO | test:146 |    Recall: 98.60%
2025-09-18 17:32:22 |     INFO | test:147 |    F1-Score: 98.61%
2025-09-18 17:32:22 |     INFO | trainer:291 | 📈 Epoch 9 Summary:
2025-09-18 17:32:22 |     INFO | trainer:292 |    Duration: 35.83s
2025-09-18 17:32:22 |     INFO | trainer:293 |    Train - Loss: 0.0662, Accuracy: 97.97%
2025-09-18 17:32:22 |     INFO | trainer:294 |    Test  - Loss: 0.0416, Accuracy: 98.62%
2025-09-18 17:32:22 |     INFO | trainer:295 |    🏆 Best Test Accuracy: 98.67% (Epoch 8)
2025-09-18 17:32:22 |     INFO | trainer:261 | 🔄 Starting Epoch 10/20
2025-09-18 17:32:22 |     INFO | trainer:262 | --------------------------------------------------
2025-09-18 17:32:55 |     INFO | train:85 | 📈 Epoch 10 Training Results:
2025-09-18 17:32:55 |     INFO | train:86 |    Loss: 0.0624
2025-09-18 17:32:55 |     INFO | train:87 |    Accuracy: 98.06% (60000 samples)
2025-09-18 17:32:55 |     INFO | train:88 |    Precision: 98.05%
2025-09-18 17:32:55 |     INFO | train:89 |    Recall: 98.05%
2025-09-18 17:32:55 |     INFO | train:90 |    F1-Score: 98.05%
2025-09-18 17:32:55 |     INFO | train:91 |    LR: 0.001000
2025-09-18 17:32:59 |     INFO | test:142 | 📊 Epoch 10 Test Results:
2025-09-18 17:32:59 |     INFO | test:143 |    Loss: 0.0394
2025-09-18 17:32:59 |     INFO | test:144 |    Accuracy: 98.76% (10000 samples)
2025-09-18 17:32:59 |     INFO | test:145 |    Precision: 98.80%
2025-09-18 17:32:59 |     INFO | test:146 |    Recall: 98.75%
2025-09-18 17:32:59 |     INFO | test:147 |    F1-Score: 98.77%
2025-09-18 17:32:59 |     INFO | trainer:285 | 🏆 New best model saved! Accuracy: 98.76%
2025-09-18 17:32:59 |     INFO | trainer:291 | 📈 Epoch 10 Summary:
2025-09-18 17:32:59 |     INFO | trainer:292 |    Duration: 37.10s
2025-09-18 17:32:59 |     INFO | trainer:293 |    Train - Loss: 0.0624, Accuracy: 98.06%
2025-09-18 17:32:59 |     INFO | trainer:294 |    Test  - Loss: 0.0394, Accuracy: 98.76%
2025-09-18 17:32:59 |     INFO | trainer:295 |    🏆 Best Test Accuracy: 98.76% (Epoch 10)
2025-09-18 17:32:59 |     INFO | trainer:261 | 🔄 Starting Epoch 11/20
2025-09-18 17:32:59 |     INFO | trainer:262 | --------------------------------------------------
2025-09-18 17:33:32 |     INFO | train:85 | 📈 Epoch 11 Training Results:
2025-09-18 17:33:32 |     INFO | train:86 |    Loss: 0.0571
2025-09-18 17:33:32 |     INFO | train:87 |    Accuracy: 98.21% (60000 samples)
2025-09-18 17:33:32 |     INFO | train:88 |    Precision: 98.20%
2025-09-18 17:33:32 |     INFO | train:89 |    Recall: 98.20%
2025-09-18 17:33:32 |     INFO | train:90 |    F1-Score: 98.20%
2025-09-18 17:33:32 |     INFO | train:91 |    LR: 0.001000
2025-09-18 17:33:36 |     INFO | test:142 | 📊 Epoch 11 Test Results:
2025-09-18 17:33:36 |     INFO | test:143 |    Loss: 0.0318
2025-09-18 17:33:36 |     INFO | test:144 |    Accuracy: 98.86% (10000 samples)
2025-09-18 17:33:36 |     INFO | test:145 |    Precision: 98.87%
2025-09-18 17:33:36 |     INFO | test:146 |    Recall: 98.84%
2025-09-18 17:33:36 |     INFO | test:147 |    F1-Score: 98.85%
2025-09-18 17:33:36 |     INFO | trainer:285 | 🏆 New best model saved! Accuracy: 98.86%
2025-09-18 17:33:36 |     INFO | trainer:291 | 📈 Epoch 11 Summary:
2025-09-18 17:33:36 |     INFO | trainer:292 |    Duration: 36.89s
2025-09-18 17:33:36 |     INFO | trainer:293 |    Train - Loss: 0.0571, Accuracy: 98.21%
2025-09-18 17:33:36 |     INFO | trainer:294 |    Test  - Loss: 0.0318, Accuracy: 98.86%
2025-09-18 17:33:36 |     INFO | trainer:295 |    🏆 Best Test Accuracy: 98.86% (Epoch 11)
2025-09-18 17:33:36 |     INFO | trainer:261 | 🔄 Starting Epoch 12/20
2025-09-18 17:33:36 |     INFO | trainer:262 | --------------------------------------------------
2025-09-18 17:34:09 |     INFO | train:85 | 📈 Epoch 12 Training Results:
2025-09-18 17:34:09 |     INFO | train:86 |    Loss: 0.0567
2025-09-18 17:34:09 |     INFO | train:87 |    Accuracy: 98.21% (60000 samples)
2025-09-18 17:34:09 |     INFO | train:88 |    Precision: 98.20%
2025-09-18 17:34:09 |     INFO | train:89 |    Recall: 98.20%
2025-09-18 17:34:09 |     INFO | train:90 |    F1-Score: 98.20%
2025-09-18 17:34:09 |     INFO | train:91 |    LR: 0.001000
2025-09-18 17:34:13 |     INFO | test:142 | 📊 Epoch 12 Test Results:
2025-09-18 17:34:13 |     INFO | test:143 |    Loss: 0.0403
2025-09-18 17:34:13 |     INFO | test:144 |    Accuracy: 98.71% (10000 samples)
2025-09-18 17:34:13 |     INFO | test:145 |    Precision: 98.74%
2025-09-18 17:34:13 |     INFO | test:146 |    Recall: 98.70%
2025-09-18 17:34:13 |     INFO | test:147 |    F1-Score: 98.71%
2025-09-18 17:34:13 |     INFO | trainer:291 | 📈 Epoch 12 Summary:
2025-09-18 17:34:13 |     INFO | trainer:292 |    Duration: 36.64s
2025-09-18 17:34:13 |     INFO | trainer:293 |    Train - Loss: 0.0567, Accuracy: 98.21%
2025-09-18 17:34:13 |     INFO | trainer:294 |    Test  - Loss: 0.0403, Accuracy: 98.71%
2025-09-18 17:34:13 |     INFO | trainer:295 |    🏆 Best Test Accuracy: 98.86% (Epoch 11)
2025-09-18 17:34:13 |     INFO | trainer:261 | 🔄 Starting Epoch 13/20
2025-09-18 17:34:13 |     INFO | trainer:262 | --------------------------------------------------
2025-09-18 17:34:46 |     INFO | train:85 | 📈 Epoch 13 Training Results:
2025-09-18 17:34:46 |     INFO | train:86 |    Loss: 0.0542
2025-09-18 17:34:46 |     INFO | train:87 |    Accuracy: 98.28% (60000 samples)
2025-09-18 17:34:46 |     INFO | train:88 |    Precision: 98.27%
2025-09-18 17:34:46 |     INFO | train:89 |    Recall: 98.27%
2025-09-18 17:34:46 |     INFO | train:90 |    F1-Score: 98.27%
2025-09-18 17:34:46 |     INFO | train:91 |    LR: 0.001000
2025-09-18 17:34:49 |     INFO | test:142 | 📊 Epoch 13 Test Results:
2025-09-18 17:34:49 |     INFO | test:143 |    Loss: 0.0344
2025-09-18 17:34:49 |     INFO | test:144 |    Accuracy: 98.86% (10000 samples)
2025-09-18 17:34:49 |     INFO | test:145 |    Precision: 98.88%
2025-09-18 17:34:49 |     INFO | test:146 |    Recall: 98.85%
2025-09-18 17:34:49 |     INFO | test:147 |    F1-Score: 98.86%
2025-09-18 17:34:49 |     INFO | trainer:291 | 📈 Epoch 13 Summary:
2025-09-18 17:34:49 |     INFO | trainer:292 |    Duration: 36.60s
2025-09-18 17:34:49 |     INFO | trainer:293 |    Train - Loss: 0.0542, Accuracy: 98.28%
2025-09-18 17:34:49 |     INFO | trainer:294 |    Test  - Loss: 0.0344, Accuracy: 98.86%
2025-09-18 17:34:49 |     INFO | trainer:295 |    🏆 Best Test Accuracy: 98.86% (Epoch 11)
2025-09-18 17:34:49 |     INFO | trainer:261 | 🔄 Starting Epoch 14/20
2025-09-18 17:34:49 |     INFO | trainer:262 | --------------------------------------------------
2025-09-18 17:35:22 |     INFO | train:85 | 📈 Epoch 14 Training Results:
2025-09-18 17:35:22 |     INFO | train:86 |    Loss: 0.0537
2025-09-18 17:35:22 |     INFO | train:87 |    Accuracy: 98.34% (60000 samples)
2025-09-18 17:35:22 |     INFO | train:88 |    Precision: 98.33%
2025-09-18 17:35:22 |     INFO | train:89 |    Recall: 98.33%
2025-09-18 17:35:22 |     INFO | train:90 |    F1-Score: 98.33%
2025-09-18 17:35:22 |     INFO | train:91 |    LR: 0.001000
2025-09-18 17:35:26 |     INFO | test:142 | 📊 Epoch 14 Test Results:
2025-09-18 17:35:26 |     INFO | test:143 |    Loss: 0.0301
2025-09-18 17:35:26 |     INFO | test:144 |    Accuracy: 99.06% (10000 samples)
2025-09-18 17:35:26 |     INFO | test:145 |    Precision: 99.07%
2025-09-18 17:35:26 |     INFO | test:146 |    Recall: 99.05%
2025-09-18 17:35:26 |     INFO | test:147 |    F1-Score: 99.05%
2025-09-18 17:35:26 |     INFO | trainer:285 | 🏆 New best model saved! Accuracy: 99.06%
2025-09-18 17:35:26 |     INFO | trainer:291 | 📈 Epoch 14 Summary:
2025-09-18 17:35:26 |     INFO | trainer:292 |    Duration: 36.74s
2025-09-18 17:35:26 |     INFO | trainer:293 |    Train - Loss: 0.0537, Accuracy: 98.34%
2025-09-18 17:35:26 |     INFO | trainer:294 |    Test  - Loss: 0.0301, Accuracy: 99.06%
2025-09-18 17:35:26 |     INFO | trainer:295 |    🏆 Best Test Accuracy: 99.06% (Epoch 14)
2025-09-18 17:35:26 |     INFO | trainer:261 | 🔄 Starting Epoch 15/20
2025-09-18 17:35:26 |     INFO | trainer:262 | --------------------------------------------------
2025-09-18 17:35:59 |     INFO | train:85 | 📈 Epoch 15 Training Results:
2025-09-18 17:35:59 |     INFO | train:86 |    Loss: 0.0505
2025-09-18 17:35:59 |     INFO | train:87 |    Accuracy: 98.36% (60000 samples)
2025-09-18 17:35:59 |     INFO | train:88 |    Precision: 98.35%
2025-09-18 17:35:59 |     INFO | train:89 |    Recall: 98.35%
2025-09-18 17:35:59 |     INFO | train:90 |    F1-Score: 98.35%
2025-09-18 17:35:59 |     INFO | train:91 |    LR: 0.001000
2025-09-18 17:36:03 |     INFO | test:142 | 📊 Epoch 15 Test Results:
2025-09-18 17:36:03 |     INFO | test:143 |    Loss: 0.0281
2025-09-18 17:36:03 |     INFO | test:144 |    Accuracy: 98.98% (10000 samples)
2025-09-18 17:36:03 |     INFO | test:145 |    Precision: 98.99%
2025-09-18 17:36:03 |     INFO | test:146 |    Recall: 98.97%
2025-09-18 17:36:03 |     INFO | test:147 |    F1-Score: 98.98%
2025-09-18 17:36:03 |     INFO | trainer:291 | 📈 Epoch 15 Summary:
2025-09-18 17:36:03 |     INFO | trainer:292 |    Duration: 36.70s
2025-09-18 17:36:03 |     INFO | trainer:293 |    Train - Loss: 0.0505, Accuracy: 98.36%
2025-09-18 17:36:03 |     INFO | trainer:294 |    Test  - Loss: 0.0281, Accuracy: 98.98%
2025-09-18 17:36:03 |     INFO | trainer:295 |    🏆 Best Test Accuracy: 99.06% (Epoch 14)
2025-09-18 17:36:03 |     INFO | trainer:261 | 🔄 Starting Epoch 16/20
2025-09-18 17:36:03 |     INFO | trainer:262 | --------------------------------------------------
2025-09-18 17:36:36 |     INFO | train:85 | 📈 Epoch 16 Training Results:
2025-09-18 17:36:36 |     INFO | train:86 |    Loss: 0.0512
2025-09-18 17:36:36 |     INFO | train:87 |    Accuracy: 98.38% (60000 samples)
2025-09-18 17:36:36 |     INFO | train:88 |    Precision: 98.37%
2025-09-18 17:36:36 |     INFO | train:89 |    Recall: 98.37%
2025-09-18 17:36:36 |     INFO | train:90 |    F1-Score: 98.37%
2025-09-18 17:36:36 |     INFO | train:91 |    LR: 0.001000
2025-09-18 17:36:39 |     INFO | test:142 | 📊 Epoch 16 Test Results:
2025-09-18 17:36:39 |     INFO | test:143 |    Loss: 0.0269
2025-09-18 17:36:39 |     INFO | test:144 |    Accuracy: 99.11% (10000 samples)
2025-09-18 17:36:39 |     INFO | test:145 |    Precision: 99.12%
2025-09-18 17:36:39 |     INFO | test:146 |    Recall: 99.10%
2025-09-18 17:36:39 |     INFO | test:147 |    F1-Score: 99.11%
2025-09-18 17:36:39 |     INFO | trainer:285 | 🏆 New best model saved! Accuracy: 99.11%
2025-09-18 17:36:39 |     INFO | trainer:291 | 📈 Epoch 16 Summary:
2025-09-18 17:36:39 |     INFO | trainer:292 |    Duration: 36.66s
2025-09-18 17:36:39 |     INFO | trainer:293 |    Train - Loss: 0.0512, Accuracy: 98.38%
2025-09-18 17:36:39 |     INFO | trainer:294 |    Test  - Loss: 0.0269, Accuracy: 99.11%
2025-09-18 17:36:39 |     INFO | trainer:295 |    🏆 Best Test Accuracy: 99.11% (Epoch 16)
2025-09-18 17:36:39 |     INFO | trainer:261 | 🔄 Starting Epoch 17/20
2025-09-18 17:36:39 |     INFO | trainer:262 | --------------------------------------------------
2025-09-18 17:37:12 |     INFO | train:85 | 📈 Epoch 17 Training Results:
2025-09-18 17:37:12 |     INFO | train:86 |    Loss: 0.0499
2025-09-18 17:37:12 |     INFO | train:87 |    Accuracy: 98.39% (60000 samples)
2025-09-18 17:37:12 |     INFO | train:88 |    Precision: 98.38%
2025-09-18 17:37:12 |     INFO | train:89 |    Recall: 98.38%
2025-09-18 17:37:12 |     INFO | train:90 |    F1-Score: 98.38%
2025-09-18 17:37:12 |     INFO | train:91 |    LR: 0.001000
2025-09-18 17:37:16 |     INFO | test:142 | 📊 Epoch 17 Test Results:
2025-09-18 17:37:16 |     INFO | test:143 |    Loss: 0.0278
2025-09-18 17:37:16 |     INFO | test:144 |    Accuracy: 99.05% (10000 samples)
2025-09-18 17:37:16 |     INFO | test:145 |    Precision: 99.06%
2025-09-18 17:37:16 |     INFO | test:146 |    Recall: 99.04%
2025-09-18 17:37:16 |     INFO | test:147 |    F1-Score: 99.05%
2025-09-18 17:37:16 |     INFO | trainer:291 | 📈 Epoch 17 Summary:
2025-09-18 17:37:16 |     INFO | trainer:292 |    Duration: 36.57s
2025-09-18 17:37:16 |     INFO | trainer:293 |    Train - Loss: 0.0499, Accuracy: 98.39%
2025-09-18 17:37:16 |     INFO | trainer:294 |    Test  - Loss: 0.0278, Accuracy: 99.05%
2025-09-18 17:37:16 |     INFO | trainer:295 |    🏆 Best Test Accuracy: 99.11% (Epoch 16)
2025-09-18 17:37:16 |     INFO | trainer:261 | 🔄 Starting Epoch 18/20
2025-09-18 17:37:16 |     INFO | trainer:262 | --------------------------------------------------
2025-09-18 17:37:49 |     INFO | train:85 | 📈 Epoch 18 Training Results:
2025-09-18 17:37:49 |     INFO | train:86 |    Loss: 0.0467
2025-09-18 17:37:49 |     INFO | train:87 |    Accuracy: 98.56% (60000 samples)
2025-09-18 17:37:49 |     INFO | train:88 |    Precision: 98.55%
2025-09-18 17:37:49 |     INFO | train:89 |    Recall: 98.55%
2025-09-18 17:37:49 |     INFO | train:90 |    F1-Score: 98.55%
2025-09-18 17:37:49 |     INFO | train:91 |    LR: 0.001000
2025-09-18 17:37:53 |     INFO | test:142 | 📊 Epoch 18 Test Results:
2025-09-18 17:37:53 |     INFO | test:143 |    Loss: 0.0261
2025-09-18 17:37:53 |     INFO | test:144 |    Accuracy: 99.14% (10000 samples)
2025-09-18 17:37:53 |     INFO | test:145 |    Precision: 99.14%
2025-09-18 17:37:53 |     INFO | test:146 |    Recall: 99.14%
2025-09-18 17:37:53 |     INFO | test:147 |    F1-Score: 99.14%
2025-09-18 17:37:53 |     INFO | trainer:285 | 🏆 New best model saved! Accuracy: 99.14%
2025-09-18 17:37:53 |     INFO | trainer:291 | 📈 Epoch 18 Summary:
2025-09-18 17:37:53 |     INFO | trainer:292 |    Duration: 36.98s
2025-09-18 17:37:53 |     INFO | trainer:293 |    Train - Loss: 0.0467, Accuracy: 98.56%
2025-09-18 17:37:53 |     INFO | trainer:294 |    Test  - Loss: 0.0261, Accuracy: 99.14%
2025-09-18 17:37:53 |     INFO | trainer:295 |    🏆 Best Test Accuracy: 99.14% (Epoch 18)
2025-09-18 17:37:53 |     INFO | trainer:261 | 🔄 Starting Epoch 19/20
2025-09-18 17:37:53 |     INFO | trainer:262 | --------------------------------------------------
2025-09-18 17:38:26 |     INFO | train:85 | 📈 Epoch 19 Training Results:
2025-09-18 17:38:26 |     INFO | train:86 |    Loss: 0.0458
2025-09-18 17:38:26 |     INFO | train:87 |    Accuracy: 98.53% (60000 samples)
2025-09-18 17:38:26 |     INFO | train:88 |    Precision: 98.52%
2025-09-18 17:38:26 |     INFO | train:89 |    Recall: 98.52%
2025-09-18 17:38:26 |     INFO | train:90 |    F1-Score: 98.52%
2025-09-18 17:38:26 |     INFO | train:91 |    LR: 0.001000
2025-09-18 17:38:30 |     INFO | test:142 | 📊 Epoch 19 Test Results:
2025-09-18 17:38:30 |     INFO | test:143 |    Loss: 0.0298
2025-09-18 17:38:30 |     INFO | test:144 |    Accuracy: 99.02% (10000 samples)
2025-09-18 17:38:30 |     INFO | test:145 |    Precision: 99.04%
2025-09-18 17:38:30 |     INFO | test:146 |    Recall: 99.01%
2025-09-18 17:38:30 |     INFO | test:147 |    F1-Score: 99.02%
2025-09-18 17:38:30 |     INFO | trainer:291 | 📈 Epoch 19 Summary:
2025-09-18 17:38:30 |     INFO | trainer:292 |    Duration: 36.57s
2025-09-18 17:38:30 |     INFO | trainer:293 |    Train - Loss: 0.0458, Accuracy: 98.53%
2025-09-18 17:38:30 |     INFO | trainer:294 |    Test  - Loss: 0.0298, Accuracy: 99.02%
2025-09-18 17:38:30 |     INFO | trainer:295 |    🏆 Best Test Accuracy: 99.14% (Epoch 18)
2025-09-18 17:38:30 |     INFO | trainer:261 | 🔄 Starting Epoch 20/20
2025-09-18 17:38:30 |     INFO | trainer:262 | --------------------------------------------------
2025-09-18 17:39:02 |     INFO | train:85 | 📈 Epoch 20 Training Results:
2025-09-18 17:39:02 |     INFO | train:86 |    Loss: 0.0440
2025-09-18 17:39:02 |     INFO | train:87 |    Accuracy: 98.57% (60000 samples)
2025-09-18 17:39:02 |     INFO | train:88 |    Precision: 98.56%
2025-09-18 17:39:02 |     INFO | train:89 |    Recall: 98.56%
2025-09-18 17:39:02 |     INFO | train:90 |    F1-Score: 98.56%
2025-09-18 17:39:02 |     INFO | train:91 |    LR: 0.001000
2025-09-18 17:39:06 |     INFO | test:142 | 📊 Epoch 20 Test Results:
2025-09-18 17:39:06 |     INFO | test:143 |    Loss: 0.0276
2025-09-18 17:39:06 |     INFO | test:144 |    Accuracy: 99.08% (10000 samples)
2025-09-18 17:39:06 |     INFO | test:145 |    Precision: 99.09%
2025-09-18 17:39:06 |     INFO | test:146 |    Recall: 99.07%
2025-09-18 17:39:06 |     INFO | test:147 |    F1-Score: 99.07%
2025-09-18 17:39:06 |     INFO | trainer:291 | 📈 Epoch 20 Summary:
2025-09-18 17:39:06 |     INFO | trainer:292 |    Duration: 36.78s
2025-09-18 17:39:06 |     INFO | trainer:293 |    Train - Loss: 0.0440, Accuracy: 98.57%
2025-09-18 17:39:06 |     INFO | trainer:294 |    Test  - Loss: 0.0276, Accuracy: 99.08%
2025-09-18 17:39:06 |     INFO | trainer:295 |    🏆 Best Test Accuracy: 99.14% (Epoch 18)
2025-09-18 17:39:07 |     INFO | evaluate_model:214 | 🔍 Epoch 20 Evaluation:
2025-09-18 17:39:07 |     INFO | evaluate_model:215 |    Sample accuracy: 5/5 (100.0%)
2025-09-18 17:39:07 |     INFO | evaluate_model:216 |    Predictions saved to: logs/mnist_fully_cnn_smaller_4k_params/predictions_epoch_20.png
2025-09-18 17:39:07 |     INFO | trainer:305 | ================================================================================
2025-09-18 17:39:07 |     INFO | trainer:306 | ✅ Training Complete!
2025-09-18 17:39:07 |     INFO | trainer:307 | 🏆 Best Test Accuracy: 99.14% achieved at Epoch 18
2025-09-18 17:39:07 |     INFO | trainer:308 | ⏱️ Total training time: 731.99s (12.2min)
2025-09-18 17:39:07 |     INFO | trainer:312 | 💾 Final model saved to: models/mnist_fully_cnn.pth
2025-09-18 17:39:07 |     INFO | trainer:315 | 💾 Best model saved to: models/mnist_fully_cnn_best.pth
2025-09-18 17:40:32 |     INFO | trainer:320 | 📊 Training plots saved to: logs/mnist_fully_cnn_smaller_4k_params/training_history.png
2025-09-18 17:40:32 |     INFO | save_metrics_to_json:175 | 💾 Metrics saved to: logs/mnist_fully_cnn_smaller_4k_params/metrics.json
2025-09-18 17:40:32 |     INFO | trainer:339 | 🎯 Experiment completed successfully!
2025-09-18 17:40:32 |     INFO | trainer:340 | 📁 All results saved in: logs/mnist_fully_cnn_smaller_4k_params
