2025-09-20 02:35:23 |     INFO | setup_logging:84 | ================================================================================
2025-09-20 02:35:23 |     INFO | setup_logging:85 | 🚀 Starting experiment: mnist_fully_cnn_tiny4k_params_reducelronplateaue_
2025-09-20 02:35:23 |     INFO | setup_logging:86 | 📁 Experiment directory: logs/mnist_fully_cnn_tiny4k_params_reducelronplateaue_
2025-09-20 02:35:23 |     INFO | setup_logging:87 | 💾 Log file: logs/mnist_fully_cnn_tiny4k_params_reducelronplateaue_/training.log
2025-09-20 02:35:23 |     INFO | setup_logging:88 | ================================================================================
2025-09-20 02:35:23 |     INFO | log_model_info:98 | 📋 Detailed Model Summary:
2025-09-20 02:35:23 |     INFO | log_model_info:99 | ------------------------------------------------------------
2025-09-20 02:35:23 |     INFO | log_model_info:112 |    ==========================================================================================
2025-09-20 02:35:23 |     INFO | log_model_info:112 |    Layer (type:depth-idx)                   Output Shape              Param #
2025-09-20 02:35:23 |     INFO | log_model_info:112 |    ==========================================================================================
2025-09-20 02:35:23 |     INFO | log_model_info:112 |    ├─Sequential: 1-1                        [-1, 8, 14, 14]           --
2025-09-20 02:35:23 |     INFO | log_model_info:112 |    |    └─Conv2d: 2-1                       [-1, 8, 28, 28]           80
2025-09-20 02:35:23 |     INFO | log_model_info:112 |    |    └─ReLU: 2-2                         [-1, 8, 28, 28]           --
2025-09-20 02:35:23 |     INFO | log_model_info:112 |    |    └─BatchNorm2d: 2-3                  [-1, 8, 28, 28]           16
2025-09-20 02:35:23 |     INFO | log_model_info:112 |    |    └─Conv2d: 2-4                       [-1, 8, 28, 28]           584
2025-09-20 02:35:23 |     INFO | log_model_info:112 |    |    └─ReLU: 2-5                         [-1, 8, 28, 28]           --
2025-09-20 02:35:23 |     INFO | log_model_info:112 |    |    └─BatchNorm2d: 2-6                  [-1, 8, 28, 28]           16
2025-09-20 02:35:23 |     INFO | log_model_info:112 |    |    └─Dropout: 2-7                      [-1, 8, 28, 28]           --
2025-09-20 02:35:23 |     INFO | log_model_info:112 |    |    └─MaxPool2d: 2-8                    [-1, 8, 14, 14]           --
2025-09-20 02:35:23 |     INFO | log_model_info:112 |    ├─Sequential: 1-2                        [-1, 12, 7, 7]            --
2025-09-20 02:35:23 |     INFO | log_model_info:112 |    |    └─Conv2d: 2-9                       [-1, 12, 14, 14]          876
2025-09-20 02:35:23 |     INFO | log_model_info:112 |    |    └─ReLU: 2-10                        [-1, 12, 14, 14]          --
2025-09-20 02:35:23 |     INFO | log_model_info:112 |    |    └─BatchNorm2d: 2-11                 [-1, 12, 14, 14]          24
2025-09-20 02:35:23 |     INFO | log_model_info:112 |    |    └─Conv2d: 2-12                      [-1, 12, 14, 14]          1,308
2025-09-20 02:35:23 |     INFO | log_model_info:112 |    |    └─ReLU: 2-13                        [-1, 12, 14, 14]          --
2025-09-20 02:35:23 |     INFO | log_model_info:112 |    |    └─BatchNorm2d: 2-14                 [-1, 12, 14, 14]          24
2025-09-20 02:35:23 |     INFO | log_model_info:112 |    |    └─Dropout: 2-15                     [-1, 12, 14, 14]          --
2025-09-20 02:35:23 |     INFO | log_model_info:112 |    |    └─MaxPool2d: 2-16                   [-1, 12, 7, 7]            --
2025-09-20 02:35:23 |     INFO | log_model_info:112 |    ├─Sequential: 1-3                        [-1, 16, 7, 7]            --
2025-09-20 02:35:23 |     INFO | log_model_info:112 |    |    └─Conv2d: 2-17                      [-1, 16, 7, 7]            1,744
2025-09-20 02:35:23 |     INFO | log_model_info:112 |    |    └─ReLU: 2-18                        [-1, 16, 7, 7]            --
2025-09-20 02:35:23 |     INFO | log_model_info:112 |    |    └─BatchNorm2d: 2-19                 [-1, 16, 7, 7]            32
2025-09-20 02:35:23 |     INFO | log_model_info:112 |    |    └─Dropout: 2-20                     [-1, 16, 7, 7]            --
2025-09-20 02:35:23 |     INFO | log_model_info:112 |    ├─Sequential: 1-4                        [-1, 10, 1, 1]            --
2025-09-20 02:35:23 |     INFO | log_model_info:112 |    |    └─Conv2d: 2-21                      [-1, 10, 7, 7]            170
2025-09-20 02:35:23 |     INFO | log_model_info:112 |    |    └─AdaptiveAvgPool2d: 2-22           [-1, 10, 1, 1]            --
2025-09-20 02:35:23 |     INFO | log_model_info:112 |    ==========================================================================================
2025-09-20 02:35:23 |     INFO | log_model_info:112 |    Total params: 4,874
2025-09-20 02:35:23 |     INFO | log_model_info:112 |    Trainable params: 4,874
2025-09-20 02:35:23 |     INFO | log_model_info:112 |    Non-trainable params: 0
2025-09-20 02:35:23 |     INFO | log_model_info:112 |    Total mult-adds (M): 1.03
2025-09-20 02:35:23 |     INFO | log_model_info:112 |    ==========================================================================================
2025-09-20 02:35:23 |     INFO | log_model_info:112 |    Input size (MB): 0.00
2025-09-20 02:35:23 |     INFO | log_model_info:112 |    Forward/backward pass size (MB): 0.28
2025-09-20 02:35:23 |     INFO | log_model_info:112 |    Params size (MB): 0.02
2025-09-20 02:35:23 |     INFO | log_model_info:112 |    Estimated Total Size (MB): 0.30
2025-09-20 02:35:23 |     INFO | log_model_info:112 |    ==========================================================================================
2025-09-20 02:35:23 |     INFO | log_model_info:123 | ------------------------------------------------------------
2025-09-20 02:35:23 |     INFO | log_dataset_info:130 | 📊 Dataset Information:
2025-09-20 02:35:23 |     INFO | log_dataset_info:131 |    Training batches: 1875
2025-09-20 02:35:23 |     INFO | log_dataset_info:132 |    Test batches: 313
2025-09-20 02:35:23 |     INFO | log_dataset_info:133 |    Training samples: 60,000
2025-09-20 02:35:23 |     INFO | log_dataset_info:134 |    Test samples: 10,000
2025-09-20 02:35:23 |     INFO | log_dataset_info:135 |    Batch size: 32
2025-09-20 02:35:23 |     INFO | log_training_config:142 | ⚙️ Training Configuration:
2025-09-20 02:35:23 |     INFO | log_training_config:143 |    Device: mps
2025-09-20 02:35:23 |     INFO | log_training_config:144 |    Optimizer: AdamW
2025-09-20 02:35:23 |     INFO | log_training_config:145 |    Learning rate: 0.0012
2025-09-20 02:35:23 |     INFO | log_training_config:146 |    Loss function: CrossEntropyLoss
2025-09-20 02:35:23 |     INFO | log_training_config:149 |    Scheduler: ReduceLROnPlateau
2025-09-20 02:35:23 |     INFO | trainer:255 | 🎯 Training Configuration:
2025-09-20 02:35:23 |     INFO | trainer:256 |    Epochs: 20
2025-09-20 02:35:23 |     INFO | trainer:257 |    Evaluate every: 20 epochs
2025-09-20 02:35:23 |     INFO | trainer:258 | ================================================================================
2025-09-20 02:35:23 |     INFO | trainer:260 | 🚀 Starting Training Process...
2025-09-20 02:35:23 |     INFO | trainer:261 | ⚙️  Device: mps
2025-09-20 02:35:23 |     INFO | trainer:262 | ================================================================================
2025-09-20 02:35:23 |     INFO | trainer:270 | 🔄 Starting Epoch 1/20
2025-09-20 02:35:23 |     INFO | trainer:271 | --------------------------------------------------
2025-09-20 02:36:17 |     INFO | train:96 | 📈 Epoch 1 Training Results:
2025-09-20 02:36:17 |     INFO | train:97 |    Loss: 0.4091
2025-09-20 02:36:17 |     INFO | train:98 |    Accuracy: 89.74% (60000 samples)
2025-09-20 02:36:17 |     INFO | train:99 |    Precision: 89.80%
2025-09-20 02:36:17 |     INFO | train:100 |    Recall: 89.65%
2025-09-20 02:36:17 |     INFO | train:101 |    F1-Score: 89.65%
2025-09-20 02:36:17 |     INFO | train:102 |    LR: 0.001200
2025-09-20 02:36:23 |     INFO | test:153 | 📊 Epoch 1 Test Results:
2025-09-20 02:36:23 |     INFO | test:154 |    Loss: 0.0990
2025-09-20 02:36:23 |     INFO | test:155 |    Accuracy: 97.14% (10000 samples)
2025-09-20 02:36:23 |     INFO | test:156 |    Precision: 97.18%
2025-09-20 02:36:23 |     INFO | test:157 |    Recall: 97.09%
2025-09-20 02:36:23 |     INFO | test:158 |    F1-Score: 97.11%
2025-09-20 02:36:23 |     INFO | trainer:300 | 🏆 New best model saved! Accuracy: 97.14%
2025-09-20 02:36:23 |     INFO | trainer:306 | 📈 Epoch 1 Summary:
2025-09-20 02:36:23 |     INFO | trainer:307 |    Duration: 59.40s
2025-09-20 02:36:23 |     INFO | trainer:308 |    Train - Loss: 0.4091, Accuracy: 89.74%
2025-09-20 02:36:23 |     INFO | trainer:309 |    Test  - Loss: 0.0990, Accuracy: 97.14%
2025-09-20 02:36:23 |     INFO | trainer:310 |    🏆 Best Test Accuracy: 97.14% (Epoch 1)
2025-09-20 02:36:23 |     INFO | trainer:270 | 🔄 Starting Epoch 2/20
2025-09-20 02:36:23 |     INFO | trainer:271 | --------------------------------------------------
2025-09-20 02:37:13 |     INFO | train:96 | 📈 Epoch 2 Training Results:
2025-09-20 02:37:13 |     INFO | train:97 |    Loss: 0.1205
2025-09-20 02:37:13 |     INFO | train:98 |    Accuracy: 96.50% (60000 samples)
2025-09-20 02:37:13 |     INFO | train:99 |    Precision: 96.47%
2025-09-20 02:37:13 |     INFO | train:100 |    Recall: 96.47%
2025-09-20 02:37:13 |     INFO | train:101 |    F1-Score: 96.47%
2025-09-20 02:37:13 |     INFO | train:102 |    LR: 0.001200
2025-09-20 02:37:18 |     INFO | test:153 | 📊 Epoch 2 Test Results:
2025-09-20 02:37:18 |     INFO | test:154 |    Loss: 0.0582
2025-09-20 02:37:18 |     INFO | test:155 |    Accuracy: 98.20% (10000 samples)
2025-09-20 02:37:18 |     INFO | test:156 |    Precision: 98.18%
2025-09-20 02:37:18 |     INFO | test:157 |    Recall: 98.19%
2025-09-20 02:37:18 |     INFO | test:158 |    F1-Score: 98.18%
2025-09-20 02:37:18 |     INFO | trainer:300 | 🏆 New best model saved! Accuracy: 98.20%
2025-09-20 02:37:18 |     INFO | trainer:306 | 📈 Epoch 2 Summary:
2025-09-20 02:37:18 |     INFO | trainer:307 |    Duration: 55.69s
2025-09-20 02:37:18 |     INFO | trainer:308 |    Train - Loss: 0.1205, Accuracy: 96.50%
2025-09-20 02:37:18 |     INFO | trainer:309 |    Test  - Loss: 0.0582, Accuracy: 98.20%
2025-09-20 02:37:18 |     INFO | trainer:310 |    🏆 Best Test Accuracy: 98.20% (Epoch 2)
2025-09-20 02:37:18 |     INFO | trainer:270 | 🔄 Starting Epoch 3/20
2025-09-20 02:37:18 |     INFO | trainer:271 | --------------------------------------------------
2025-09-20 02:38:06 |     INFO | train:96 | 📈 Epoch 3 Training Results:
2025-09-20 02:38:06 |     INFO | train:97 |    Loss: 0.0925
2025-09-20 02:38:06 |     INFO | train:98 |    Accuracy: 97.23% (60000 samples)
2025-09-20 02:38:06 |     INFO | train:99 |    Precision: 97.21%
2025-09-20 02:38:06 |     INFO | train:100 |    Recall: 97.21%
2025-09-20 02:38:06 |     INFO | train:101 |    F1-Score: 97.21%
2025-09-20 02:38:06 |     INFO | train:102 |    LR: 0.001200
2025-09-20 02:38:11 |     INFO | test:153 | 📊 Epoch 3 Test Results:
2025-09-20 02:38:11 |     INFO | test:154 |    Loss: 0.0561
2025-09-20 02:38:11 |     INFO | test:155 |    Accuracy: 98.33% (10000 samples)
2025-09-20 02:38:11 |     INFO | test:156 |    Precision: 98.38%
2025-09-20 02:38:11 |     INFO | test:157 |    Recall: 98.30%
2025-09-20 02:38:11 |     INFO | test:158 |    F1-Score: 98.33%
2025-09-20 02:38:11 |     INFO | trainer:300 | 🏆 New best model saved! Accuracy: 98.33%
2025-09-20 02:38:11 |     INFO | trainer:306 | 📈 Epoch 3 Summary:
2025-09-20 02:38:11 |     INFO | trainer:307 |    Duration: 52.97s
2025-09-20 02:38:11 |     INFO | trainer:308 |    Train - Loss: 0.0925, Accuracy: 97.23%
2025-09-20 02:38:11 |     INFO | trainer:309 |    Test  - Loss: 0.0561, Accuracy: 98.33%
2025-09-20 02:38:11 |     INFO | trainer:310 |    🏆 Best Test Accuracy: 98.33% (Epoch 3)
2025-09-20 02:38:11 |     INFO | trainer:270 | 🔄 Starting Epoch 4/20
2025-09-20 02:38:11 |     INFO | trainer:271 | --------------------------------------------------
2025-09-20 02:38:59 |     INFO | train:96 | 📈 Epoch 4 Training Results:
2025-09-20 02:38:59 |     INFO | train:97 |    Loss: 0.0785
2025-09-20 02:38:59 |     INFO | train:98 |    Accuracy: 97.62% (60000 samples)
2025-09-20 02:38:59 |     INFO | train:99 |    Precision: 97.61%
2025-09-20 02:38:59 |     INFO | train:100 |    Recall: 97.60%
2025-09-20 02:38:59 |     INFO | train:101 |    F1-Score: 97.61%
2025-09-20 02:38:59 |     INFO | train:102 |    LR: 0.001200
2025-09-20 02:39:04 |     INFO | test:153 | 📊 Epoch 4 Test Results:
2025-09-20 02:39:04 |     INFO | test:154 |    Loss: 0.0451
2025-09-20 02:39:04 |     INFO | test:155 |    Accuracy: 98.60% (10000 samples)
2025-09-20 02:39:04 |     INFO | test:156 |    Precision: 98.61%
2025-09-20 02:39:04 |     INFO | test:157 |    Recall: 98.58%
2025-09-20 02:39:04 |     INFO | test:158 |    F1-Score: 98.59%
2025-09-20 02:39:04 |     INFO | trainer:300 | 🏆 New best model saved! Accuracy: 98.60%
2025-09-20 02:39:04 |     INFO | trainer:306 | 📈 Epoch 4 Summary:
2025-09-20 02:39:04 |     INFO | trainer:307 |    Duration: 52.88s
2025-09-20 02:39:04 |     INFO | trainer:308 |    Train - Loss: 0.0785, Accuracy: 97.62%
2025-09-20 02:39:04 |     INFO | trainer:309 |    Test  - Loss: 0.0451, Accuracy: 98.60%
2025-09-20 02:39:04 |     INFO | trainer:310 |    🏆 Best Test Accuracy: 98.60% (Epoch 4)
2025-09-20 02:39:04 |     INFO | trainer:270 | 🔄 Starting Epoch 5/20
2025-09-20 02:39:04 |     INFO | trainer:271 | --------------------------------------------------
2025-09-20 02:39:52 |     INFO | train:96 | 📈 Epoch 5 Training Results:
2025-09-20 02:39:52 |     INFO | train:97 |    Loss: 0.0693
2025-09-20 02:39:52 |     INFO | train:98 |    Accuracy: 97.88% (60000 samples)
2025-09-20 02:39:52 |     INFO | train:99 |    Precision: 97.87%
2025-09-20 02:39:52 |     INFO | train:100 |    Recall: 97.87%
2025-09-20 02:39:52 |     INFO | train:101 |    F1-Score: 97.87%
2025-09-20 02:39:52 |     INFO | train:102 |    LR: 0.001200
2025-09-20 02:39:57 |     INFO | test:153 | 📊 Epoch 5 Test Results:
2025-09-20 02:39:57 |     INFO | test:154 |    Loss: 0.0361
2025-09-20 02:39:57 |     INFO | test:155 |    Accuracy: 98.86% (10000 samples)
2025-09-20 02:39:57 |     INFO | test:156 |    Precision: 98.87%
2025-09-20 02:39:57 |     INFO | test:157 |    Recall: 98.84%
2025-09-20 02:39:57 |     INFO | test:158 |    F1-Score: 98.85%
2025-09-20 02:39:57 |     INFO | trainer:300 | 🏆 New best model saved! Accuracy: 98.86%
2025-09-20 02:39:57 |     INFO | trainer:306 | 📈 Epoch 5 Summary:
2025-09-20 02:39:57 |     INFO | trainer:307 |    Duration: 52.95s
2025-09-20 02:39:57 |     INFO | trainer:308 |    Train - Loss: 0.0693, Accuracy: 97.88%
2025-09-20 02:39:57 |     INFO | trainer:309 |    Test  - Loss: 0.0361, Accuracy: 98.86%
2025-09-20 02:39:57 |     INFO | trainer:310 |    🏆 Best Test Accuracy: 98.86% (Epoch 5)
2025-09-20 02:39:57 |     INFO | trainer:270 | 🔄 Starting Epoch 6/20
2025-09-20 02:39:57 |     INFO | trainer:271 | --------------------------------------------------
2025-09-20 02:40:45 |     INFO | train:96 | 📈 Epoch 6 Training Results:
2025-09-20 02:40:45 |     INFO | train:97 |    Loss: 0.0656
2025-09-20 02:40:45 |     INFO | train:98 |    Accuracy: 98.01% (60000 samples)
2025-09-20 02:40:45 |     INFO | train:99 |    Precision: 98.00%
2025-09-20 02:40:45 |     INFO | train:100 |    Recall: 98.00%
2025-09-20 02:40:45 |     INFO | train:101 |    F1-Score: 98.00%
2025-09-20 02:40:45 |     INFO | train:102 |    LR: 0.001200
2025-09-20 02:40:50 |     INFO | test:153 | 📊 Epoch 6 Test Results:
2025-09-20 02:40:50 |     INFO | test:154 |    Loss: 0.0351
2025-09-20 02:40:50 |     INFO | test:155 |    Accuracy: 98.94% (10000 samples)
2025-09-20 02:40:50 |     INFO | test:156 |    Precision: 98.95%
2025-09-20 02:40:50 |     INFO | test:157 |    Recall: 98.92%
2025-09-20 02:40:50 |     INFO | test:158 |    F1-Score: 98.93%
2025-09-20 02:40:50 |     INFO | trainer:300 | 🏆 New best model saved! Accuracy: 98.94%
2025-09-20 02:40:50 |     INFO | trainer:306 | 📈 Epoch 6 Summary:
2025-09-20 02:40:50 |     INFO | trainer:307 |    Duration: 52.80s
2025-09-20 02:40:50 |     INFO | trainer:308 |    Train - Loss: 0.0656, Accuracy: 98.01%
2025-09-20 02:40:50 |     INFO | trainer:309 |    Test  - Loss: 0.0351, Accuracy: 98.94%
2025-09-20 02:40:50 |     INFO | trainer:310 |    🏆 Best Test Accuracy: 98.94% (Epoch 6)
2025-09-20 02:40:50 |     INFO | trainer:270 | 🔄 Starting Epoch 7/20
2025-09-20 02:40:50 |     INFO | trainer:271 | --------------------------------------------------
2025-09-20 02:41:38 |     INFO | train:96 | 📈 Epoch 7 Training Results:
2025-09-20 02:41:38 |     INFO | train:97 |    Loss: 0.0601
2025-09-20 02:41:38 |     INFO | train:98 |    Accuracy: 98.12% (60000 samples)
2025-09-20 02:41:38 |     INFO | train:99 |    Precision: 98.12%
2025-09-20 02:41:38 |     INFO | train:100 |    Recall: 98.11%
2025-09-20 02:41:38 |     INFO | train:101 |    F1-Score: 98.11%
2025-09-20 02:41:38 |     INFO | train:102 |    LR: 0.001200
2025-09-20 02:41:43 |     INFO | test:153 | 📊 Epoch 7 Test Results:
2025-09-20 02:41:43 |     INFO | test:154 |    Loss: 0.0340
2025-09-20 02:41:43 |     INFO | test:155 |    Accuracy: 98.86% (10000 samples)
2025-09-20 02:41:43 |     INFO | test:156 |    Precision: 98.87%
2025-09-20 02:41:43 |     INFO | test:157 |    Recall: 98.83%
2025-09-20 02:41:43 |     INFO | test:158 |    F1-Score: 98.85%
2025-09-20 02:41:43 |     INFO | trainer:306 | 📈 Epoch 7 Summary:
2025-09-20 02:41:43 |     INFO | trainer:307 |    Duration: 53.30s
2025-09-20 02:41:43 |     INFO | trainer:308 |    Train - Loss: 0.0601, Accuracy: 98.12%
2025-09-20 02:41:43 |     INFO | trainer:309 |    Test  - Loss: 0.0340, Accuracy: 98.86%
2025-09-20 02:41:43 |     INFO | trainer:310 |    🏆 Best Test Accuracy: 98.94% (Epoch 6)
2025-09-20 02:41:43 |     INFO | trainer:270 | 🔄 Starting Epoch 8/20
2025-09-20 02:41:43 |     INFO | trainer:271 | --------------------------------------------------
2025-09-20 02:42:29 |     INFO | train:96 | 📈 Epoch 8 Training Results:
2025-09-20 02:42:29 |     INFO | train:97 |    Loss: 0.0575
2025-09-20 02:42:29 |     INFO | train:98 |    Accuracy: 98.20% (60000 samples)
2025-09-20 02:42:29 |     INFO | train:99 |    Precision: 98.19%
2025-09-20 02:42:29 |     INFO | train:100 |    Recall: 98.19%
2025-09-20 02:42:29 |     INFO | train:101 |    F1-Score: 98.19%
2025-09-20 02:42:29 |     INFO | train:102 |    LR: 0.001200
2025-09-20 02:42:34 |     INFO | test:153 | 📊 Epoch 8 Test Results:
2025-09-20 02:42:34 |     INFO | test:154 |    Loss: 0.0348
2025-09-20 02:42:34 |     INFO | test:155 |    Accuracy: 98.89% (10000 samples)
2025-09-20 02:42:34 |     INFO | test:156 |    Precision: 98.90%
2025-09-20 02:42:34 |     INFO | test:157 |    Recall: 98.87%
2025-09-20 02:42:34 |     INFO | test:158 |    F1-Score: 98.88%
2025-09-20 02:42:34 |     INFO | trainer:291 | 📉 Learning rate updated: 0.001200 → 0.000600
2025-09-20 02:42:34 |     INFO | trainer:306 | 📈 Epoch 8 Summary:
2025-09-20 02:42:34 |     INFO | trainer:307 |    Duration: 50.59s
2025-09-20 02:42:34 |     INFO | trainer:308 |    Train - Loss: 0.0575, Accuracy: 98.20%
2025-09-20 02:42:34 |     INFO | trainer:309 |    Test  - Loss: 0.0348, Accuracy: 98.89%
2025-09-20 02:42:34 |     INFO | trainer:310 |    🏆 Best Test Accuracy: 98.94% (Epoch 6)
2025-09-20 02:42:34 |     INFO | trainer:270 | 🔄 Starting Epoch 9/20
2025-09-20 02:42:34 |     INFO | trainer:271 | --------------------------------------------------
2025-09-20 02:43:22 |     INFO | train:96 | 📈 Epoch 9 Training Results:
2025-09-20 02:43:22 |     INFO | train:97 |    Loss: 0.0470
2025-09-20 02:43:22 |     INFO | train:98 |    Accuracy: 98.58% (60000 samples)
2025-09-20 02:43:22 |     INFO | train:99 |    Precision: 98.57%
2025-09-20 02:43:22 |     INFO | train:100 |    Recall: 98.56%
2025-09-20 02:43:22 |     INFO | train:101 |    F1-Score: 98.57%
2025-09-20 02:43:22 |     INFO | train:102 |    LR: 0.000600
2025-09-20 02:43:27 |     INFO | test:153 | 📊 Epoch 9 Test Results:
2025-09-20 02:43:27 |     INFO | test:154 |    Loss: 0.0256
2025-09-20 02:43:27 |     INFO | test:155 |    Accuracy: 99.13% (10000 samples)
2025-09-20 02:43:27 |     INFO | test:156 |    Precision: 99.13%
2025-09-20 02:43:27 |     INFO | test:157 |    Recall: 99.12%
2025-09-20 02:43:27 |     INFO | test:158 |    F1-Score: 99.13%
2025-09-20 02:43:27 |     INFO | trainer:300 | 🏆 New best model saved! Accuracy: 99.13%
2025-09-20 02:43:27 |     INFO | trainer:306 | 📈 Epoch 9 Summary:
2025-09-20 02:43:27 |     INFO | trainer:307 |    Duration: 53.01s
2025-09-20 02:43:27 |     INFO | trainer:308 |    Train - Loss: 0.0470, Accuracy: 98.58%
2025-09-20 02:43:27 |     INFO | trainer:309 |    Test  - Loss: 0.0256, Accuracy: 99.13%
2025-09-20 02:43:27 |     INFO | trainer:310 |    🏆 Best Test Accuracy: 99.13% (Epoch 9)
2025-09-20 02:43:27 |     INFO | trainer:270 | 🔄 Starting Epoch 10/20
2025-09-20 02:43:27 |     INFO | trainer:271 | --------------------------------------------------
2025-09-20 02:44:10 |     INFO | train:96 | 📈 Epoch 10 Training Results:
2025-09-20 02:44:10 |     INFO | train:97 |    Loss: 0.0457
2025-09-20 02:44:10 |     INFO | train:98 |    Accuracy: 98.58% (60000 samples)
2025-09-20 02:44:10 |     INFO | train:99 |    Precision: 98.57%
2025-09-20 02:44:10 |     INFO | train:100 |    Recall: 98.58%
2025-09-20 02:44:10 |     INFO | train:101 |    F1-Score: 98.58%
2025-09-20 02:44:10 |     INFO | train:102 |    LR: 0.000600
2025-09-20 02:44:15 |     INFO | test:153 | 📊 Epoch 10 Test Results:
2025-09-20 02:44:15 |     INFO | test:154 |    Loss: 0.0232
2025-09-20 02:44:15 |     INFO | test:155 |    Accuracy: 99.25% (10000 samples)
2025-09-20 02:44:15 |     INFO | test:156 |    Precision: 99.25%
2025-09-20 02:44:15 |     INFO | test:157 |    Recall: 99.24%
2025-09-20 02:44:15 |     INFO | test:158 |    F1-Score: 99.25%
2025-09-20 02:44:15 |     INFO | trainer:300 | 🏆 New best model saved! Accuracy: 99.25%
2025-09-20 02:44:15 |     INFO | trainer:306 | 📈 Epoch 10 Summary:
2025-09-20 02:44:15 |     INFO | trainer:307 |    Duration: 48.26s
2025-09-20 02:44:15 |     INFO | trainer:308 |    Train - Loss: 0.0457, Accuracy: 98.58%
2025-09-20 02:44:15 |     INFO | trainer:309 |    Test  - Loss: 0.0232, Accuracy: 99.25%
2025-09-20 02:44:15 |     INFO | trainer:310 |    🏆 Best Test Accuracy: 99.25% (Epoch 10)
2025-09-20 02:44:15 |     INFO | trainer:270 | 🔄 Starting Epoch 11/20
2025-09-20 02:44:15 |     INFO | trainer:271 | --------------------------------------------------
2025-09-20 02:44:57 |     INFO | train:96 | 📈 Epoch 11 Training Results:
2025-09-20 02:44:57 |     INFO | train:97 |    Loss: 0.0470
2025-09-20 02:44:57 |     INFO | train:98 |    Accuracy: 98.58% (60000 samples)
2025-09-20 02:44:57 |     INFO | train:99 |    Precision: 98.57%
2025-09-20 02:44:57 |     INFO | train:100 |    Recall: 98.57%
2025-09-20 02:44:57 |     INFO | train:101 |    F1-Score: 98.57%
2025-09-20 02:44:57 |     INFO | train:102 |    LR: 0.000600
2025-09-20 02:45:02 |     INFO | test:153 | 📊 Epoch 11 Test Results:
2025-09-20 02:45:02 |     INFO | test:154 |    Loss: 0.0238
2025-09-20 02:45:02 |     INFO | test:155 |    Accuracy: 99.29% (10000 samples)
2025-09-20 02:45:02 |     INFO | test:156 |    Precision: 99.30%
2025-09-20 02:45:02 |     INFO | test:157 |    Recall: 99.27%
2025-09-20 02:45:02 |     INFO | test:158 |    F1-Score: 99.29%
2025-09-20 02:45:02 |     INFO | trainer:300 | 🏆 New best model saved! Accuracy: 99.29%
2025-09-20 02:45:02 |     INFO | trainer:306 | 📈 Epoch 11 Summary:
2025-09-20 02:45:02 |     INFO | trainer:307 |    Duration: 46.43s
2025-09-20 02:45:02 |     INFO | trainer:308 |    Train - Loss: 0.0470, Accuracy: 98.58%
2025-09-20 02:45:02 |     INFO | trainer:309 |    Test  - Loss: 0.0238, Accuracy: 99.29%
2025-09-20 02:45:02 |     INFO | trainer:310 |    🏆 Best Test Accuracy: 99.29% (Epoch 11)
2025-09-20 02:45:02 |     INFO | trainer:270 | 🔄 Starting Epoch 12/20
2025-09-20 02:45:02 |     INFO | trainer:271 | --------------------------------------------------
2025-09-20 02:45:44 |     INFO | train:96 | 📈 Epoch 12 Training Results:
2025-09-20 02:45:44 |     INFO | train:97 |    Loss: 0.0434
2025-09-20 02:45:44 |     INFO | train:98 |    Accuracy: 98.62% (60000 samples)
2025-09-20 02:45:44 |     INFO | train:99 |    Precision: 98.62%
2025-09-20 02:45:44 |     INFO | train:100 |    Recall: 98.61%
2025-09-20 02:45:44 |     INFO | train:101 |    F1-Score: 98.62%
2025-09-20 02:45:44 |     INFO | train:102 |    LR: 0.000600
2025-09-20 02:45:50 |     INFO | test:153 | 📊 Epoch 12 Test Results:
2025-09-20 02:45:50 |     INFO | test:154 |    Loss: 0.0275
2025-09-20 02:45:50 |     INFO | test:155 |    Accuracy: 99.12% (10000 samples)
2025-09-20 02:45:50 |     INFO | test:156 |    Precision: 99.13%
2025-09-20 02:45:50 |     INFO | test:157 |    Recall: 99.10%
2025-09-20 02:45:50 |     INFO | test:158 |    F1-Score: 99.11%
2025-09-20 02:45:50 |     INFO | trainer:306 | 📈 Epoch 12 Summary:
2025-09-20 02:45:50 |     INFO | trainer:307 |    Duration: 48.18s
2025-09-20 02:45:50 |     INFO | trainer:308 |    Train - Loss: 0.0434, Accuracy: 98.62%
2025-09-20 02:45:50 |     INFO | trainer:309 |    Test  - Loss: 0.0275, Accuracy: 99.12%
2025-09-20 02:45:50 |     INFO | trainer:310 |    🏆 Best Test Accuracy: 99.29% (Epoch 11)
2025-09-20 02:45:50 |     INFO | trainer:270 | 🔄 Starting Epoch 13/20
2025-09-20 02:45:50 |     INFO | trainer:271 | --------------------------------------------------
2025-09-20 02:46:36 |     INFO | train:96 | 📈 Epoch 13 Training Results:
2025-09-20 02:46:36 |     INFO | train:97 |    Loss: 0.0417
2025-09-20 02:46:36 |     INFO | train:98 |    Accuracy: 98.74% (60000 samples)
2025-09-20 02:46:36 |     INFO | train:99 |    Precision: 98.73%
2025-09-20 02:46:36 |     INFO | train:100 |    Recall: 98.73%
2025-09-20 02:46:36 |     INFO | train:101 |    F1-Score: 98.73%
2025-09-20 02:46:36 |     INFO | train:102 |    LR: 0.000600
2025-09-20 02:46:41 |     INFO | test:153 | 📊 Epoch 13 Test Results:
2025-09-20 02:46:41 |     INFO | test:154 |    Loss: 0.0235
2025-09-20 02:46:41 |     INFO | test:155 |    Accuracy: 99.23% (10000 samples)
2025-09-20 02:46:41 |     INFO | test:156 |    Precision: 99.23%
2025-09-20 02:46:41 |     INFO | test:157 |    Recall: 99.22%
2025-09-20 02:46:41 |     INFO | test:158 |    F1-Score: 99.22%
2025-09-20 02:46:41 |     INFO | trainer:291 | 📉 Learning rate updated: 0.000600 → 0.000300
2025-09-20 02:46:41 |     INFO | trainer:306 | 📈 Epoch 13 Summary:
2025-09-20 02:46:41 |     INFO | trainer:307 |    Duration: 51.61s
2025-09-20 02:46:41 |     INFO | trainer:308 |    Train - Loss: 0.0417, Accuracy: 98.74%
2025-09-20 02:46:41 |     INFO | trainer:309 |    Test  - Loss: 0.0235, Accuracy: 99.23%
2025-09-20 02:46:41 |     INFO | trainer:310 |    🏆 Best Test Accuracy: 99.29% (Epoch 11)
2025-09-20 02:46:41 |     INFO | trainer:270 | 🔄 Starting Epoch 14/20
2025-09-20 02:46:41 |     INFO | trainer:271 | --------------------------------------------------
2025-09-20 02:47:29 |     INFO | train:96 | 📈 Epoch 14 Training Results:
2025-09-20 02:47:29 |     INFO | train:97 |    Loss: 0.0397
2025-09-20 02:47:29 |     INFO | train:98 |    Accuracy: 98.74% (60000 samples)
2025-09-20 02:47:29 |     INFO | train:99 |    Precision: 98.74%
2025-09-20 02:47:29 |     INFO | train:100 |    Recall: 98.73%
2025-09-20 02:47:29 |     INFO | train:101 |    F1-Score: 98.73%
2025-09-20 02:47:29 |     INFO | train:102 |    LR: 0.000300
2025-09-20 02:47:34 |     INFO | test:153 | 📊 Epoch 14 Test Results:
2025-09-20 02:47:34 |     INFO | test:154 |    Loss: 0.0219
2025-09-20 02:47:34 |     INFO | test:155 |    Accuracy: 99.27% (10000 samples)
2025-09-20 02:47:34 |     INFO | test:156 |    Precision: 99.27%
2025-09-20 02:47:34 |     INFO | test:157 |    Recall: 99.25%
2025-09-20 02:47:34 |     INFO | test:158 |    F1-Score: 99.26%
2025-09-20 02:47:34 |     INFO | trainer:306 | 📈 Epoch 14 Summary:
2025-09-20 02:47:34 |     INFO | trainer:307 |    Duration: 53.03s
2025-09-20 02:47:34 |     INFO | trainer:308 |    Train - Loss: 0.0397, Accuracy: 98.74%
2025-09-20 02:47:34 |     INFO | trainer:309 |    Test  - Loss: 0.0219, Accuracy: 99.27%
2025-09-20 02:47:34 |     INFO | trainer:310 |    🏆 Best Test Accuracy: 99.29% (Epoch 11)
2025-09-20 02:47:34 |     INFO | trainer:270 | 🔄 Starting Epoch 15/20
2025-09-20 02:47:34 |     INFO | trainer:271 | --------------------------------------------------
2025-09-20 02:48:23 |     INFO | train:96 | 📈 Epoch 15 Training Results:
2025-09-20 02:48:23 |     INFO | train:97 |    Loss: 0.0385
2025-09-20 02:48:23 |     INFO | train:98 |    Accuracy: 98.83% (60000 samples)
2025-09-20 02:48:23 |     INFO | train:99 |    Precision: 98.82%
2025-09-20 02:48:23 |     INFO | train:100 |    Recall: 98.82%
2025-09-20 02:48:23 |     INFO | train:101 |    F1-Score: 98.82%
2025-09-20 02:48:23 |     INFO | train:102 |    LR: 0.000300
2025-09-20 02:48:28 |     INFO | test:153 | 📊 Epoch 15 Test Results:
2025-09-20 02:48:28 |     INFO | test:154 |    Loss: 0.0233
2025-09-20 02:48:28 |     INFO | test:155 |    Accuracy: 99.21% (10000 samples)
2025-09-20 02:48:28 |     INFO | test:156 |    Precision: 99.22%
2025-09-20 02:48:28 |     INFO | test:157 |    Recall: 99.19%
2025-09-20 02:48:28 |     INFO | test:158 |    F1-Score: 99.21%
2025-09-20 02:48:28 |     INFO | trainer:306 | 📈 Epoch 15 Summary:
2025-09-20 02:48:28 |     INFO | trainer:307 |    Duration: 53.47s
2025-09-20 02:48:28 |     INFO | trainer:308 |    Train - Loss: 0.0385, Accuracy: 98.83%
2025-09-20 02:48:28 |     INFO | trainer:309 |    Test  - Loss: 0.0233, Accuracy: 99.21%
2025-09-20 02:48:28 |     INFO | trainer:310 |    🏆 Best Test Accuracy: 99.29% (Epoch 11)
2025-09-20 02:48:28 |     INFO | trainer:270 | 🔄 Starting Epoch 16/20
2025-09-20 02:48:28 |     INFO | trainer:271 | --------------------------------------------------
2025-09-20 02:49:16 |     INFO | train:96 | 📈 Epoch 16 Training Results:
2025-09-20 02:49:16 |     INFO | train:97 |    Loss: 0.0365
2025-09-20 02:49:16 |     INFO | train:98 |    Accuracy: 98.82% (60000 samples)
2025-09-20 02:49:16 |     INFO | train:99 |    Precision: 98.81%
2025-09-20 02:49:16 |     INFO | train:100 |    Recall: 98.81%
2025-09-20 02:49:16 |     INFO | train:101 |    F1-Score: 98.81%
2025-09-20 02:49:16 |     INFO | train:102 |    LR: 0.000300
2025-09-20 02:49:21 |     INFO | test:153 | 📊 Epoch 16 Test Results:
2025-09-20 02:49:21 |     INFO | test:154 |    Loss: 0.0219
2025-09-20 02:49:21 |     INFO | test:155 |    Accuracy: 99.30% (10000 samples)
2025-09-20 02:49:21 |     INFO | test:156 |    Precision: 99.31%
2025-09-20 02:49:21 |     INFO | test:157 |    Recall: 99.28%
2025-09-20 02:49:21 |     INFO | test:158 |    F1-Score: 99.29%
2025-09-20 02:49:21 |     INFO | trainer:291 | 📉 Learning rate updated: 0.000300 → 0.000150
2025-09-20 02:49:21 |     INFO | trainer:300 | 🏆 New best model saved! Accuracy: 99.30%
2025-09-20 02:49:21 |     INFO | trainer:306 | 📈 Epoch 16 Summary:
2025-09-20 02:49:21 |     INFO | trainer:307 |    Duration: 53.31s
2025-09-20 02:49:21 |     INFO | trainer:308 |    Train - Loss: 0.0365, Accuracy: 98.82%
2025-09-20 02:49:21 |     INFO | trainer:309 |    Test  - Loss: 0.0219, Accuracy: 99.30%
2025-09-20 02:49:21 |     INFO | trainer:310 |    🏆 Best Test Accuracy: 99.30% (Epoch 16)
2025-09-20 02:49:21 |     INFO | trainer:270 | 🔄 Starting Epoch 17/20
2025-09-20 02:49:21 |     INFO | trainer:271 | --------------------------------------------------
2025-09-20 02:50:09 |     INFO | train:96 | 📈 Epoch 17 Training Results:
2025-09-20 02:50:09 |     INFO | train:97 |    Loss: 0.0345
2025-09-20 02:50:09 |     INFO | train:98 |    Accuracy: 98.91% (60000 samples)
2025-09-20 02:50:09 |     INFO | train:99 |    Precision: 98.91%
2025-09-20 02:50:09 |     INFO | train:100 |    Recall: 98.91%
2025-09-20 02:50:09 |     INFO | train:101 |    F1-Score: 98.91%
2025-09-20 02:50:09 |     INFO | train:102 |    LR: 0.000150
2025-09-20 02:50:15 |     INFO | test:153 | 📊 Epoch 17 Test Results:
2025-09-20 02:50:15 |     INFO | test:154 |    Loss: 0.0194
2025-09-20 02:50:15 |     INFO | test:155 |    Accuracy: 99.41% (10000 samples)
2025-09-20 02:50:15 |     INFO | test:156 |    Precision: 99.41%
2025-09-20 02:50:15 |     INFO | test:157 |    Recall: 99.40%
2025-09-20 02:50:15 |     INFO | test:158 |    F1-Score: 99.40%
2025-09-20 02:50:15 |     INFO | trainer:300 | 🏆 New best model saved! Accuracy: 99.41%
2025-09-20 02:50:15 |     INFO | trainer:306 | 📈 Epoch 17 Summary:
2025-09-20 02:50:15 |     INFO | trainer:307 |    Duration: 53.57s
2025-09-20 02:50:15 |     INFO | trainer:308 |    Train - Loss: 0.0345, Accuracy: 98.91%
2025-09-20 02:50:15 |     INFO | trainer:309 |    Test  - Loss: 0.0194, Accuracy: 99.41%
2025-09-20 02:50:15 |     INFO | trainer:310 |    🏆 Best Test Accuracy: 99.41% (Epoch 17)
2025-09-20 02:50:15 |     INFO | trainer:270 | 🔄 Starting Epoch 18/20
2025-09-20 02:50:15 |     INFO | trainer:271 | --------------------------------------------------
2025-09-20 02:51:03 |     INFO | train:96 | 📈 Epoch 18 Training Results:
2025-09-20 02:51:03 |     INFO | train:97 |    Loss: 0.0341
2025-09-20 02:51:03 |     INFO | train:98 |    Accuracy: 98.94% (60000 samples)
2025-09-20 02:51:03 |     INFO | train:99 |    Precision: 98.94%
2025-09-20 02:51:03 |     INFO | train:100 |    Recall: 98.93%
2025-09-20 02:51:03 |     INFO | train:101 |    F1-Score: 98.94%
2025-09-20 02:51:03 |     INFO | train:102 |    LR: 0.000150
2025-09-20 02:51:08 |     INFO | test:153 | 📊 Epoch 18 Test Results:
2025-09-20 02:51:08 |     INFO | test:154 |    Loss: 0.0188
2025-09-20 02:51:08 |     INFO | test:155 |    Accuracy: 99.36% (10000 samples)
2025-09-20 02:51:08 |     INFO | test:156 |    Precision: 99.36%
2025-09-20 02:51:08 |     INFO | test:157 |    Recall: 99.35%
2025-09-20 02:51:08 |     INFO | test:158 |    F1-Score: 99.35%
2025-09-20 02:51:08 |     INFO | trainer:306 | 📈 Epoch 18 Summary:
2025-09-20 02:51:08 |     INFO | trainer:307 |    Duration: 53.59s
2025-09-20 02:51:08 |     INFO | trainer:308 |    Train - Loss: 0.0341, Accuracy: 98.94%
2025-09-20 02:51:08 |     INFO | trainer:309 |    Test  - Loss: 0.0188, Accuracy: 99.36%
2025-09-20 02:51:08 |     INFO | trainer:310 |    🏆 Best Test Accuracy: 99.41% (Epoch 17)
2025-09-20 02:51:08 |     INFO | trainer:270 | 🔄 Starting Epoch 19/20
2025-09-20 02:51:08 |     INFO | trainer:271 | --------------------------------------------------
2025-09-20 02:51:57 |     INFO | train:96 | 📈 Epoch 19 Training Results:
2025-09-20 02:51:57 |     INFO | train:97 |    Loss: 0.0344
2025-09-20 02:51:57 |     INFO | train:98 |    Accuracy: 98.94% (60000 samples)
2025-09-20 02:51:57 |     INFO | train:99 |    Precision: 98.93%
2025-09-20 02:51:57 |     INFO | train:100 |    Recall: 98.93%
2025-09-20 02:51:57 |     INFO | train:101 |    F1-Score: 98.93%
2025-09-20 02:51:57 |     INFO | train:102 |    LR: 0.000150
2025-09-20 02:52:02 |     INFO | test:153 | 📊 Epoch 19 Test Results:
2025-09-20 02:52:02 |     INFO | test:154 |    Loss: 0.0209
2025-09-20 02:52:02 |     INFO | test:155 |    Accuracy: 99.31% (10000 samples)
2025-09-20 02:52:02 |     INFO | test:156 |    Precision: 99.31%
2025-09-20 02:52:02 |     INFO | test:157 |    Recall: 99.30%
2025-09-20 02:52:02 |     INFO | test:158 |    F1-Score: 99.30%
2025-09-20 02:52:02 |     INFO | trainer:306 | 📈 Epoch 19 Summary:
2025-09-20 02:52:02 |     INFO | trainer:307 |    Duration: 53.74s
2025-09-20 02:52:02 |     INFO | trainer:308 |    Train - Loss: 0.0344, Accuracy: 98.94%
2025-09-20 02:52:02 |     INFO | trainer:309 |    Test  - Loss: 0.0209, Accuracy: 99.31%
2025-09-20 02:52:02 |     INFO | trainer:310 |    🏆 Best Test Accuracy: 99.41% (Epoch 17)
2025-09-20 02:52:02 |     INFO | trainer:270 | 🔄 Starting Epoch 20/20
2025-09-20 02:52:02 |     INFO | trainer:271 | --------------------------------------------------
2025-09-20 02:52:50 |     INFO | train:96 | 📈 Epoch 20 Training Results:
2025-09-20 02:52:50 |     INFO | train:97 |    Loss: 0.0349
2025-09-20 02:52:50 |     INFO | train:98 |    Accuracy: 98.90% (60000 samples)
2025-09-20 02:52:50 |     INFO | train:99 |    Precision: 98.90%
2025-09-20 02:52:50 |     INFO | train:100 |    Recall: 98.90%
2025-09-20 02:52:50 |     INFO | train:101 |    F1-Score: 98.90%
2025-09-20 02:52:50 |     INFO | train:102 |    LR: 0.000150
2025-09-20 02:52:55 |     INFO | test:153 | 📊 Epoch 20 Test Results:
2025-09-20 02:52:55 |     INFO | test:154 |    Loss: 0.0203
2025-09-20 02:52:55 |     INFO | test:155 |    Accuracy: 99.34% (10000 samples)
2025-09-20 02:52:55 |     INFO | test:156 |    Precision: 99.35%
2025-09-20 02:52:55 |     INFO | test:157 |    Recall: 99.32%
2025-09-20 02:52:55 |     INFO | test:158 |    F1-Score: 99.33%
2025-09-20 02:52:55 |     INFO | trainer:291 | 📉 Learning rate updated: 0.000150 → 0.000075
2025-09-20 02:52:55 |     INFO | trainer:306 | 📈 Epoch 20 Summary:
2025-09-20 02:52:55 |     INFO | trainer:307 |    Duration: 53.24s
2025-09-20 02:52:55 |     INFO | trainer:308 |    Train - Loss: 0.0349, Accuracy: 98.90%
2025-09-20 02:52:55 |     INFO | trainer:309 |    Test  - Loss: 0.0203, Accuracy: 99.34%
2025-09-20 02:52:55 |     INFO | trainer:310 |    🏆 Best Test Accuracy: 99.41% (Epoch 17)
2025-09-20 02:52:56 |     INFO | evaluate_model:225 | 🔍 Epoch 20 Evaluation:
2025-09-20 02:52:56 |     INFO | evaluate_model:226 |    Sample accuracy: 5/5 (100.0%)
2025-09-20 02:52:56 |     INFO | evaluate_model:227 |    Predictions saved to: logs/mnist_fully_cnn_tiny4k_params_reducelronplateaue_/predictions_epoch_20.png
2025-09-20 02:52:56 |     INFO | trainer:320 | ================================================================================
2025-09-20 02:52:56 |     INFO | trainer:321 | ✅ Training Complete!
2025-09-20 02:52:56 |     INFO | trainer:322 | 🏆 Best Test Accuracy: 99.41% achieved at Epoch 17
2025-09-20 02:52:56 |     INFO | trainer:323 | ⏱️ Total training time: 1052.47s (17.5min)
2025-09-20 02:52:56 |     INFO | trainer:327 | 💾 Final model saved to: models/mnist_fully_cnn.pth
2025-09-20 02:52:56 |     INFO | trainer:330 | 💾 Best model saved to: models/mnist_fully_cnn_best.pth
2025-09-20 02:52:56 |     INFO | trainer:335 | 📊 Training plots saved to: logs/mnist_fully_cnn_tiny4k_params_reducelronplateaue_/training_history.png
2025-09-20 02:52:56 |     INFO | save_metrics_to_json:175 | 💾 Metrics saved to: logs/mnist_fully_cnn_tiny4k_params_reducelronplateaue_/metrics.json
2025-09-20 02:52:56 |     INFO | trainer:355 | 🎯 Experiment completed successfully!
2025-09-20 02:52:56 |     INFO | trainer:356 | 📁 All results saved in: logs/mnist_fully_cnn_tiny4k_params_reducelronplateaue_
