2025-09-20 03:45:58 |     INFO | setup_logging:84 | ================================================================================
2025-09-20 03:45:58 |     INFO | setup_logging:85 | 🚀 Starting experiment: mnist_fully_cnn_smaller_8k_params
2025-09-20 03:45:58 |     INFO | setup_logging:86 | 📁 Experiment directory: logs/mnist_fully_cnn_smaller_8k_params
2025-09-20 03:45:58 |     INFO | setup_logging:87 | 💾 Log file: logs/mnist_fully_cnn_smaller_8k_params/training.log
2025-09-20 03:45:58 |     INFO | setup_logging:88 | ================================================================================
2025-09-20 03:45:59 |     INFO | log_model_info:98 | 📋 Detailed Model Summary:
2025-09-20 03:45:59 |     INFO | log_model_info:99 | ------------------------------------------------------------
2025-09-20 03:45:59 |     INFO | log_model_info:112 |    ==========================================================================================
2025-09-20 03:45:59 |     INFO | log_model_info:112 |    Layer (type:depth-idx)                   Output Shape              Param #
2025-09-20 03:45:59 |     INFO | log_model_info:112 |    ==========================================================================================
2025-09-20 03:45:59 |     INFO | log_model_info:112 |    ├─Sequential: 1-1                        [-1, 16, 14, 14]          --
2025-09-20 03:45:59 |     INFO | log_model_info:112 |    |    └─Conv2d: 2-1                       [-1, 8, 28, 28]           80
2025-09-20 03:45:59 |     INFO | log_model_info:112 |    |    └─ReLU: 2-2                         [-1, 8, 28, 28]           --
2025-09-20 03:45:59 |     INFO | log_model_info:112 |    |    └─BatchNorm2d: 2-3                  [-1, 8, 28, 28]           16
2025-09-20 03:45:59 |     INFO | log_model_info:112 |    |    └─Conv2d: 2-4                       [-1, 16, 28, 28]          1,168
2025-09-20 03:45:59 |     INFO | log_model_info:112 |    |    └─ReLU: 2-5                         [-1, 16, 28, 28]          --
2025-09-20 03:45:59 |     INFO | log_model_info:112 |    |    └─BatchNorm2d: 2-6                  [-1, 16, 28, 28]          32
2025-09-20 03:45:59 |     INFO | log_model_info:112 |    |    └─Dropout: 2-7                      [-1, 16, 28, 28]          --
2025-09-20 03:45:59 |     INFO | log_model_info:112 |    |    └─MaxPool2d: 2-8                    [-1, 16, 14, 14]          --
2025-09-20 03:45:59 |     INFO | log_model_info:112 |    ├─Sequential: 1-2                        [-1, 16, 7, 7]            --
2025-09-20 03:45:59 |     INFO | log_model_info:112 |    |    └─Conv2d: 2-9                       [-1, 16, 14, 14]          2,320
2025-09-20 03:45:59 |     INFO | log_model_info:112 |    |    └─ReLU: 2-10                        [-1, 16, 14, 14]          --
2025-09-20 03:45:59 |     INFO | log_model_info:112 |    |    └─BatchNorm2d: 2-11                 [-1, 16, 14, 14]          32
2025-09-20 03:45:59 |     INFO | log_model_info:112 |    |    └─Conv2d: 2-12                      [-1, 16, 14, 14]          2,320
2025-09-20 03:45:59 |     INFO | log_model_info:112 |    |    └─ReLU: 2-13                        [-1, 16, 14, 14]          --
2025-09-20 03:45:59 |     INFO | log_model_info:112 |    |    └─BatchNorm2d: 2-14                 [-1, 16, 14, 14]          32
2025-09-20 03:45:59 |     INFO | log_model_info:112 |    |    └─Dropout: 2-15                     [-1, 16, 14, 14]          --
2025-09-20 03:45:59 |     INFO | log_model_info:112 |    |    └─MaxPool2d: 2-16                   [-1, 16, 7, 7]            --
2025-09-20 03:45:59 |     INFO | log_model_info:112 |    ├─Sequential: 1-3                        [-1, 16, 7, 7]            --
2025-09-20 03:45:59 |     INFO | log_model_info:112 |    |    └─Conv2d: 2-17                      [-1, 16, 7, 7]            2,320
2025-09-20 03:45:59 |     INFO | log_model_info:112 |    |    └─ReLU: 2-18                        [-1, 16, 7, 7]            --
2025-09-20 03:45:59 |     INFO | log_model_info:112 |    |    └─BatchNorm2d: 2-19                 [-1, 16, 7, 7]            32
2025-09-20 03:45:59 |     INFO | log_model_info:112 |    |    └─Dropout: 2-20                     [-1, 16, 7, 7]            --
2025-09-20 03:45:59 |     INFO | log_model_info:112 |    ├─Sequential: 1-4                        [-1, 10, 1, 1]            --
2025-09-20 03:45:59 |     INFO | log_model_info:112 |    |    └─Conv2d: 2-21                      [-1, 10, 7, 7]            170
2025-09-20 03:45:59 |     INFO | log_model_info:112 |    |    └─AdaptiveAvgPool2d: 2-22           [-1, 10, 1, 1]            --
2025-09-20 03:45:59 |     INFO | log_model_info:112 |    ==========================================================================================
2025-09-20 03:45:59 |     INFO | log_model_info:112 |    Total params: 8,522
2025-09-20 03:45:59 |     INFO | log_model_info:112 |    Trainable params: 8,522
2025-09-20 03:45:59 |     INFO | log_model_info:112 |    Non-trainable params: 0
2025-09-20 03:45:59 |     INFO | log_model_info:112 |    Total mult-adds (M): 1.99
2025-09-20 03:45:59 |     INFO | log_model_info:112 |    ==========================================================================================
2025-09-20 03:45:59 |     INFO | log_model_info:112 |    Input size (MB): 0.00
2025-09-20 03:45:59 |     INFO | log_model_info:112 |    Forward/backward pass size (MB): 0.40
2025-09-20 03:45:59 |     INFO | log_model_info:112 |    Params size (MB): 0.03
2025-09-20 03:45:59 |     INFO | log_model_info:112 |    Estimated Total Size (MB): 0.43
2025-09-20 03:45:59 |     INFO | log_model_info:112 |    ==========================================================================================
2025-09-20 03:45:59 |     INFO | log_model_info:123 | ------------------------------------------------------------
2025-09-20 03:45:59 |     INFO | log_dataset_info:130 | 📊 Dataset Information:
2025-09-20 03:45:59 |     INFO | log_dataset_info:131 |    Training batches: 1875
2025-09-20 03:45:59 |     INFO | log_dataset_info:132 |    Test batches: 313
2025-09-20 03:45:59 |     INFO | log_dataset_info:133 |    Training samples: 60,000
2025-09-20 03:45:59 |     INFO | log_dataset_info:134 |    Test samples: 10,000
2025-09-20 03:45:59 |     INFO | log_dataset_info:135 |    Batch size: 32
2025-09-20 03:45:59 |     INFO | log_training_config:142 | ⚙️ Training Configuration:
2025-09-20 03:45:59 |     INFO | log_training_config:143 |    Device: mps
2025-09-20 03:45:59 |     INFO | log_training_config:144 |    Optimizer: AdamW
2025-09-20 03:45:59 |     INFO | log_training_config:145 |    Learning rate: 0.0015
2025-09-20 03:45:59 |     INFO | log_training_config:146 |    Loss function: CrossEntropyLoss
2025-09-20 03:45:59 |     INFO | log_training_config:149 |    Scheduler: ReduceLROnPlateau
2025-09-20 03:45:59 |     INFO | trainer:255 | 🎯 Training Configuration:
2025-09-20 03:45:59 |     INFO | trainer:256 |    Epochs: 20
2025-09-20 03:45:59 |     INFO | trainer:257 |    Evaluate every: 20 epochs
2025-09-20 03:45:59 |     INFO | trainer:258 | ================================================================================
2025-09-20 03:45:59 |     INFO | trainer:260 | 🚀 Starting Training Process...
2025-09-20 03:45:59 |     INFO | trainer:261 | ⚙️  Device: mps
2025-09-20 03:45:59 |     INFO | trainer:262 | ================================================================================
2025-09-20 03:45:59 |     INFO | trainer:270 | 🔄 Starting Epoch 1/20
2025-09-20 03:45:59 |     INFO | trainer:271 | --------------------------------------------------
2025-09-20 03:46:52 |     INFO | train:96 | 📈 Epoch 1 Training Results:
2025-09-20 03:46:52 |     INFO | train:97 |    Loss: 0.3164
2025-09-20 03:46:52 |     INFO | train:98 |    Accuracy: 91.99% (60000 samples)
2025-09-20 03:46:52 |     INFO | train:99 |    Precision: 92.03%
2025-09-20 03:46:52 |     INFO | train:100 |    Recall: 91.90%
2025-09-20 03:46:52 |     INFO | train:101 |    F1-Score: 91.92%
2025-09-20 03:46:52 |     INFO | train:102 |    LR: 0.001500
2025-09-20 03:46:58 |     INFO | test:153 | 📊 Epoch 1 Test Results:
2025-09-20 03:46:58 |     INFO | test:154 |    Loss: 0.0780
2025-09-20 03:46:58 |     INFO | test:155 |    Accuracy: 97.84% (10000 samples)
2025-09-20 03:46:58 |     INFO | test:156 |    Precision: 97.89%
2025-09-20 03:46:58 |     INFO | test:157 |    Recall: 97.79%
2025-09-20 03:46:58 |     INFO | test:158 |    F1-Score: 97.83%
2025-09-20 03:46:58 |     INFO | trainer:300 | 🏆 New best model saved! Accuracy: 97.84%
2025-09-20 03:46:58 |     INFO | trainer:306 | 📈 Epoch 1 Summary:
2025-09-20 03:46:58 |     INFO | trainer:307 |    Duration: 59.10s
2025-09-20 03:46:58 |     INFO | trainer:308 |    Train - Loss: 0.3164, Accuracy: 91.99%
2025-09-20 03:46:58 |     INFO | trainer:309 |    Test  - Loss: 0.0780, Accuracy: 97.84%
2025-09-20 03:46:58 |     INFO | trainer:310 |    🏆 Best Test Accuracy: 97.84% (Epoch 1)
2025-09-20 03:46:58 |     INFO | trainer:270 | 🔄 Starting Epoch 2/20
2025-09-20 03:46:58 |     INFO | trainer:271 | --------------------------------------------------
2025-09-20 03:47:50 |     INFO | train:96 | 📈 Epoch 2 Training Results:
2025-09-20 03:47:50 |     INFO | train:97 |    Loss: 0.0934
2025-09-20 03:47:50 |     INFO | train:98 |    Accuracy: 97.32% (60000 samples)
2025-09-20 03:47:50 |     INFO | train:99 |    Precision: 97.31%
2025-09-20 03:47:50 |     INFO | train:100 |    Recall: 97.30%
2025-09-20 03:47:50 |     INFO | train:101 |    F1-Score: 97.30%
2025-09-20 03:47:50 |     INFO | train:102 |    LR: 0.001500
2025-09-20 03:47:56 |     INFO | test:153 | 📊 Epoch 2 Test Results:
2025-09-20 03:47:56 |     INFO | test:154 |    Loss: 0.0551
2025-09-20 03:47:56 |     INFO | test:155 |    Accuracy: 98.27% (10000 samples)
2025-09-20 03:47:56 |     INFO | test:156 |    Precision: 98.30%
2025-09-20 03:47:56 |     INFO | test:157 |    Recall: 98.23%
2025-09-20 03:47:56 |     INFO | test:158 |    F1-Score: 98.25%
2025-09-20 03:47:56 |     INFO | trainer:300 | 🏆 New best model saved! Accuracy: 98.27%
2025-09-20 03:47:56 |     INFO | trainer:306 | 📈 Epoch 2 Summary:
2025-09-20 03:47:56 |     INFO | trainer:307 |    Duration: 58.44s
2025-09-20 03:47:56 |     INFO | trainer:308 |    Train - Loss: 0.0934, Accuracy: 97.32%
2025-09-20 03:47:56 |     INFO | trainer:309 |    Test  - Loss: 0.0551, Accuracy: 98.27%
2025-09-20 03:47:56 |     INFO | trainer:310 |    🏆 Best Test Accuracy: 98.27% (Epoch 2)
2025-09-20 03:47:56 |     INFO | trainer:270 | 🔄 Starting Epoch 3/20
2025-09-20 03:47:56 |     INFO | trainer:271 | --------------------------------------------------
2025-09-20 03:48:49 |     INFO | train:96 | 📈 Epoch 3 Training Results:
2025-09-20 03:48:49 |     INFO | train:97 |    Loss: 0.0735
2025-09-20 03:48:49 |     INFO | train:98 |    Accuracy: 97.74% (60000 samples)
2025-09-20 03:48:49 |     INFO | train:99 |    Precision: 97.72%
2025-09-20 03:48:49 |     INFO | train:100 |    Recall: 97.72%
2025-09-20 03:48:49 |     INFO | train:101 |    F1-Score: 97.72%
2025-09-20 03:48:49 |     INFO | train:102 |    LR: 0.001500
2025-09-20 03:48:55 |     INFO | test:153 | 📊 Epoch 3 Test Results:
2025-09-20 03:48:55 |     INFO | test:154 |    Loss: 0.0399
2025-09-20 03:48:55 |     INFO | test:155 |    Accuracy: 98.71% (10000 samples)
2025-09-20 03:48:55 |     INFO | test:156 |    Precision: 98.72%
2025-09-20 03:48:55 |     INFO | test:157 |    Recall: 98.68%
2025-09-20 03:48:55 |     INFO | test:158 |    F1-Score: 98.70%
2025-09-20 03:48:55 |     INFO | trainer:300 | 🏆 New best model saved! Accuracy: 98.71%
2025-09-20 03:48:55 |     INFO | trainer:306 | 📈 Epoch 3 Summary:
2025-09-20 03:48:55 |     INFO | trainer:307 |    Duration: 58.34s
2025-09-20 03:48:55 |     INFO | trainer:308 |    Train - Loss: 0.0735, Accuracy: 97.74%
2025-09-20 03:48:55 |     INFO | trainer:309 |    Test  - Loss: 0.0399, Accuracy: 98.71%
2025-09-20 03:48:55 |     INFO | trainer:310 |    🏆 Best Test Accuracy: 98.71% (Epoch 3)
2025-09-20 03:48:55 |     INFO | trainer:270 | 🔄 Starting Epoch 4/20
2025-09-20 03:48:55 |     INFO | trainer:271 | --------------------------------------------------
2025-09-20 03:49:47 |     INFO | train:96 | 📈 Epoch 4 Training Results:
2025-09-20 03:49:47 |     INFO | train:97 |    Loss: 0.0648
2025-09-20 03:49:47 |     INFO | train:98 |    Accuracy: 98.05% (60000 samples)
2025-09-20 03:49:47 |     INFO | train:99 |    Precision: 98.04%
2025-09-20 03:49:47 |     INFO | train:100 |    Recall: 98.04%
2025-09-20 03:49:47 |     INFO | train:101 |    F1-Score: 98.04%
2025-09-20 03:49:47 |     INFO | train:102 |    LR: 0.001500
2025-09-20 03:49:53 |     INFO | test:153 | 📊 Epoch 4 Test Results:
2025-09-20 03:49:53 |     INFO | test:154 |    Loss: 0.0332
2025-09-20 03:49:53 |     INFO | test:155 |    Accuracy: 98.95% (10000 samples)
2025-09-20 03:49:53 |     INFO | test:156 |    Precision: 98.97%
2025-09-20 03:49:53 |     INFO | test:157 |    Recall: 98.93%
2025-09-20 03:49:53 |     INFO | test:158 |    F1-Score: 98.94%
2025-09-20 03:49:53 |     INFO | trainer:300 | 🏆 New best model saved! Accuracy: 98.95%
2025-09-20 03:49:53 |     INFO | trainer:306 | 📈 Epoch 4 Summary:
2025-09-20 03:49:53 |     INFO | trainer:307 |    Duration: 58.30s
2025-09-20 03:49:53 |     INFO | trainer:308 |    Train - Loss: 0.0648, Accuracy: 98.05%
2025-09-20 03:49:53 |     INFO | trainer:309 |    Test  - Loss: 0.0332, Accuracy: 98.95%
2025-09-20 03:49:53 |     INFO | trainer:310 |    🏆 Best Test Accuracy: 98.95% (Epoch 4)
2025-09-20 03:49:53 |     INFO | trainer:270 | 🔄 Starting Epoch 5/20
2025-09-20 03:49:53 |     INFO | trainer:271 | --------------------------------------------------
2025-09-20 03:50:45 |     INFO | train:96 | 📈 Epoch 5 Training Results:
2025-09-20 03:50:45 |     INFO | train:97 |    Loss: 0.0588
2025-09-20 03:50:45 |     INFO | train:98 |    Accuracy: 98.20% (60000 samples)
2025-09-20 03:50:45 |     INFO | train:99 |    Precision: 98.19%
2025-09-20 03:50:45 |     INFO | train:100 |    Recall: 98.19%
2025-09-20 03:50:45 |     INFO | train:101 |    F1-Score: 98.19%
2025-09-20 03:50:45 |     INFO | train:102 |    LR: 0.001500
2025-09-20 03:50:51 |     INFO | test:153 | 📊 Epoch 5 Test Results:
2025-09-20 03:50:51 |     INFO | test:154 |    Loss: 0.0310
2025-09-20 03:50:51 |     INFO | test:155 |    Accuracy: 99.04% (10000 samples)
2025-09-20 03:50:51 |     INFO | test:156 |    Precision: 99.04%
2025-09-20 03:50:51 |     INFO | test:157 |    Recall: 99.03%
2025-09-20 03:50:51 |     INFO | test:158 |    F1-Score: 99.03%
2025-09-20 03:50:51 |     INFO | trainer:300 | 🏆 New best model saved! Accuracy: 99.04%
2025-09-20 03:50:51 |     INFO | trainer:306 | 📈 Epoch 5 Summary:
2025-09-20 03:50:51 |     INFO | trainer:307 |    Duration: 58.20s
2025-09-20 03:50:51 |     INFO | trainer:308 |    Train - Loss: 0.0588, Accuracy: 98.20%
2025-09-20 03:50:51 |     INFO | trainer:309 |    Test  - Loss: 0.0310, Accuracy: 99.04%
2025-09-20 03:50:51 |     INFO | trainer:310 |    🏆 Best Test Accuracy: 99.04% (Epoch 5)
2025-09-20 03:50:51 |     INFO | trainer:270 | 🔄 Starting Epoch 6/20
2025-09-20 03:50:51 |     INFO | trainer:271 | --------------------------------------------------
2025-09-20 03:51:44 |     INFO | train:96 | 📈 Epoch 6 Training Results:
2025-09-20 03:51:44 |     INFO | train:97 |    Loss: 0.0550
2025-09-20 03:51:44 |     INFO | train:98 |    Accuracy: 98.28% (60000 samples)
2025-09-20 03:51:44 |     INFO | train:99 |    Precision: 98.27%
2025-09-20 03:51:44 |     INFO | train:100 |    Recall: 98.27%
2025-09-20 03:51:44 |     INFO | train:101 |    F1-Score: 98.27%
2025-09-20 03:51:44 |     INFO | train:102 |    LR: 0.001500
2025-09-20 03:51:50 |     INFO | test:153 | 📊 Epoch 6 Test Results:
2025-09-20 03:51:50 |     INFO | test:154 |    Loss: 0.0318
2025-09-20 03:51:50 |     INFO | test:155 |    Accuracy: 99.01% (10000 samples)
2025-09-20 03:51:50 |     INFO | test:156 |    Precision: 99.02%
2025-09-20 03:51:50 |     INFO | test:157 |    Recall: 98.99%
2025-09-20 03:51:50 |     INFO | test:158 |    F1-Score: 99.01%
2025-09-20 03:51:50 |     INFO | trainer:306 | 📈 Epoch 6 Summary:
2025-09-20 03:51:50 |     INFO | trainer:307 |    Duration: 58.61s
2025-09-20 03:51:50 |     INFO | trainer:308 |    Train - Loss: 0.0550, Accuracy: 98.28%
2025-09-20 03:51:50 |     INFO | trainer:309 |    Test  - Loss: 0.0318, Accuracy: 99.01%
2025-09-20 03:51:50 |     INFO | trainer:310 |    🏆 Best Test Accuracy: 99.04% (Epoch 5)
2025-09-20 03:51:50 |     INFO | trainer:270 | 🔄 Starting Epoch 7/20
2025-09-20 03:51:50 |     INFO | trainer:271 | --------------------------------------------------
2025-09-20 03:52:42 |     INFO | train:96 | 📈 Epoch 7 Training Results:
2025-09-20 03:52:42 |     INFO | train:97 |    Loss: 0.0506
2025-09-20 03:52:42 |     INFO | train:98 |    Accuracy: 98.44% (60000 samples)
2025-09-20 03:52:42 |     INFO | train:99 |    Precision: 98.43%
2025-09-20 03:52:42 |     INFO | train:100 |    Recall: 98.43%
2025-09-20 03:52:42 |     INFO | train:101 |    F1-Score: 98.43%
2025-09-20 03:52:42 |     INFO | train:102 |    LR: 0.001500
2025-09-20 03:52:48 |     INFO | test:153 | 📊 Epoch 7 Test Results:
2025-09-20 03:52:48 |     INFO | test:154 |    Loss: 0.0317
2025-09-20 03:52:48 |     INFO | test:155 |    Accuracy: 99.05% (10000 samples)
2025-09-20 03:52:48 |     INFO | test:156 |    Precision: 99.07%
2025-09-20 03:52:48 |     INFO | test:157 |    Recall: 99.03%
2025-09-20 03:52:48 |     INFO | test:158 |    F1-Score: 99.05%
2025-09-20 03:52:48 |     INFO | trainer:300 | 🏆 New best model saved! Accuracy: 99.05%
2025-09-20 03:52:48 |     INFO | trainer:306 | 📈 Epoch 7 Summary:
2025-09-20 03:52:48 |     INFO | trainer:307 |    Duration: 58.27s
2025-09-20 03:52:48 |     INFO | trainer:308 |    Train - Loss: 0.0506, Accuracy: 98.44%
2025-09-20 03:52:48 |     INFO | trainer:309 |    Test  - Loss: 0.0317, Accuracy: 99.05%
2025-09-20 03:52:48 |     INFO | trainer:310 |    🏆 Best Test Accuracy: 99.05% (Epoch 7)
2025-09-20 03:52:48 |     INFO | trainer:270 | 🔄 Starting Epoch 8/20
2025-09-20 03:52:48 |     INFO | trainer:271 | --------------------------------------------------
2025-09-20 03:53:41 |     INFO | train:96 | 📈 Epoch 8 Training Results:
2025-09-20 03:53:41 |     INFO | train:97 |    Loss: 0.0477
2025-09-20 03:53:41 |     INFO | train:98 |    Accuracy: 98.51% (60000 samples)
2025-09-20 03:53:41 |     INFO | train:99 |    Precision: 98.50%
2025-09-20 03:53:41 |     INFO | train:100 |    Recall: 98.49%
2025-09-20 03:53:41 |     INFO | train:101 |    F1-Score: 98.49%
2025-09-20 03:53:41 |     INFO | train:102 |    LR: 0.001500
2025-09-20 03:53:47 |     INFO | test:153 | 📊 Epoch 8 Test Results:
2025-09-20 03:53:47 |     INFO | test:154 |    Loss: 0.0271
2025-09-20 03:53:47 |     INFO | test:155 |    Accuracy: 99.10% (10000 samples)
2025-09-20 03:53:47 |     INFO | test:156 |    Precision: 99.10%
2025-09-20 03:53:47 |     INFO | test:157 |    Recall: 99.09%
2025-09-20 03:53:47 |     INFO | test:158 |    F1-Score: 99.10%
2025-09-20 03:53:47 |     INFO | trainer:300 | 🏆 New best model saved! Accuracy: 99.10%
2025-09-20 03:53:47 |     INFO | trainer:306 | 📈 Epoch 8 Summary:
2025-09-20 03:53:47 |     INFO | trainer:307 |    Duration: 58.61s
2025-09-20 03:53:47 |     INFO | trainer:308 |    Train - Loss: 0.0477, Accuracy: 98.51%
2025-09-20 03:53:47 |     INFO | trainer:309 |    Test  - Loss: 0.0271, Accuracy: 99.10%
2025-09-20 03:53:47 |     INFO | trainer:310 |    🏆 Best Test Accuracy: 99.10% (Epoch 8)
2025-09-20 03:53:47 |     INFO | trainer:270 | 🔄 Starting Epoch 9/20
2025-09-20 03:53:47 |     INFO | trainer:271 | --------------------------------------------------
2025-09-20 03:54:39 |     INFO | train:96 | 📈 Epoch 9 Training Results:
2025-09-20 03:54:39 |     INFO | train:97 |    Loss: 0.0449
2025-09-20 03:54:39 |     INFO | train:98 |    Accuracy: 98.64% (60000 samples)
2025-09-20 03:54:39 |     INFO | train:99 |    Precision: 98.63%
2025-09-20 03:54:39 |     INFO | train:100 |    Recall: 98.63%
2025-09-20 03:54:39 |     INFO | train:101 |    F1-Score: 98.63%
2025-09-20 03:54:39 |     INFO | train:102 |    LR: 0.001500
2025-09-20 03:54:45 |     INFO | test:153 | 📊 Epoch 9 Test Results:
2025-09-20 03:54:45 |     INFO | test:154 |    Loss: 0.0276
2025-09-20 03:54:45 |     INFO | test:155 |    Accuracy: 99.11% (10000 samples)
2025-09-20 03:54:45 |     INFO | test:156 |    Precision: 99.12%
2025-09-20 03:54:45 |     INFO | test:157 |    Recall: 99.10%
2025-09-20 03:54:45 |     INFO | test:158 |    F1-Score: 99.11%
2025-09-20 03:54:45 |     INFO | trainer:300 | 🏆 New best model saved! Accuracy: 99.11%
2025-09-20 03:54:45 |     INFO | trainer:306 | 📈 Epoch 9 Summary:
2025-09-20 03:54:45 |     INFO | trainer:307 |    Duration: 58.78s
2025-09-20 03:54:45 |     INFO | trainer:308 |    Train - Loss: 0.0449, Accuracy: 98.64%
2025-09-20 03:54:45 |     INFO | trainer:309 |    Test  - Loss: 0.0276, Accuracy: 99.11%
2025-09-20 03:54:45 |     INFO | trainer:310 |    🏆 Best Test Accuracy: 99.11% (Epoch 9)
2025-09-20 03:54:45 |     INFO | trainer:270 | 🔄 Starting Epoch 10/20
2025-09-20 03:54:45 |     INFO | trainer:271 | --------------------------------------------------
2025-09-20 03:55:38 |     INFO | train:96 | 📈 Epoch 10 Training Results:
2025-09-20 03:55:38 |     INFO | train:97 |    Loss: 0.0439
2025-09-20 03:55:38 |     INFO | train:98 |    Accuracy: 98.62% (60000 samples)
2025-09-20 03:55:38 |     INFO | train:99 |    Precision: 98.62%
2025-09-20 03:55:38 |     INFO | train:100 |    Recall: 98.61%
2025-09-20 03:55:38 |     INFO | train:101 |    F1-Score: 98.62%
2025-09-20 03:55:38 |     INFO | train:102 |    LR: 0.001500
2025-09-20 03:55:44 |     INFO | test:153 | 📊 Epoch 10 Test Results:
2025-09-20 03:55:44 |     INFO | test:154 |    Loss: 0.0271
2025-09-20 03:55:44 |     INFO | test:155 |    Accuracy: 99.09% (10000 samples)
2025-09-20 03:55:44 |     INFO | test:156 |    Precision: 99.10%
2025-09-20 03:55:44 |     INFO | test:157 |    Recall: 99.07%
2025-09-20 03:55:44 |     INFO | test:158 |    F1-Score: 99.08%
2025-09-20 03:55:44 |     INFO | trainer:291 | 📉 Learning rate updated: 0.001500 → 0.000750
2025-09-20 03:55:44 |     INFO | trainer:306 | 📈 Epoch 10 Summary:
2025-09-20 03:55:44 |     INFO | trainer:307 |    Duration: 59.09s
2025-09-20 03:55:44 |     INFO | trainer:308 |    Train - Loss: 0.0439, Accuracy: 98.62%
2025-09-20 03:55:44 |     INFO | trainer:309 |    Test  - Loss: 0.0271, Accuracy: 99.09%
2025-09-20 03:55:44 |     INFO | trainer:310 |    🏆 Best Test Accuracy: 99.11% (Epoch 9)
2025-09-20 03:55:44 |     INFO | trainer:270 | 🔄 Starting Epoch 11/20
2025-09-20 03:55:44 |     INFO | trainer:271 | --------------------------------------------------
2025-09-20 03:56:37 |     INFO | train:96 | 📈 Epoch 11 Training Results:
2025-09-20 03:56:37 |     INFO | train:97 |    Loss: 0.0355
2025-09-20 03:56:37 |     INFO | train:98 |    Accuracy: 98.93% (60000 samples)
2025-09-20 03:56:37 |     INFO | train:99 |    Precision: 98.92%
2025-09-20 03:56:37 |     INFO | train:100 |    Recall: 98.91%
2025-09-20 03:56:37 |     INFO | train:101 |    F1-Score: 98.92%
2025-09-20 03:56:37 |     INFO | train:102 |    LR: 0.000750
2025-09-20 03:56:43 |     INFO | test:153 | 📊 Epoch 11 Test Results:
2025-09-20 03:56:43 |     INFO | test:154 |    Loss: 0.0219
2025-09-20 03:56:43 |     INFO | test:155 |    Accuracy: 99.27% (10000 samples)
2025-09-20 03:56:43 |     INFO | test:156 |    Precision: 99.26%
2025-09-20 03:56:43 |     INFO | test:157 |    Recall: 99.26%
2025-09-20 03:56:43 |     INFO | test:158 |    F1-Score: 99.26%
2025-09-20 03:56:43 |     INFO | trainer:300 | 🏆 New best model saved! Accuracy: 99.27%
2025-09-20 03:56:43 |     INFO | trainer:306 | 📈 Epoch 11 Summary:
2025-09-20 03:56:43 |     INFO | trainer:307 |    Duration: 58.30s
2025-09-20 03:56:43 |     INFO | trainer:308 |    Train - Loss: 0.0355, Accuracy: 98.93%
2025-09-20 03:56:43 |     INFO | trainer:309 |    Test  - Loss: 0.0219, Accuracy: 99.27%
2025-09-20 03:56:43 |     INFO | trainer:310 |    🏆 Best Test Accuracy: 99.27% (Epoch 11)
2025-09-20 03:56:43 |     INFO | trainer:270 | 🔄 Starting Epoch 12/20
2025-09-20 03:56:43 |     INFO | trainer:271 | --------------------------------------------------
2025-09-20 03:57:36 |     INFO | train:96 | 📈 Epoch 12 Training Results:
2025-09-20 03:57:36 |     INFO | train:97 |    Loss: 0.0341
2025-09-20 03:57:36 |     INFO | train:98 |    Accuracy: 98.95% (60000 samples)
2025-09-20 03:57:36 |     INFO | train:99 |    Precision: 98.94%
2025-09-20 03:57:36 |     INFO | train:100 |    Recall: 98.94%
2025-09-20 03:57:36 |     INFO | train:101 |    F1-Score: 98.94%
2025-09-20 03:57:36 |     INFO | train:102 |    LR: 0.000750
2025-09-20 03:57:42 |     INFO | test:153 | 📊 Epoch 12 Test Results:
2025-09-20 03:57:42 |     INFO | test:154 |    Loss: 0.0270
2025-09-20 03:57:42 |     INFO | test:155 |    Accuracy: 99.09% (10000 samples)
2025-09-20 03:57:42 |     INFO | test:156 |    Precision: 99.10%
2025-09-20 03:57:42 |     INFO | test:157 |    Recall: 99.07%
2025-09-20 03:57:42 |     INFO | test:158 |    F1-Score: 99.08%
2025-09-20 03:57:42 |     INFO | trainer:306 | 📈 Epoch 12 Summary:
2025-09-20 03:57:42 |     INFO | trainer:307 |    Duration: 58.90s
2025-09-20 03:57:42 |     INFO | trainer:308 |    Train - Loss: 0.0341, Accuracy: 98.95%
2025-09-20 03:57:42 |     INFO | trainer:309 |    Test  - Loss: 0.0270, Accuracy: 99.09%
2025-09-20 03:57:42 |     INFO | trainer:310 |    🏆 Best Test Accuracy: 99.27% (Epoch 11)
2025-09-20 03:57:42 |     INFO | trainer:270 | 🔄 Starting Epoch 13/20
2025-09-20 03:57:42 |     INFO | trainer:271 | --------------------------------------------------
2025-09-20 03:58:34 |     INFO | train:96 | 📈 Epoch 13 Training Results:
2025-09-20 03:58:34 |     INFO | train:97 |    Loss: 0.0341
2025-09-20 03:58:34 |     INFO | train:98 |    Accuracy: 98.93% (60000 samples)
2025-09-20 03:58:34 |     INFO | train:99 |    Precision: 98.92%
2025-09-20 03:58:34 |     INFO | train:100 |    Recall: 98.92%
2025-09-20 03:58:34 |     INFO | train:101 |    F1-Score: 98.92%
2025-09-20 03:58:34 |     INFO | train:102 |    LR: 0.000750
2025-09-20 03:58:40 |     INFO | test:153 | 📊 Epoch 13 Test Results:
2025-09-20 03:58:40 |     INFO | test:154 |    Loss: 0.0221
2025-09-20 03:58:40 |     INFO | test:155 |    Accuracy: 99.32% (10000 samples)
2025-09-20 03:58:40 |     INFO | test:156 |    Precision: 99.33%
2025-09-20 03:58:40 |     INFO | test:157 |    Recall: 99.31%
2025-09-20 03:58:40 |     INFO | test:158 |    F1-Score: 99.32%
2025-09-20 03:58:40 |     INFO | trainer:300 | 🏆 New best model saved! Accuracy: 99.32%
2025-09-20 03:58:40 |     INFO | trainer:306 | 📈 Epoch 13 Summary:
2025-09-20 03:58:40 |     INFO | trainer:307 |    Duration: 58.11s
2025-09-20 03:58:40 |     INFO | trainer:308 |    Train - Loss: 0.0341, Accuracy: 98.93%
2025-09-20 03:58:40 |     INFO | trainer:309 |    Test  - Loss: 0.0221, Accuracy: 99.32%
2025-09-20 03:58:40 |     INFO | trainer:310 |    🏆 Best Test Accuracy: 99.32% (Epoch 13)
2025-09-20 03:58:40 |     INFO | trainer:270 | 🔄 Starting Epoch 14/20
2025-09-20 03:58:40 |     INFO | trainer:271 | --------------------------------------------------
2025-09-20 03:59:33 |     INFO | train:96 | 📈 Epoch 14 Training Results:
2025-09-20 03:59:33 |     INFO | train:97 |    Loss: 0.0316
2025-09-20 03:59:33 |     INFO | train:98 |    Accuracy: 99.03% (60000 samples)
2025-09-20 03:59:33 |     INFO | train:99 |    Precision: 99.03%
2025-09-20 03:59:33 |     INFO | train:100 |    Recall: 99.02%
2025-09-20 03:59:33 |     INFO | train:101 |    F1-Score: 99.02%
2025-09-20 03:59:33 |     INFO | train:102 |    LR: 0.000750
2025-09-20 03:59:39 |     INFO | test:153 | 📊 Epoch 14 Test Results:
2025-09-20 03:59:39 |     INFO | test:154 |    Loss: 0.0241
2025-09-20 03:59:39 |     INFO | test:155 |    Accuracy: 99.23% (10000 samples)
2025-09-20 03:59:39 |     INFO | test:156 |    Precision: 99.24%
2025-09-20 03:59:39 |     INFO | test:157 |    Recall: 99.22%
2025-09-20 03:59:39 |     INFO | test:158 |    F1-Score: 99.23%
2025-09-20 03:59:39 |     INFO | trainer:291 | 📉 Learning rate updated: 0.000750 → 0.000375
2025-09-20 03:59:39 |     INFO | trainer:306 | 📈 Epoch 14 Summary:
2025-09-20 03:59:39 |     INFO | trainer:307 |    Duration: 58.88s
2025-09-20 03:59:39 |     INFO | trainer:308 |    Train - Loss: 0.0316, Accuracy: 99.03%
2025-09-20 03:59:39 |     INFO | trainer:309 |    Test  - Loss: 0.0241, Accuracy: 99.23%
2025-09-20 03:59:39 |     INFO | trainer:310 |    🏆 Best Test Accuracy: 99.32% (Epoch 13)
2025-09-20 03:59:39 |     INFO | trainer:270 | 🔄 Starting Epoch 15/20
2025-09-20 03:59:39 |     INFO | trainer:271 | --------------------------------------------------
2025-09-20 04:00:30 |     INFO | train:96 | 📈 Epoch 15 Training Results:
2025-09-20 04:00:30 |     INFO | train:97 |    Loss: 0.0296
2025-09-20 04:00:30 |     INFO | train:98 |    Accuracy: 99.08% (60000 samples)
2025-09-20 04:00:30 |     INFO | train:99 |    Precision: 99.08%
2025-09-20 04:00:30 |     INFO | train:100 |    Recall: 99.07%
2025-09-20 04:00:30 |     INFO | train:101 |    F1-Score: 99.08%
2025-09-20 04:00:30 |     INFO | train:102 |    LR: 0.000375
2025-09-20 04:00:35 |     INFO | test:153 | 📊 Epoch 15 Test Results:
2025-09-20 04:00:35 |     INFO | test:154 |    Loss: 0.0205
2025-09-20 04:00:35 |     INFO | test:155 |    Accuracy: 99.30% (10000 samples)
2025-09-20 04:00:35 |     INFO | test:156 |    Precision: 99.31%
2025-09-20 04:00:35 |     INFO | test:157 |    Recall: 99.29%
2025-09-20 04:00:35 |     INFO | test:158 |    F1-Score: 99.30%
2025-09-20 04:00:35 |     INFO | trainer:306 | 📈 Epoch 15 Summary:
2025-09-20 04:00:35 |     INFO | trainer:307 |    Duration: 56.22s
2025-09-20 04:00:35 |     INFO | trainer:308 |    Train - Loss: 0.0296, Accuracy: 99.08%
2025-09-20 04:00:35 |     INFO | trainer:309 |    Test  - Loss: 0.0205, Accuracy: 99.30%
2025-09-20 04:00:35 |     INFO | trainer:310 |    🏆 Best Test Accuracy: 99.32% (Epoch 13)
2025-09-20 04:00:35 |     INFO | trainer:270 | 🔄 Starting Epoch 16/20
2025-09-20 04:00:35 |     INFO | trainer:271 | --------------------------------------------------
2025-09-20 04:01:22 |     INFO | train:96 | 📈 Epoch 16 Training Results:
2025-09-20 04:01:22 |     INFO | train:97 |    Loss: 0.0288
2025-09-20 04:01:22 |     INFO | train:98 |    Accuracy: 99.13% (60000 samples)
2025-09-20 04:01:22 |     INFO | train:99 |    Precision: 99.13%
2025-09-20 04:01:22 |     INFO | train:100 |    Recall: 99.13%
2025-09-20 04:01:22 |     INFO | train:101 |    F1-Score: 99.13%
2025-09-20 04:01:22 |     INFO | train:102 |    LR: 0.000375
2025-09-20 04:01:27 |     INFO | test:153 | 📊 Epoch 16 Test Results:
2025-09-20 04:01:27 |     INFO | test:154 |    Loss: 0.0197
2025-09-20 04:01:27 |     INFO | test:155 |    Accuracy: 99.40% (10000 samples)
2025-09-20 04:01:27 |     INFO | test:156 |    Precision: 99.40%
2025-09-20 04:01:27 |     INFO | test:157 |    Recall: 99.39%
2025-09-20 04:01:27 |     INFO | test:158 |    F1-Score: 99.40%
2025-09-20 04:01:27 |     INFO | trainer:300 | 🏆 New best model saved! Accuracy: 99.40%
2025-09-20 04:01:27 |     INFO | trainer:306 | 📈 Epoch 16 Summary:
2025-09-20 04:01:27 |     INFO | trainer:307 |    Duration: 51.75s
2025-09-20 04:01:27 |     INFO | trainer:308 |    Train - Loss: 0.0288, Accuracy: 99.13%
2025-09-20 04:01:27 |     INFO | trainer:309 |    Test  - Loss: 0.0197, Accuracy: 99.40%
2025-09-20 04:01:27 |     INFO | trainer:310 |    🏆 Best Test Accuracy: 99.40% (Epoch 16)
2025-09-20 04:01:27 |     INFO | trainer:270 | 🔄 Starting Epoch 17/20
2025-09-20 04:01:27 |     INFO | trainer:271 | --------------------------------------------------
2025-09-20 04:02:19 |     INFO | train:96 | 📈 Epoch 17 Training Results:
2025-09-20 04:02:19 |     INFO | train:97 |    Loss: 0.0274
2025-09-20 04:02:19 |     INFO | train:98 |    Accuracy: 99.12% (60000 samples)
2025-09-20 04:02:19 |     INFO | train:99 |    Precision: 99.12%
2025-09-20 04:02:19 |     INFO | train:100 |    Recall: 99.12%
2025-09-20 04:02:19 |     INFO | train:101 |    F1-Score: 99.12%
2025-09-20 04:02:19 |     INFO | train:102 |    LR: 0.000375
2025-09-20 04:02:25 |     INFO | test:153 | 📊 Epoch 17 Test Results:
2025-09-20 04:02:25 |     INFO | test:154 |    Loss: 0.0216
2025-09-20 04:02:25 |     INFO | test:155 |    Accuracy: 99.32% (10000 samples)
2025-09-20 04:02:25 |     INFO | test:156 |    Precision: 99.33%
2025-09-20 04:02:25 |     INFO | test:157 |    Recall: 99.30%
2025-09-20 04:02:25 |     INFO | test:158 |    F1-Score: 99.31%
2025-09-20 04:02:25 |     INFO | trainer:306 | 📈 Epoch 17 Summary:
2025-09-20 04:02:25 |     INFO | trainer:307 |    Duration: 58.62s
2025-09-20 04:02:25 |     INFO | trainer:308 |    Train - Loss: 0.0274, Accuracy: 99.12%
2025-09-20 04:02:25 |     INFO | trainer:309 |    Test  - Loss: 0.0216, Accuracy: 99.32%
2025-09-20 04:02:25 |     INFO | trainer:310 |    🏆 Best Test Accuracy: 99.40% (Epoch 16)
2025-09-20 04:02:25 |     INFO | trainer:270 | 🔄 Starting Epoch 18/20
2025-09-20 04:02:25 |     INFO | trainer:271 | --------------------------------------------------
2025-09-20 04:03:18 |     INFO | train:96 | 📈 Epoch 18 Training Results:
2025-09-20 04:03:18 |     INFO | train:97 |    Loss: 0.0267
2025-09-20 04:03:18 |     INFO | train:98 |    Accuracy: 99.15% (60000 samples)
2025-09-20 04:03:18 |     INFO | train:99 |    Precision: 99.14%
2025-09-20 04:03:18 |     INFO | train:100 |    Recall: 99.14%
2025-09-20 04:03:18 |     INFO | train:101 |    F1-Score: 99.14%
2025-09-20 04:03:18 |     INFO | train:102 |    LR: 0.000375
2025-09-20 04:03:24 |     INFO | test:153 | 📊 Epoch 18 Test Results:
2025-09-20 04:03:24 |     INFO | test:154 |    Loss: 0.0195
2025-09-20 04:03:24 |     INFO | test:155 |    Accuracy: 99.35% (10000 samples)
2025-09-20 04:03:24 |     INFO | test:156 |    Precision: 99.35%
2025-09-20 04:03:24 |     INFO | test:157 |    Recall: 99.34%
2025-09-20 04:03:24 |     INFO | test:158 |    F1-Score: 99.34%
2025-09-20 04:03:24 |     INFO | trainer:306 | 📈 Epoch 18 Summary:
2025-09-20 04:03:24 |     INFO | trainer:307 |    Duration: 58.38s
2025-09-20 04:03:24 |     INFO | trainer:308 |    Train - Loss: 0.0267, Accuracy: 99.15%
2025-09-20 04:03:24 |     INFO | trainer:309 |    Test  - Loss: 0.0195, Accuracy: 99.35%
2025-09-20 04:03:24 |     INFO | trainer:310 |    🏆 Best Test Accuracy: 99.40% (Epoch 16)
2025-09-20 04:03:24 |     INFO | trainer:270 | 🔄 Starting Epoch 19/20
2025-09-20 04:03:24 |     INFO | trainer:271 | --------------------------------------------------
2025-09-20 04:04:16 |     INFO | train:96 | 📈 Epoch 19 Training Results:
2025-09-20 04:04:16 |     INFO | train:97 |    Loss: 0.0263
2025-09-20 04:04:16 |     INFO | train:98 |    Accuracy: 99.11% (60000 samples)
2025-09-20 04:04:16 |     INFO | train:99 |    Precision: 99.10%
2025-09-20 04:04:16 |     INFO | train:100 |    Recall: 99.10%
2025-09-20 04:04:16 |     INFO | train:101 |    F1-Score: 99.10%
2025-09-20 04:04:16 |     INFO | train:102 |    LR: 0.000375
2025-09-20 04:04:22 |     INFO | test:153 | 📊 Epoch 19 Test Results:
2025-09-20 04:04:22 |     INFO | test:154 |    Loss: 0.0209
2025-09-20 04:04:22 |     INFO | test:155 |    Accuracy: 99.32% (10000 samples)
2025-09-20 04:04:22 |     INFO | test:156 |    Precision: 99.32%
2025-09-20 04:04:22 |     INFO | test:157 |    Recall: 99.31%
2025-09-20 04:04:22 |     INFO | test:158 |    F1-Score: 99.31%
2025-09-20 04:04:22 |     INFO | trainer:291 | 📉 Learning rate updated: 0.000375 → 0.000188
2025-09-20 04:04:22 |     INFO | trainer:306 | 📈 Epoch 19 Summary:
2025-09-20 04:04:22 |     INFO | trainer:307 |    Duration: 58.56s
2025-09-20 04:04:22 |     INFO | trainer:308 |    Train - Loss: 0.0263, Accuracy: 99.11%
2025-09-20 04:04:22 |     INFO | trainer:309 |    Test  - Loss: 0.0209, Accuracy: 99.32%
2025-09-20 04:04:22 |     INFO | trainer:310 |    🏆 Best Test Accuracy: 99.40% (Epoch 16)
2025-09-20 04:04:22 |     INFO | trainer:270 | 🔄 Starting Epoch 20/20
2025-09-20 04:04:22 |     INFO | trainer:271 | --------------------------------------------------
2025-09-20 04:05:15 |     INFO | train:96 | 📈 Epoch 20 Training Results:
2025-09-20 04:05:15 |     INFO | train:97 |    Loss: 0.0257
2025-09-20 04:05:15 |     INFO | train:98 |    Accuracy: 99.19% (60000 samples)
2025-09-20 04:05:15 |     INFO | train:99 |    Precision: 99.19%
2025-09-20 04:05:15 |     INFO | train:100 |    Recall: 99.18%
2025-09-20 04:05:15 |     INFO | train:101 |    F1-Score: 99.19%
2025-09-20 04:05:15 |     INFO | train:102 |    LR: 0.000188
2025-09-20 04:05:21 |     INFO | test:153 | 📊 Epoch 20 Test Results:
2025-09-20 04:05:21 |     INFO | test:154 |    Loss: 0.0195
2025-09-20 04:05:21 |     INFO | test:155 |    Accuracy: 99.36% (10000 samples)
2025-09-20 04:05:21 |     INFO | test:156 |    Precision: 99.37%
2025-09-20 04:05:21 |     INFO | test:157 |    Recall: 99.35%
2025-09-20 04:05:21 |     INFO | test:158 |    F1-Score: 99.36%
2025-09-20 04:05:21 |     INFO | trainer:306 | 📈 Epoch 20 Summary:
2025-09-20 04:05:21 |     INFO | trainer:307 |    Duration: 58.51s
2025-09-20 04:05:21 |     INFO | trainer:308 |    Train - Loss: 0.0257, Accuracy: 99.19%
2025-09-20 04:05:21 |     INFO | trainer:309 |    Test  - Loss: 0.0195, Accuracy: 99.36%
2025-09-20 04:05:21 |     INFO | trainer:310 |    🏆 Best Test Accuracy: 99.40% (Epoch 16)
2025-09-20 04:05:21 |     INFO | evaluate_model:225 | 🔍 Epoch 20 Evaluation:
2025-09-20 04:05:21 |     INFO | evaluate_model:226 |    Sample accuracy: 5/5 (100.0%)
2025-09-20 04:05:21 |     INFO | evaluate_model:227 |    Predictions saved to: logs/mnist_fully_cnn_smaller_8k_params/predictions_epoch_20.png
2025-09-20 04:05:21 |     INFO | trainer:320 | ================================================================================
2025-09-20 04:05:21 |     INFO | trainer:321 | ✅ Training Complete!
2025-09-20 04:05:21 |     INFO | trainer:322 | 🏆 Best Test Accuracy: 99.40% achieved at Epoch 16
2025-09-20 04:05:21 |     INFO | trainer:323 | ⏱️ Total training time: 1162.40s (19.4min)
2025-09-20 04:05:21 |     INFO | trainer:327 | 💾 Final model saved to: models/mnist_fully_cnn.pth
2025-09-20 04:05:21 |     INFO | trainer:330 | 💾 Best model saved to: models/mnist_fully_cnn_best.pth
2025-09-20 04:05:21 |     INFO | trainer:335 | 📊 Training plots saved to: logs/mnist_fully_cnn_smaller_8k_params/training_history.png
2025-09-20 04:05:21 |     INFO | save_metrics_to_json:175 | 💾 Metrics saved to: logs/mnist_fully_cnn_smaller_8k_params/metrics.json
2025-09-20 04:05:21 |     INFO | trainer:355 | 🎯 Experiment completed successfully!
2025-09-20 04:05:21 |     INFO | trainer:356 | 📁 All results saved in: logs/mnist_fully_cnn_smaller_8k_params
